Archive member included to satisfy reference by file (symbol)

c:/program files/microchip/xc32/v4.10/bin/bin/../../lib/gcc/pic32c/8.3.1/arm/v5te/nofp\libgcc.a(_udivsi3.o)
                              build/lcdc_rgba888_mxt_9x60_wvga/debug/_ext/305146849/legato_color_blend.o (__aeabi_uidiv)
c:/program files/microchip/xc32/v4.10/bin/bin/../../lib/gcc/pic32c/8.3.1/arm/v5te/nofp\libgcc.a(_divsi3.o)
                              build/lcdc_rgba888_mxt_9x60_wvga/debug/_ext/305146849/legato_math.o (__aeabi_idiv)
c:/program files/microchip/xc32/v4.10/bin/bin/../../lib/gcc/pic32c/8.3.1/arm/v5te/nofp\libgcc.a(_dvmd_tls.o)
                              c:/program files/microchip/xc32/v4.10/bin/bin/../../lib/gcc/pic32c/8.3.1/arm/v5te/nofp\libgcc.a(_udivsi3.o) (__aeabi_idiv0)
c:/program files/microchip/xc32/v4.10/bin/bin/../../lib/gcc/pic32c/8.3.1/arm/v5te/nofp\libgcc.a(_arm_addsubsf3.o)
                              build/lcdc_rgba888_mxt_9x60_wvga/debug/_ext/305146849/legato_math.o (__aeabi_fsub)
c:/program files/microchip/xc32/v4.10/bin/bin/../../lib/gcc/pic32c/8.3.1/arm/v5te/nofp\libgcc.a(_arm_muldivsf3.o)
                              build/lcdc_rgba888_mxt_9x60_wvga/debug/_ext/1165331637/gfx_driver.o (__aeabi_fmul)
c:/program files/microchip/xc32/v4.10/bin/bin/../../lib/gcc/pic32c/8.3.1/arm/v5te/nofp\libgcc.a(_arm_cmpsf2.o)
                              build/lcdc_rgba888_mxt_9x60_wvga/debug/_ext/305146849/legato_math.o (__aeabi_fcmplt)
c:/program files/microchip/xc32/v4.10/bin/bin/../../lib/gcc/pic32c/8.3.1/arm/v5te/nofp\libgcc.a(_arm_fixsfsi.o)
                              build/lcdc_rgba888_mxt_9x60_wvga/debug/_ext/1165331637/gfx_driver.o (__aeabi_f2iz)
c:/program files/microchip/xc32/v4.10/bin/bin/../../lib/gcc/pic32c/8.3.1/arm/v5te/nofp\libgcc.a(_arm_fixunssfsi.o)
                              build/lcdc_rgba888_mxt_9x60_wvga/debug/_ext/1165331637/gfx_driver.o (__aeabi_f2uiz)
c:/program files/microchip/xc32/v4.10/bin/bin/../../lib/gcc/pic32c/8.3.1/arm/v5te/nofp\libgcc.a(_aeabi_uldivmod.o)
                              build/lcdc_rgba888_mxt_9x60_wvga/debug/_ext/1812361045/sys_time.o (__aeabi_uldivmod)
c:/program files/microchip/xc32/v4.10/bin/bin/../../lib/gcc/pic32c/8.3.1/arm/v5te/nofp\libgcc.a(_udivmoddi4.o)
                              c:/program files/microchip/xc32/v4.10/bin/bin/../../lib/gcc/pic32c/8.3.1/arm/v5te/nofp\libgcc.a(_aeabi_uldivmod.o) (__udivmoddi4)
c:/program files/microchip/xc32/v4.10/bin/bin/../../lib/gcc/pic32c/8.3.1/../../../../pic32c/lib/arm/v5te/nofp\libm-musl.a(atan.o)
                              build/lcdc_rgba888_mxt_9x60_wvga/debug/_ext/305146849/legato_math.o (atan)
c:/program files/microchip/xc32/v4.10/bin/bin/../../lib/gcc/pic32c/8.3.1/../../../../pic32c/lib/arm/v5te/nofp\libm-musl.a(fabs.o)
                              c:/program files/microchip/xc32/v4.10/bin/bin/../../lib/gcc/pic32c/8.3.1/../../../../pic32c/lib/arm/v5te/nofp\libm-musl.a(atan.o) (fabs)
c:/program files/microchip/xc32/v4.10/bin/bin/../../lib/gcc/pic32c/8.3.1/../../../../pic32c/lib/arm/v5te/nofp\libg-musl.a(__libc_start_main.o)
                              build/lcdc_rgba888_mxt_9x60_wvga/debug/_ext/2052985144/cstartup.o (__libc_init_array)
c:/program files/microchip/xc32/v4.10/bin/bin/../../lib/gcc/pic32c/8.3.1/../../../../pic32c/lib/arm/v5te/nofp\libg-musl.a(libc.o)
                              c:/program files/microchip/xc32/v4.10/bin/bin/../../lib/gcc/pic32c/8.3.1/../../../../pic32c/lib/arm/v5te/nofp\libg-musl.a(__libc_start_main.o) (__progname_full)
c:/program files/microchip/xc32/v4.10/bin/bin/../../lib/gcc/pic32c/8.3.1/../../../../pic32c/lib/arm/v5te/nofp\libg-musl.a(__sio_printf_doux.o)
                              (_printf_cdnopuxX)
c:/program files/microchip/xc32/v4.10/bin/bin/../../lib/gcc/pic32c/8.3.1/../../../../pic32c/lib/arm/v5te/nofp\libg-musl.a(__sio_sprintf_doux.o)
                              (_sprintf_cdnopuxX)
c:/program files/microchip/xc32/v4.10/bin/bin/../../lib/gcc/pic32c/8.3.1/../../../../pic32c/lib/arm/v5te/nofp\libg-musl.a(__sio_sscanf_dosux.o)
                              (_sscanf_cdnopsuxX)
c:/program files/microchip/xc32/v4.10/bin/bin/../../lib/gcc/pic32c/8.3.1/../../../../pic32c/lib/arm/v5te/nofp\libg-musl.a(__fmt_d.o)
                              c:/program files/microchip/xc32/v4.10/bin/bin/../../lib/gcc/pic32c/8.3.1/../../../../pic32c/lib/arm/v5te/nofp\libg-musl.a(__sio_printf_doux.o) (__fmt_d_needed)
c:/program files/microchip/xc32/v4.10/bin/bin/../../lib/gcc/pic32c/8.3.1/../../../../pic32c/lib/arm/v5te/nofp\libg-musl.a(__fmt_o.o)
                              c:/program files/microchip/xc32/v4.10/bin/bin/../../lib/gcc/pic32c/8.3.1/../../../../pic32c/lib/arm/v5te/nofp\libg-musl.a(__sio_printf_doux.o) (__fmt_o_needed)
c:/program files/microchip/xc32/v4.10/bin/bin/../../lib/gcc/pic32c/8.3.1/../../../../pic32c/lib/arm/v5te/nofp\libg-musl.a(__fmt_s.o)
[...]
Memory Configuration

Name             Origin             Length             Attributes
sram             0x00300000         0x00010000         xw
ram              0x21000000         0x06f00000         xwl !r
ram_nocache      0x20000000         0x01000000         !xrw
rom              0x00000000         0x00000000         xrl
*default*        0x00000000         0xffffffff

Linker script and memory map

LOAD c:/program files/microchip/xc32/v4.10/bin/bin/../../lib/gcc/pic32c/8.3.1/arm/v5te/nofp/crti.o
LOAD c:/program files/microchip/xc32/v4.10/bin/bin/../../lib/gcc/pic32c/8.3.1/arm/v5te/nofp/crtbegin.o
LOAD build/lcdc_rgba888_mxt_9x60_wvga/debug/_ext/236556520/bsp.o
LOAD build/lcdc_rgba888_mxt_9x60_wvga/debug/_ext/103208383/drv_i2c.o
LOAD build/lcdc_rgba888_mxt_9x60_wvga/debug/_ext/1959449242/drv_maxtouch.o
LOAD build/lcdc_rgba888_mxt_9x60_wvga/debug/_ext/1165331637/gfx_driver.o
LOAD build/lcdc_rgba888_mxt_9x60_wvga/debug/_ext/129784465/drv_gfx_lcdc.o
LOAD build/lcdc_rgba888_mxt_9x60_wvga/debug/_ext/305146849/legato_color_blend.o
LOAD build/lcdc_rgba888_mxt_9x60_wvga/debug/_ext/305146849/legato_color.o
LOAD build/lcdc_rgba888_mxt_9x60_wvga/debug/_ext/305146849/legato_rect.o
LOAD build/lcdc_rgba888_mxt_9x60_wvga/debug/_ext/305146849/legato_math.o
LOAD build/lcdc_rgba888_mxt_9x60_wvga/debug/_ext/305146849/legato_pixelbuffer.o
LOAD build/lcdc_rgba888_mxt_9x60_wvga/debug/_ext/305146849/legato_utils.o
LOAD build/lcdc_rgba888_mxt_9x60_wvga/debug/_ext/305146849/legato_color_lerp.o
LOAD build/lcdc_rgba888_mxt_9x60_wvga/debug/_ext/305146849/legato_color_convert.o
LOAD build/lcdc_rgba888_mxt_9x60_wvga/debug/_ext/305146849/legato_error.o
LOAD build/lcdc_rgba888_mxt_9x60_wvga/debug/_ext/305146849/legato_color_value.o
LOAD build/lcdc_rgba888_mxt_9x60_wvga/debug/_ext/1618192685/legato_event.o
LOAD build/lcdc_rgba888_mxt_9x60_wvga/debug/_ext/1618192685/legato_input.o
LOAD build/lcdc_rgba888_mxt_9x60_wvga/debug/_ext/1618192685/legato_stream.o
LOAD build/lcdc_rgba888_mxt_9x60_wvga/debug/_ext/1618192685/legato_state.o
LOAD build/lcdc_rgba888_mxt_9x60_wvga/debug/_ext/1618192685/legato_scheme.o
LOAD build/lcdc_rgba888_mxt_9x60_wvga/debug/_ext/109670485/legato_array.o
LOAD build/lcdc_rgba888_mxt_9x60_wvga/debug/_ext/109670485/legato_list.o
LOAD build/lcdc_rgba888_mxt_9x60_wvga/debug/_ext/109670485/legato_rectarray.o
LOAD build/lcdc_rgba888_mxt_9x60_wvga/debug/_ext/1618103421/legato_rasterfont_liberationmono1.o
LOAD build/lcdc_rgba888_mxt_9x60_wvga/debug/_ext/1618103421/legato_rasterfont_stream.o
LOAD build/lcdc_rgba888_mxt_9x60_wvga/debug/_ext/1618103421/legato_font.o
LOAD build/lcdc_rgba888_mxt_9x60_wvga/debug/_ext/1618103421/legato_rasterfont_liberationmono8.o
LOAD build/lcdc_rgba888_mxt_9x60_wvga/debug/_ext/644506877/le_gen_fonts.o
LOAD build/lcdc_rgba888_mxt_9x60_wvga/debug/_ext/1497821479/le_gen_images.o
LOAD build/lcdc_rgba888_mxt_9x60_wvga/debug/_ext/534613472/le_gen_screen_Screen0.o
LOAD build/lcdc_rgba888_mxt_9x60_wvga/debug/_ext/534613472/le_gen_screen_Screen1.o
LOAD build/lcdc_rgba888_mxt_9x60_wvga/debug/_ext/706129189/le_gen_harmony.o
LOAD build/lcdc_rgba888_mxt_9x60_wvga/debug/_ext/706129189/le_gen_globalpalette.o
LOAD build/lcdc_rgba888_mxt_9x60_wvga/debug/_ext/706129189/le_gen_init.o
LOAD build/lcdc_rgba888_mxt_9x60_wvga/debug/_ext/706129189/le_gen_stringtable.o
LOAD build/lcdc_rgba888_mxt_9x60_wvga/debug/_ext/706129189/le_gen_scheme.o
LOAD build/lcdc_rgba888_mxt_9x60_wvga/debug/_ext/2086705360/legato_imagedecoder_jpeg.o
LOAD build/lcdc_rgba888_mxt_9x60_wvga/debug/_ext/2086705360/jidctint.o
LOAD build/lcdc_rgba888_mxt_9x60_wvga/debug/_ext/2086705360/legato_imagedecoder_jpeg_common.o
LOAD build/lcdc_rgba888_mxt_9x60_wvga/debug/_ext/2086794059/legato_imagedecoder_mono_read_stream.o
LOAD build/lcdc_rgba888_mxt_9x60_wvga/debug/_ext/2086794059/legato_imagedecoder_mono_read_internal.o
LOAD build/lcdc_rgba888_mxt_9x60_wvga/debug/_ext/2086794059/legato_imagedecoder_mono.o
LOAD build/lcdc_rgba888_mxt_9x60_wvga/debug/_ext/1872343871/legato_imagedecoder_png.o
LOAD build/lcdc_rgba888_mxt_9x60_wvga/debug/_ext/1872343871/lodepng.o
LOAD build/lcdc_rgba888_mxt_9x60_wvga/debug/_ext/1872342336/legato_imagedecoder_raw_rotate.o
LOAD build/lcdc_rgba888_mxt_9x60_wvga/debug/_ext/1872342336/legato_imagedecoder_raw_read_stream_rleindex.o
LOAD build/lcdc_rgba888_mxt_9x60_wvga/debug/_ext/1872342336/legato_imagedecoder_raw_mask.o
LOAD build/lcdc_rgba888_mxt_9x60_wvga/debug/_ext/1872342336/legato_imagedecoder_raw_palette_stream.o
LOAD build/lcdc_rgba888_mxt_9x60_wvga/debug/_ext/1872342336/legato_imagedecoder_raw_write.o
LOAD build/lcdc_rgba888_mxt_9x60_wvga/debug/_ext/1872342336/legato_imagedecoder_raw_read_stream_index.o
LOAD build/lcdc_rgba888_mxt_9x60_wvga/debug/_ext/1872342336/legato_imagedecoder_raw_palette_internal.o
LOAD build/lcdc_rgba888_mxt_9x60_wvga/debug/_ext/1872342336/legato_imagedecoder_raw_read_stream_rlecolor.o
LOAD build/lcdc_rgba888_mxt_9x60_wvga/debug/_ext/1872342336/legato_imagedecoder_raw_blend.o
LOAD build/lcdc_rgba888_mxt_9x60_wvga/debug/_ext/1872342336/legato_imagedecoder_raw_setup.o
LOAD build/lcdc_rgba888_mxt_9x60_wvga/debug/_ext/1872342336/legato_imagedecoder_raw_read_stream_color.o
LOAD build/lcdc_rgba888_mxt_9x60_wvga/debug/_ext/1872342336/legato_imagedecoder_raw_convert.o
LOAD build/lcdc_rgba888_mxt_9x60_wvga/debug/_ext/1872342336/legato_imagedecoder_raw.o
LOAD build/lcdc_rgba888_mxt_9x60_wvga/debug/_ext/1872342336/legato_imagedecoder_raw_read_internal.o
LOAD build/lcdc_rgba888_mxt_9x60_wvga/debug/_ext/1872342336/legato_imagedecoder_raw_scale.o
LOAD build/lcdc_rgba888_mxt_9x60_wvga/debug/_ext/1381099687/legato_image_utils.o
LOAD build/lcdc_rgba888_mxt_9x60_wvga/debug/_ext/1381099687/legato_palette.o
LOAD build/lcdc_rgba888_mxt_9x60_wvga/debug/_ext/1381099687/legato_image.o
LOAD build/lcdc_rgba888_mxt_9x60_wvga/debug/_ext/28088523/legato_variableheap.o
LOAD build/lcdc_rgba888_mxt_9x60_wvga/debug/_ext/28088523/legato_fixedheap.o
LOAD build/lcdc_rgba888_mxt_9x60_wvga/debug/_ext/28088523/legato_memory.o
LOAD build/lcdc_rgba888_mxt_9x60_wvga/debug/_ext/1081070089/legato_gpu.o
LOAD build/lcdc_rgba888_mxt_9x60_wvga/debug/_ext/1081070089/legato_renderer.o
LOAD build/lcdc_rgba888_mxt_9x60_wvga/debug/_ext/1081070089/legato_draw.o
LOAD build/lcdc_rgba888_mxt_9x60_wvga/debug/_ext/1081070089/legato_draw_line.o
LOAD build/lcdc_rgba888_mxt_9x60_wvga/debug/_ext/1081070089/legato_draw_arc.o
LOAD build/lcdc_rgba888_mxt_9x60_wvga/debug/_ext/1081070089/legato_draw_rect.o
LOAD build/lcdc_rgba888_mxt_9x60_wvga/debug/_ext/157682245/legato_dynamicstring.o
LOAD build/lcdc_rgba888_mxt_9x60_wvga/debug/_ext/157682245/legato_stringtable.o
LOAD build/lcdc_rgba888_mxt_9x60_wvga/debug/_ext/157682245/legato_fixedstring.o
LOAD build/lcdc_rgba888_mxt_9x60_wvga/debug/_ext/157682245/legato_string_renderer.o
LOAD build/lcdc_rgba888_mxt_9x60_wvga/debug/_ext/157682245/legato_tablestring.o
LOAD build/lcdc_rgba888_mxt_9x60_wvga/debug/_ext/157682245/legato_stringutils.o
LOAD build/lcdc_rgba888_mxt_9x60_wvga/debug/_ext/157682245/legato_string.o
LOAD build/lcdc_rgba888_mxt_9x60_wvga/debug/_ext/157682245/legato_string_renderer_stream.o
LOAD build/lcdc_rgba888_mxt_9x60_wvga/debug/_ext/1029185477/legato_widget_arc_skin_classic.o
LOAD build/lcdc_rgba888_mxt_9x60_wvga/debug/_ext/1029185477/legato_widget_arc.o
LOAD build/lcdc_rgba888_mxt_9x60_wvga/debug/_ext/1946336466/legato_widget_bar_graph.o
LOAD build/lcdc_rgba888_mxt_9x60_wvga/debug/_ext/1946336466/legato_widget_bar_graph_skin_classic.o
LOAD build/lcdc_rgba888_mxt_9x60_wvga/debug/_ext/1339002025/legato_widget_button.o
LOAD build/lcdc_rgba888_mxt_9x60_wvga/debug/_ext/1339002025/legato_widget_button_skin_classic.o
LOAD build/lcdc_rgba888_mxt_9x60_wvga/debug/_ext/935657338/legato_widget_checkbox.o
LOAD build/lcdc_rgba888_mxt_9x60_wvga/debug/_ext/935657338/legato_widget_checkbox_skin_classic.o
LOAD build/lcdc_rgba888_mxt_9x60_wvga/debug/_ext/1356472903/legato_widget_circle_skin_classic.o
LOAD build/lcdc_rgba888_mxt_9x60_wvga/debug/_ext/1356472903/legato_widget_circle.o
LOAD build/lcdc_rgba888_mxt_9x60_wvga/debug/_ext/2122148963/legato_widget_circular_gauge.o
LOAD build/lcdc_rgba888_mxt_9x60_wvga/debug/_ext/2122148963/legato_widget_circular_gauge_skin_classic.o
LOAD build/lcdc_rgba888_mxt_9x60_wvga/debug/_ext/1715456695/legato_widget_circular_slider.o
LOAD build/lcdc_rgba888_mxt_9x60_wvga/debug/_ext/1715456695/legato_widget_circular_slider_skin_classic.o
LOAD build/lcdc_rgba888_mxt_9x60_wvga/debug/_ext/1444382766/legato_widget_drawsurface_skin_classic.o
LOAD build/lcdc_rgba888_mxt_9x60_wvga/debug/_ext/1444382766/legato_widget_drawsurface.o
LOAD build/lcdc_rgba888_mxt_9x60_wvga/debug/_ext/511583513/legato_widget_gradient.o
LOAD build/lcdc_rgba888_mxt_9x60_wvga/debug/_ext/511583513/legato_widget_gradient_skin_classic.o
LOAD build/lcdc_rgba888_mxt_9x60_wvga/debug/_ext/94869853/legato_widget_groupbox.o
LOAD build/lcdc_rgba888_mxt_9x60_wvga/debug/_ext/94869853/legato_widget_groupbox_skin_classic.o
LOAD build/lcdc_rgba888_mxt_9x60_wvga/debug/_ext/1197524732/legato_widget_image.o
LOAD build/lcdc_rgba888_mxt_9x60_wvga/debug/_ext/1197524732/legato_widget_image_skin_classic.o
LOAD build/lcdc_rgba888_mxt_9x60_wvga/debug/_ext/1694778207/legato_widget_imagerotate.o
LOAD build/lcdc_rgba888_mxt_9x60_wvga/debug/_ext/1694778207/legato_widget_imagerotate_skin_classic.o
LOAD build/lcdc_rgba888_mxt_9x60_wvga/debug/_ext/609407686/legato_widget_imagescale_skin_classic.o
LOAD build/lcdc_rgba888_mxt_9x60_wvga/debug/_ext/609407686/legato_widget_imagescale.o
LOAD build/lcdc_rgba888_mxt_9x60_wvga/debug/_ext/2015859515/legato_widget_imagesequence.o
LOAD build/lcdc_rgba888_mxt_9x60_wvga/debug/_ext/2015859515/legato_widget_imagesequence_skin_classic.o
LOAD build/lcdc_rgba888_mxt_9x60_wvga/debug/_ext/1582032715/legato_widget_keypad.o
LOAD build/lcdc_rgba888_mxt_9x60_wvga/debug/_ext/1582032715/legato_widget_keypad_skin_classic.o
LOAD build/lcdc_rgba888_mxt_9x60_wvga/debug/_ext/1195110755/legato_widget_label.o
LOAD build/lcdc_rgba888_mxt_9x60_wvga/debug/_ext/1195110755/legato_widget_label_skin_classic.o
LOAD build/lcdc_rgba888_mxt_9x60_wvga/debug/_ext/1839659221/legato_widget_line_skin_classic.o
LOAD build/lcdc_rgba888_mxt_9x60_wvga/debug/_ext/1839659221/legato_widget_line.o
LOAD build/lcdc_rgba888_mxt_9x60_wvga/debug/_ext/1047821571/legato_widget_line_graph.o
LOAD build/lcdc_rgba888_mxt_9x60_wvga/debug/_ext/1047821571/legato_widget_line_graph_skin_classic.o
LOAD build/lcdc_rgba888_mxt_9x60_wvga/debug/_ext/1839659051/legato_widget_list_skin_classic.o
LOAD build/lcdc_rgba888_mxt_9x60_wvga/debug/_ext/1839659051/legato_widget_list.o
LOAD build/lcdc_rgba888_mxt_9x60_wvga/debug/_ext/1634291878/legato_widget_listwheel_skin_classic.o
LOAD build/lcdc_rgba888_mxt_9x60_wvga/debug/_ext/1634291878/legato_widget_listwheel.o
LOAD build/lcdc_rgba888_mxt_9x60_wvga/debug/_ext/1290198647/legato_widget_pie_chart_skin_classic.o
LOAD build/lcdc_rgba888_mxt_9x60_wvga/debug/_ext/1290198647/legato_widget_pie_chart.o
LOAD build/lcdc_rgba888_mxt_9x60_wvga/debug/_ext/231973969/legato_widget_progressbar_skin_classic.o
LOAD build/lcdc_rgba888_mxt_9x60_wvga/debug/_ext/231973969/legato_widget_progressbar.o
LOAD build/lcdc_rgba888_mxt_9x60_wvga/debug/_ext/1643194869/legato_widget_radial_menu_skin_classic.o
LOAD build/lcdc_rgba888_mxt_9x60_wvga/debug/_ext/1643194869/legato_widget_radial_menu.o
LOAD build/lcdc_rgba888_mxt_9x60_wvga/debug/_ext/1643194869/legato_widget_radial_menu_state.o
LOAD build/lcdc_rgba888_mxt_9x60_wvga/debug/_ext/1338867754/legato_widget_radiobutton_skin_classic.o
LOAD build/lcdc_rgba888_mxt_9x60_wvga/debug/_ext/1338867754/legato_radiobutton_group.o
LOAD build/lcdc_rgba888_mxt_9x60_wvga/debug/_ext/1338867754/legato_widget_radiobutton.o
LOAD build/lcdc_rgba888_mxt_9x60_wvga/debug/_ext/337100648/legato_widget_rectangle.o
LOAD build/lcdc_rgba888_mxt_9x60_wvga/debug/_ext/337100648/legato_widget_rectangle_skin_classic.o
LOAD build/lcdc_rgba888_mxt_9x60_wvga/debug/_ext/1040606897/legato_widget_scrollbar.o
LOAD build/lcdc_rgba888_mxt_9x60_wvga/debug/_ext/1040606897/legato_widget_scrollbar_skin_classic.o
LOAD build/lcdc_rgba888_mxt_9x60_wvga/debug/_ext/1817042520/legato_widget_slider_skin_classic.o
LOAD build/lcdc_rgba888_mxt_9x60_wvga/debug/_ext/1817042520/legato_widget_slider.o
LOAD build/lcdc_rgba888_mxt_9x60_wvga/debug/_ext/1805132566/legato_widget_textfield.o
LOAD build/lcdc_rgba888_mxt_9x60_wvga/debug/_ext/1805132566/legato_widget_textfield_skin_classic.o
LOAD build/lcdc_rgba888_mxt_9x60_wvga/debug/_ext/1093664902/legato_widget_touchtest_skin_classic.o
LOAD build/lcdc_rgba888_mxt_9x60_wvga/debug/_ext/1093664902/legato_widget_touchtest.o
LOAD build/lcdc_rgba888_mxt_9x60_wvga/debug/_ext/1928937831/legato_widget_window.o
LOAD build/lcdc_rgba888_mxt_9x60_wvga/debug/_ext/1928937831/legato_widget_window_skin_classic.o
LOAD build/lcdc_rgba888_mxt_9x60_wvga/debug/_ext/261620856/legato_editwidget.o
LOAD build/lcdc_rgba888_mxt_9x60_wvga/debug/_ext/261620856/legato_widget_skin_classic.o
LOAD build/lcdc_rgba888_mxt_9x60_wvga/debug/_ext/261620856/legato_widget_skin_classic_common.o
LOAD build/lcdc_rgba888_mxt_9x60_wvga/debug/_ext/261620856/legato_widget.o
LOAD build/lcdc_rgba888_mxt_9x60_wvga/debug/_ext/4986847/plib_aic.o
LOAD build/lcdc_rgba888_mxt_9x60_wvga/debug/_ext/4988870/plib_clk.o
LOAD build/lcdc_rgba888_mxt_9x60_wvga/debug/_ext/813772974/plib_flexcom6_twi_master.o
LOAD build/lcdc_rgba888_mxt_9x60_wvga/debug/_ext/154914322/plib_lcdc.o
LOAD build/lcdc_rgba888_mxt_9x60_wvga/debug/_ext/4998521/plib_mmu.o
LOAD build/lcdc_rgba888_mxt_9x60_wvga/debug/_ext/5001274/plib_pio.o
LOAD build/lcdc_rgba888_mxt_9x60_wvga/debug/_ext/5003525/plib_rtc.o
LOAD build/lcdc_rgba888_mxt_9x60_wvga/debug/_ext/1247087435/plib_tc0.o
LOAD build/lcdc_rgba888_mxt_9x60_wvga/debug/_ext/286729486/xc32_monitor.o
LOAD build/lcdc_rgba888_mxt_9x60_wvga/debug/_ext/1408246553/sys_cache.o
LOAD build/lcdc_rgba888_mxt_9x60_wvga/debug/_ext/1414187873/sys_input_listener.o
LOAD build/lcdc_rgba888_mxt_9x60_wvga/debug/_ext/1414187873/sys_input.o
LOAD build/lcdc_rgba888_mxt_9x60_wvga/debug/_ext/1826491803/sys_int.o
LOAD build/lcdc_rgba888_mxt_9x60_wvga/debug/_ext/1812361045/sys_time.o
LOAD build/lcdc_rgba888_mxt_9x60_wvga/debug/_ext/2052985144/cstartup.o
LOAD build/lcdc_rgba888_mxt_9x60_wvga/debug/_ext/2052985144/fault_handlers.o
LOAD build/lcdc_rgba888_mxt_9x60_wvga/debug/_ext/2052985144/interrupts.o
LOAD build/lcdc_rgba888_mxt_9x60_wvga/debug/_ext/2052985144/tasks.o
LOAD build/lcdc_rgba888_mxt_9x60_wvga/debug/_ext/2052985144/initialization.o
LOAD build/lcdc_rgba888_mxt_9x60_wvga/debug/_ext/1360937237/main.o
LOAD build/lcdc_rgba888_mxt_9x60_wvga/debug/_ext/1360937237/app.o
LOAD build/lcdc_rgba888_mxt_9x60_wvga/debug/_ext/1360937237/app_screen0.o
LOAD build/lcdc_rgba888_mxt_9x60_wvga/debug/_ext/1360937237/app_screen1.o
                0x00000001                __MPLAB_BUILD = 0x1
                0x00001000                C_STACK_SIZE = 0x1000
                0x00000060                IRQ_STACK_SIZE = 0x60
                0x00000060                FIQ_STACK_SIZE = 0x60
                0x00001000                SVC_STACK_SIZE = 0x1000
                0x00000040                ABT_STACK_SIZE = 0x40
                0x00000040                UND_STACK_SIZE = 0x40

.text           0x23f00000   0x1de628
                0x23f00000                . = ALIGN (0x4)
                [!provide]                PROVIDE (_sfixed = .)
 *(.textEntry)
 .textEntry     0x23f00000      0x10c build/lcdc_rgba888_mxt_9x60_wvga/debug/_ext/2052985144/cstartup.o
                0x23f00000                entry
 *(.text .text.* .gnu.linkonce.t.*)
 .text          0x23f0010c       0x70 c:/program files/microchip/xc32/v4.10/bin/bin/../../lib/gcc/pic32c/8.3.1/arm/v5te/nofp/crtbegin.o
 .text.BSP_Initialize
                0x23f0017c       0x20 build/lcdc_rgba888_mxt_9x60_wvga/debug/_ext/236556520/bsp.o
                0x23f0017c                BSP_Initialize
 .text._DRV_I2C_DriverHandleValidate
                0x23f0019c       0x6c build/lcdc_rgba888_mxt_9x60_wvga/debug/_ext/103208383/drv_i2c.o
 .text._DRV_I2C_RemoveTransferObjFromList
                0x23f00208       0x28 build/lcdc_rgba888_mxt_9x60_wvga/debug/_ext/103208383/drv_i2c.o
 .text._DRV_I2C_RemoveClientTransfersFromList
                0x23f00230       0x5c build/lcdc_rgba888_mxt_9x60_wvga/debug/_ext/103208383/drv_i2c.o
 .text._DRV_I2C_ClientCallback
                0x23f0028c       0x80 build/lcdc_rgba888_mxt_9x60_wvga/debug/_ext/103208383/drv_i2c.o
 .text._DRV_I2C_NextTransferInitiate
                0x23f0030c      0x12c build/lcdc_rgba888_mxt_9x60_wvga/debug/_ext/103208383/drv_i2c.o
 .text._DRV_I2C_ResourceLock
                0x23f00438       0xdc build/lcdc_rgba888_mxt_9x60_wvga/debug/_ext/103208383/drv_i2c.o
 .text._DRV_I2C_ResourceUnlock
                0x23f00514       0xbc build/lcdc_rgba888_mxt_9x60_wvga/debug/_ext/103208383/drv_i2c.o
 .text._DRV_I2C_WriteReadTransferAdd
                0x23f005d0      0x360 build/lcdc_rgba888_mxt_9x60_wvga/debug/_ext/103208383/drv_i2c.o
 .text._DRV_I2C_PLibCallbackHandler
                0x23f00930       0x84 build/lcdc_rgba888_mxt_9x60_wvga/debug/_ext/103208383/drv_i2c.o
 .text.DRV_I2C_Initialize
                0x23f009b4       0xbc build/lcdc_rgba888_mxt_9x60_wvga/debug/_ext/103208383/drv_i2c.o
                0x23f009b4                DRV_I2C_Initialize
 .text.DRV_I2C_Open
                0x23f00a70      0x1ac build/lcdc_rgba888_mxt_9x60_wvga/debug/_ext/103208383/drv_i2c.o
                0x23f00a70                DRV_I2C_Open
 .text.DRV_I2C_Close
                0x23f00c1c       0x98 build/lcdc_rgba888_mxt_9x60_wvga/debug/_ext/103208383/drv_i2c.o
                0x23f00c1c                DRV_I2C_Close
 .text.DRV_I2C_TransferEventHandlerSet
                0x23f00cb4       0x50 build/lcdc_rgba888_mxt_9x60_wvga/debug/_ext/103208383/drv_i2c.o
                0x23f00cb4                DRV_I2C_TransferEventHandlerSet
 .text.DRV_I2C_ReadTransferAdd
                0x23f00d04       0x34 build/lcdc_rgba888_mxt_9x60_wvga/debug/_ext/103208383/drv_i2c.o
                0x23f00d04                DRV_I2C_ReadTransferAdd
 .text.DRV_I2C_WriteTransferAdd
                0x23f00d38       0x30 build/lcdc_rgba888_mxt_9x60_wvga/debug/_ext/103208383/drv_i2c.o
                0x23f00d38                DRV_I2C_WriteTransferAdd
 .text.DRV_MAXTOUCH_I2CEventHandler
                0x23f00d68      0x23c build/lcdc_rgba888_mxt_9x60_wvga/debug/_ext/1959449242/drv_maxtouch.o
                0x23f00d68                DRV_MAXTOUCH_I2CEventHandler
 .text._RegWrite16
                0x23f00fa4       0x60 build/lcdc_rgba888_mxt_9x60_wvga/debug/_ext/1959449242/drv_maxtouch.o
 .text.resetTimer_Callback
                0x23f01004       0x70 build/lcdc_rgba888_mxt_9x60_wvga/debug/_ext/1959449242/drv_maxtouch.o
 .text._MessageObjectRead
                0x23f01074       0x94 build/lcdc_rgba888_mxt_9x60_wvga/debug/_ext/1959449242/drv_maxtouch.o
 .text.mxt_proc_t100_message
                0x23f01108       0xd4 build/lcdc_rgba888_mxt_9x60_wvga/debug/_ext/1959449242/drv_maxtouch.o
 .text._mxt_DelayMS
                0x23f011dc       0x38 build/lcdc_rgba888_mxt_9x60_wvga/debug/_ext/1959449242/drv_maxtouch.o
 .text.mxt_calculate_crc
                0x23f01214       0xac build/lcdc_rgba888_mxt_9x60_wvga/debug/_ext/1959449242/drv_maxtouch.o
 .text.MXT_INTERRUPT_PIN_VALUE_GET
                0x23f012c0       0x14 build/lcdc_rgba888_mxt_9x60_wvga/debug/_ext/1959449242/drv_maxtouch.o
                0x23f012c0                MXT_INTERRUPT_PIN_VALUE_GET
 .text.DRV_MAXTOUCH_Initialize
                0x23f012d4       0xd4 build/lcdc_rgba888_mxt_9x60_wvga/debug/_ext/1959449242/drv_maxtouch.o
                0x23f012d4                DRV_MAXTOUCH_Initialize
 .text.DRV_MAXTOUCH_Open
                0x23f013a8      0x12c build/lcdc_rgba888_mxt_9x60_wvga/debug/_ext/1959449242/drv_maxtouch.o
                0x23f013a8                DRV_MAXTOUCH_Open
 .text.DRV_MAXTOUCH_Tasks
                0x23f014d4      0xadc build/lcdc_rgba888_mxt_9x60_wvga/debug/_ext/1959449242/drv_maxtouch.o
                0x23f014d4                DRV_MAXTOUCH_Tasks
 .text.gfxPixelBufferCreate
                0x23f01fb0       0xd8 build/lcdc_rgba888_mxt_9x60_wvga/debug/_ext/1165331637/gfx_driver.o
                0x23f01fb0                gfxPixelBufferCreate
 .text.gfxPixelBufferOffsetGet
                0x23f02088       0x4c build/lcdc_rgba888_mxt_9x60_wvga/debug/_ext/1165331637/gfx_driver.o
                0x23f02088                gfxPixelBufferOffsetGet
 .text.gfxPixelBuffer_IsLocked
                0x23f020d4       0x14 build/lcdc_rgba888_mxt_9x60_wvga/debug/_ext/1165331637/gfx_driver.o
                0x23f020d4                gfxPixelBuffer_IsLocked
 .text._IntHandlerLayerReadComplete
                0x23f020e8       0x34 build/lcdc_rgba888_mxt_9x60_wvga/debug/_ext/129784465/drv_gfx_lcdc.o
                0x23f020e8                _IntHandlerLayerReadComplete
 .text.DRV_LCDC_Update
                0x23f0211c       0x20 build/lcdc_rgba888_mxt_9x60_wvga/debug/_ext/129784465/drv_gfx_lcdc.o
                0x23f0211c                DRV_LCDC_Update
 .text.LCDC_BrightnessSet
                0x23f0213c       0x24 build/lcdc_rgba888_mxt_9x60_wvga/debug/_ext/129784465/drv_gfx_lcdc.o
                0x23f0213c                LCDC_BrightnessSet
 .text.DRV_LCDC_Initialize
                0x23f02160      0x380 build/lcdc_rgba888_mxt_9x60_wvga/debug/_ext/129784465/drv_gfx_lcdc.o
                0x23f02160                DRV_LCDC_Initialize
 .text.DRV_LCDC_BlitBuffer
                0x23f024e0       0xe8 build/lcdc_rgba888_mxt_9x60_wvga/debug/_ext/129784465/drv_gfx_lcdc.o
                0x23f024e0                DRV_LCDC_BlitBuffer
 .text.DRV_LCDC_IOCTL
                0x23f025c8      0x218 build/lcdc_rgba888_mxt_9x60_wvga/debug/_ext/129784465/drv_gfx_lcdc.o
                0x23f025c8                DRV_LCDC_IOCTL
 .text.leColorBlend_RGBA_8888
                0x23f027e0      0x168 build/lcdc_rgba888_mxt_9x60_wvga/debug/_ext/305146849/legato_color_blend.o
                0x23f027e0                leColorBlend_RGBA_8888
 .text.leColorBlend_ARGB_8888
                0x23f02948      0x14c build/lcdc_rgba888_mxt_9x60_wvga/debug/_ext/305146849/legato_color_blend.o
                0x23f02948                leColorBlend_ARGB_8888
 .text.leColorSwap
                0x23f02a94       0xa8 build/lcdc_rgba888_mxt_9x60_wvga/debug/_ext/305146849/legato_color.o
                0x23f02a94                leColorSwap
 .text.leRectContainsPoint
                0x23f02b3c       0x60 build/lcdc_rgba888_mxt_9x60_wvga/debug/_ext/305146849/legato_rect.o
                0x23f02b3c                leRectContainsPoint
 .text.leRectContainsRect
                0x23f02b9c       0x70 build/lcdc_rgba888_mxt_9x60_wvga/debug/_ext/305146849/legato_rect.o
                0x23f02b9c                leRectContainsRect
 .text.leRectIntersects
                0x23f02c0c       0x70 build/lcdc_rgba888_mxt_9x60_wvga/debug/_ext/305146849/legato_rect.o
                0x23f02c0c                leRectIntersects
 .text.leRectCombine
                0x23f02c7c       0x88 build/lcdc_rgba888_mxt_9x60_wvga/debug/_ext/305146849/legato_rect.o
                0x23f02c7c                leRectCombine
 .text.leRectClipAdj
                0x23f02d04      0x180 build/lcdc_rgba888_mxt_9x60_wvga/debug/_ext/305146849/legato_rect.o
                0x23f02d04                leRectClipAdj
 .text.leRectClip
                0x23f02e84       0xa0 build/lcdc_rgba888_mxt_9x60_wvga/debug/_ext/305146849/legato_rect.o
                0x23f02e84                leRectClip
 .text.leRectCompare
                0x23f02f24       0x60 build/lcdc_rgba888_mxt_9x60_wvga/debug/_ext/305146849/legato_rect.o
                0x23f02f24                leRectCompare
 .text.leRectsAreSimilar
                0x23f02f84       0xcc build/lcdc_rgba888_mxt_9x60_wvga/debug/_ext/305146849/legato_rect.o
                0x23f02f84                leRectsAreSimilar
 .text.leQueryArcQuadrants
                0x23f03050      0x124 build/lcdc_rgba888_mxt_9x60_wvga/debug/_ext/305146849/legato_math.o
 .text.leNormalizeAngle
                0x23f03174       0x30 build/lcdc_rgba888_mxt_9x60_wvga/debug/_ext/305146849/legato_math.o
                0x23f03174                leNormalizeAngle
 .text.leSin    0x23f031a4       0x80 build/lcdc_rgba888_mxt_9x60_wvga/debug/_ext/305146849/legato_math.o
                0x23f031a4                leSin
 .text.leCos    0x23f03224       0x78 build/lcdc_rgba888_mxt_9x60_wvga/debug/_ext/305146849/legato_math.o
                0x23f03224                leCos
 .text.lePolarToXY
                0x23f0329c       0x60 build/lcdc_rgba888_mxt_9x60_wvga/debug/_ext/305146849/legato_math.o
                0x23f0329c                lePolarToXY
 .text.leMini   0x23f032fc        0xc build/lcdc_rgba888_mxt_9x60_wvga/debug/_ext/305146849/legato_math.o
                0x23f032fc                leMini
 .text.leMaxi   0x23f03308        0xc build/lcdc_rgba888_mxt_9x60_wvga/debug/_ext/305146849/legato_math.o
                0x23f03308                leMaxi
 .text.leClampi
                0x23f03314       0x18 build/lcdc_rgba888_mxt_9x60_wvga/debug/_ext/305146849/legato_math.o
                0x23f03314                leClampi
 .text.lePercent
                0x23f0332c       0x1c build/lcdc_rgba888_mxt_9x60_wvga/debug/_ext/305146849/legato_math.o
                0x23f0332c                lePercent
 .text.lePercentWholeRounded
                0x23f03348       0x3c build/lcdc_rgba888_mxt_9x60_wvga/debug/_ext/305146849/legato_math.o
                0x23f03348                lePercentWholeRounded
 .text.lePercentOf
                0x23f03384       0x58 build/lcdc_rgba888_mxt_9x60_wvga/debug/_ext/305146849/legato_math.o
                0x23f03384                lePercentOf
 .text.leScaleInteger
                0x23f033dc       0x44 build/lcdc_rgba888_mxt_9x60_wvga/debug/_ext/305146849/legato_math.o
                0x23f033dc                leScaleInteger
 .text.leLerp   0x23f03420       0x58 build/lcdc_rgba888_mxt_9x60_wvga/debug/_ext/305146849/legato_math.o
                0x23f03420                leLerp
 .text.lePointOnLineSide
                0x23f03478       0x60 build/lcdc_rgba888_mxt_9x60_wvga/debug/_ext/305146849/legato_math.o
                0x23f03478                lePointOnLineSide
 .text.leRotatePoint
                0x23f034d8       0xbc build/lcdc_rgba888_mxt_9x60_wvga/debug/_ext/305146849/legato_math.o
                0x23f034d8                leRotatePoint
 .text.leRotatedRectBounds
                0x23f03594      0x14c build/lcdc_rgba888_mxt_9x60_wvga/debug/_ext/305146849/legato_math.o
                0x23f03594                leRotatedRectBounds
 .text.leSqrt   0x23f036e0       0x58 build/lcdc_rgba888_mxt_9x60_wvga/debug/_ext/305146849/legato_math.o
                0x23f036e0                leSqrt
 .text.lePointOnCircle
                0x23f03738       0x30 build/lcdc_rgba888_mxt_9x60_wvga/debug/_ext/305146849/legato_math.o
                0x23f03738                lePointOnCircle
 .text.leResolveAngles
                0x23f03768      0x268 build/lcdc_rgba888_mxt_9x60_wvga/debug/_ext/305146849/legato_math.o
                0x23f03768                leResolveAngles
 .text.leRound  0x23f039d0       0xa0 build/lcdc_rgba888_mxt_9x60_wvga/debug/_ext/305146849/legato_math.o
                0x23f039d0                leRound
 .text.indexGet1bpp
                0x23f03a70       0x20 build/lcdc_rgba888_mxt_9x60_wvga/debug/_ext/305146849/legato_pixelbuffer.o
 .text.indexGet4bpp
                0x23f03a90       0x18 build/lcdc_rgba888_mxt_9x60_wvga/debug/_ext/305146849/legato_pixelbuffer.o
 .text.indexGet
                0x23f03aa8       0x64 build/lcdc_rgba888_mxt_9x60_wvga/debug/_ext/305146849/legato_pixelbuffer.o
 .text.get1byte
                0x23f03b0c        0x8 build/lcdc_rgba888_mxt_9x60_wvga/debug/_ext/305146849/legato_pixelbuffer.o
 .text.get2byte
                0x23f03b14        0x8 build/lcdc_rgba888_mxt_9x60_wvga/debug/_ext/305146849/legato_pixelbuffer.o
 .text.get3byte
                0x23f03b1c       0x1c build/lcdc_rgba888_mxt_9x60_wvga/debug/_ext/305146849/legato_pixelbuffer.o
 .text.get4byte
                0x23f03b38        0x8 build/lcdc_rgba888_mxt_9x60_wvga/debug/_ext/305146849/legato_pixelbuffer.o
 .text.set1byte
                0x23f03b40        0xc build/lcdc_rgba888_mxt_9x60_wvga/debug/_ext/305146849/legato_pixelbuffer.o
 .text.set2byte
                0x23f03b4c        0xc build/lcdc_rgba888_mxt_9x60_wvga/debug/_ext/305146849/legato_pixelbuffer.o
 .text.set3byte
                0x23f03b58       0x1c build/lcdc_rgba888_mxt_9x60_wvga/debug/_ext/305146849/legato_pixelbuffer.o
 .text.set4byte
                0x23f03b74        0xc build/lcdc_rgba888_mxt_9x60_wvga/debug/_ext/305146849/legato_pixelbuffer.o
 .text.lePixelBufferCreate
                0x23f03b80       0xd0 build/lcdc_rgba888_mxt_9x60_wvga/debug/_ext/305146849/legato_pixelbuffer.o
                0x23f03b80                lePixelBufferCreate
 .text.lePixelBufferOffsetGet
                0x23f03c50       0x5c build/lcdc_rgba888_mxt_9x60_wvga/debug/_ext/305146849/legato_pixelbuffer.o
                0x23f03c50                lePixelBufferOffsetGet
 .text.lePixelBufferOffsetGet_Unsafe
                0x23f03cac       0x44 build/lcdc_rgba888_mxt_9x60_wvga/debug/_ext/305146849/legato_pixelbuffer.o
                0x23f03cac                lePixelBufferOffsetGet_Unsafe
 .text.lePixelBufferGet_Unsafe
                0x23f03cf0       0x64 build/lcdc_rgba888_mxt_9x60_wvga/debug/_ext/305146849/legato_pixelbuffer.o
                0x23f03cf0                lePixelBufferGet_Unsafe
 .text.lePixelBufferGet
                0x23f03d54       0x34 build/lcdc_rgba888_mxt_9x60_wvga/debug/_ext/305146849/legato_pixelbuffer.o
                0x23f03d54                lePixelBufferGet
 .text.lePixelBufferClipRect
                0x23f03d88       0x84 build/lcdc_rgba888_mxt_9x60_wvga/debug/_ext/305146849/legato_pixelbuffer.o
                0x23f03d88                lePixelBufferClipRect
 .text.lePixelBufferGetIndex_Unsafe
                0x23f03e0c       0x2c build/lcdc_rgba888_mxt_9x60_wvga/debug/_ext/305146849/legato_pixelbuffer.o
                0x23f03e0c                lePixelBufferGetIndex_Unsafe
 .text.lePixelBufferSet_Unsafe
                0x23f03e38       0x7c build/lcdc_rgba888_mxt_9x60_wvga/debug/_ext/305146849/legato_pixelbuffer.o
                0x23f03e38                lePixelBufferSet_Unsafe
 .text.lePixelBufferSet
                0x23f03eb4       0x28 build/lcdc_rgba888_mxt_9x60_wvga/debug/_ext/305146849/legato_pixelbuffer.o
                0x23f03eb4                lePixelBufferSet
 .text.lePixelBufferAreaFill_Unsafe
                0x23f03edc      0x110 build/lcdc_rgba888_mxt_9x60_wvga/debug/_ext/305146849/legato_pixelbuffer.o
                0x23f03edc                lePixelBufferAreaFill_Unsafe
 .text.lePixelBufferAreaFill
                0x23f03fec       0x70 build/lcdc_rgba888_mxt_9x60_wvga/debug/_ext/305146849/legato_pixelbuffer.o
                0x23f03fec                lePixelBufferAreaFill
 .text.lePixelBufferCopy
                0x23f0405c       0xd8 build/lcdc_rgba888_mxt_9x60_wvga/debug/_ext/305146849/legato_pixelbuffer.o
                0x23f0405c                lePixelBufferCopy
 .text.leUtils_PickFromWidget
                0x23f04134       0xe4 build/lcdc_rgba888_mxt_9x60_wvga/debug/_ext/305146849/legato_utils.o
                0x23f04134                leUtils_PickFromWidget
 .text.leUtils_ClipRectToParent
                0x23f04218       0x84 build/lcdc_rgba888_mxt_9x60_wvga/debug/_ext/305146849/legato_utils.o
                0x23f04218                leUtils_ClipRectToParent
 .text.leUtils_RectToScreenSpace
                0x23f0429c       0x44 build/lcdc_rgba888_mxt_9x60_wvga/debug/_ext/305146849/legato_utils.o
                0x23f0429c                leUtils_RectToScreenSpace
 .text.leUtils_ClipRectToAncestors
                0x23f042e0       0x94 build/lcdc_rgba888_mxt_9x60_wvga/debug/_ext/305146849/legato_utils.o
                0x23f042e0                leUtils_ClipRectToAncestors
 .text.leUtils_ArrangeRectangle
                0x23f04374      0x280 build/lcdc_rgba888_mxt_9x60_wvga/debug/_ext/305146849/legato_utils.o
                0x23f04374                leUtils_ArrangeRectangle
 .text.leUtils_ArrangeRectangleRelative
                0x23f045f4      0x2b0 build/lcdc_rgba888_mxt_9x60_wvga/debug/_ext/305146849/legato_utils.o
                0x23f045f4                leUtils_ArrangeRectangleRelative
 .text.leUtils_GetSchemeLookupTable
                0x23f048a4       0x64 build/lcdc_rgba888_mxt_9x60_wvga/debug/_ext/305146849/legato_utils.o
                0x23f048a4                leUtils_GetSchemeLookupTable
 .text.lerp_argb8888
                0x23f04908       0x78 build/lcdc_rgba888_mxt_9x60_wvga/debug/_ext/305146849/legato_color_lerp.o
 .text.lerp_rgba8888
                0x23f04980       0x78 build/lcdc_rgba888_mxt_9x60_wvga/debug/_ext/305146849/legato_color_lerp.o
 .text.lerp_rgb888
                0x23f049f8       0x60 build/lcdc_rgba888_mxt_9x60_wvga/debug/_ext/305146849/legato_color_lerp.o
 .text.lerp_rgba5551
                0x23f04a58       0x74 build/lcdc_rgba888_mxt_9x60_wvga/debug/_ext/305146849/legato_color_lerp.o
 .text.lerp_rgb565
                0x23f04acc       0x60 build/lcdc_rgba888_mxt_9x60_wvga/debug/_ext/305146849/legato_color_lerp.o
 .text.lerp_rgb332
                0x23f04b2c       0x60 build/lcdc_rgba888_mxt_9x60_wvga/debug/_ext/305146849/legato_color_lerp.o
 .text.lerp_gs8
                0x23f04b8c        0xc build/lcdc_rgba888_mxt_9x60_wvga/debug/_ext/305146849/legato_color_lerp.o
 .text.leColorLerp
                0x23f04b98       0x40 build/lcdc_rgba888_mxt_9x60_wvga/debug/_ext/305146849/legato_color_lerp.o
                0x23f04b98                leColorLerp
 .text.leColorBilerp
                0x23f04bd8       0x5c build/lcdc_rgba888_mxt_9x60_wvga/debug/_ext/305146849/legato_color_lerp.o
                0x23f04bd8                leColorBilerp
 .text.no_conv  0x23f04c34        0x4 build/lcdc_rgba888_mxt_9x60_wvga/debug/_ext/305146849/legato_color_convert.o
 .text.gs8_rgb332
                0x23f04c38       0x10 build/lcdc_rgba888_mxt_9x60_wvga/debug/_ext/305146849/legato_color_convert.o
 .text.gs8_rgb565
                0x23f04c48       0x20 build/lcdc_rgba888_mxt_9x60_wvga/debug/_ext/305146849/legato_color_convert.o
 .text.gs8_rgba5551
                0x23f04c68       0x28 build/lcdc_rgba888_mxt_9x60_wvga/debug/_ext/305146849/legato_color_convert.o
 .text.gs8_rgb888
                0x23f04c90       0x10 build/lcdc_rgba888_mxt_9x60_wvga/debug/_ext/305146849/legato_color_convert.o
 .text.gs8_rgba8888
                0x23f04ca0       0x14 build/lcdc_rgba888_mxt_9x60_wvga/debug/_ext/305146849/legato_color_convert.o
 .text.gs8_argb8888
                0x23f04cb4       0x14 build/lcdc_rgba888_mxt_9x60_wvga/debug/_ext/305146849/legato_color_convert.o
 .text.gs8_mono
                0x23f04cc8       0x10 build/lcdc_rgba888_mxt_9x60_wvga/debug/_ext/305146849/legato_color_convert.o
 .text.rgb332_rgb565
                0x23f04cd8       0x2c build/lcdc_rgba888_mxt_9x60_wvga/debug/_ext/305146849/legato_color_convert.o
 .text.rgb332_rgba5551
                0x23f04d04       0x2c build/lcdc_rgba888_mxt_9x60_wvga/debug/_ext/305146849/legato_color_convert.o
 .text.rgb332_rgb888
                0x23f04d30       0x30 build/lcdc_rgba888_mxt_9x60_wvga/debug/_ext/305146849/legato_color_convert.o
 .text.rgb332_rgba8888
                0x23f04d60       0x2c build/lcdc_rgba888_mxt_9x60_wvga/debug/_ext/305146849/legato_color_convert.o
 .text.rgb332_argb8888
                0x23f04d8c       0x30 build/lcdc_rgba888_mxt_9x60_wvga/debug/_ext/305146849/legato_color_convert.o
 .text.rgb565_rgb332
                0x23f04dbc       0x20 build/lcdc_rgba888_mxt_9x60_wvga/debug/_ext/305146849/legato_color_convert.o
 .text.rgb565_rgba5551
                0x23f04ddc       0x20 build/lcdc_rgba888_mxt_9x60_wvga/debug/_ext/305146849/legato_color_convert.o
 .text.rgb565_rgb888
                0x23f04dfc       0x24 build/lcdc_rgba888_mxt_9x60_wvga/debug/_ext/305146849/legato_color_convert.o
 .text.rgb565_rgba8888
                0x23f04e20       0x24 build/lcdc_rgba888_mxt_9x60_wvga/debug/_ext/305146849/legato_color_convert.o
 .text.rgb565_argb8888
                0x23f04e44       0x28 build/lcdc_rgba888_mxt_9x60_wvga/debug/_ext/305146849/legato_color_convert.o
 .text.rgba5551_gs8
                0x23f04e6c        0x4 build/lcdc_rgba888_mxt_9x60_wvga/debug/_ext/305146849/legato_color_convert.o
 .text.rgba5551_rgb332
                0x23f04e70       0x20 build/lcdc_rgba888_mxt_9x60_wvga/debug/_ext/305146849/legato_color_convert.o
 .text.rgba5551_rgb565
                0x23f04e90       0x1c build/lcdc_rgba888_mxt_9x60_wvga/debug/_ext/305146849/legato_color_convert.o
 .text.rgba5551_rgb888
                0x23f04eac       0x30 build/lcdc_rgba888_mxt_9x60_wvga/debug/_ext/305146849/legato_color_convert.o
 .text.rgba5551_rgba8888
                0x23f04edc       0x40 build/lcdc_rgba888_mxt_9x60_wvga/debug/_ext/305146849/legato_color_convert.o
 .text.rgba5551_argb8888
                0x23f04f1c       0x40 build/lcdc_rgba888_mxt_9x60_wvga/debug/_ext/305146849/legato_color_convert.o
 .text.rgb888_gs8
                0x23f04f5c        0x4 build/lcdc_rgba888_mxt_9x60_wvga/debug/_ext/305146849/legato_color_convert.o
 .text.rgb888_rgb332
                0x23f04f60       0x24 build/lcdc_rgba888_mxt_9x60_wvga/debug/_ext/305146849/legato_color_convert.o
 .text.rgb888_rgb565
                0x23f04f84       0x20 build/lcdc_rgba888_mxt_9x60_wvga/debug/_ext/305146849/legato_color_convert.o
 .text.rgb888_rgba5551
                0x23f04fa4       0x28 build/lcdc_rgba888_mxt_9x60_wvga/debug/_ext/305146849/legato_color_convert.o
 .text.rgb888_rgba8888
                0x23f04fcc        0xc build/lcdc_rgba888_mxt_9x60_wvga/debug/_ext/305146849/legato_color_convert.o
 .text.rgb888_argb8888
                0x23f04fd8        0x8 build/lcdc_rgba888_mxt_9x60_wvga/debug/_ext/305146849/legato_color_convert.o
 .text.rgba8888_gs8
                0x23f04fe0        0x4 build/lcdc_rgba888_mxt_9x60_wvga/debug/_ext/305146849/legato_color_convert.o
 .text.rgba8888_rgb332
                0x23f04fe4       0x20 build/lcdc_rgba888_mxt_9x60_wvga/debug/_ext/305146849/legato_color_convert.o
 .text.rgba8888_rgb565
                0x23f05004       0x20 build/lcdc_rgba888_mxt_9x60_wvga/debug/_ext/305146849/legato_color_convert.o
 .text.rgba8888_rgba5551
                0x23f05024       0x34 build/lcdc_rgba888_mxt_9x60_wvga/debug/_ext/305146849/legato_color_convert.o
 .text.rgba8888_rgb888
                0x23f05058        0x8 build/lcdc_rgba888_mxt_9x60_wvga/debug/_ext/305146849/legato_color_convert.o
 .text.rgba8888_argb8888
                0x23f05060        0x8 build/lcdc_rgba888_mxt_9x60_wvga/debug/_ext/305146849/legato_color_convert.o
 .text.argb8888_rgba5551
                0x23f05068       0x34 build/lcdc_rgba888_mxt_9x60_wvga/debug/_ext/305146849/legato_color_convert.o
 .text.argb8888_rgb888
                0x23f0509c        0x8 build/lcdc_rgba888_mxt_9x60_wvga/debug/_ext/305146849/legato_color_convert.o
 .text.argb8888_rgba8888
                0x23f050a4        0x8 build/lcdc_rgba888_mxt_9x60_wvga/debug/_ext/305146849/legato_color_convert.o
 .text.rgb565_gs8
                0x23f050ac       0x54 build/lcdc_rgba888_mxt_9x60_wvga/debug/_ext/305146849/legato_color_convert.o
 .text.rgb332_gs8
                0x23f05100       0x54 build/lcdc_rgba888_mxt_9x60_wvga/debug/_ext/305146849/legato_color_convert.o
 .text.leColorConvert
                0x23f05154       0x28 build/lcdc_rgba888_mxt_9x60_wvga/debug/_ext/305146849/legato_color_convert.o
                0x23f05154                leColorConvert
 .text._leGetEventState
                0x23f0517c        0xc build/lcdc_rgba888_mxt_9x60_wvga/debug/_ext/1618192685/legato_event.o
                0x23f0517c                _leGetEventState
 .text.leEvent_Init
                0x23f05188       0x20 build/lcdc_rgba888_mxt_9x60_wvga/debug/_ext/1618192685/legato_event.o
                0x23f05188                leEvent_Init
 .text.leEvent_AddEvent
                0x23f051a8       0x28 build/lcdc_rgba888_mxt_9x60_wvga/debug/_ext/1618192685/legato_event.o
                0x23f051a8                leEvent_AddEvent
 .text.leEvent_ProcessEvents
                0x23f051d0       0xb4 build/lcdc_rgba888_mxt_9x60_wvga/debug/_ext/1618192685/legato_event.o
                0x23f051d0                leEvent_ProcessEvents
 .text.leWidgetEvent_Accept
                0x23f05284       0x14 build/lcdc_rgba888_mxt_9x60_wvga/debug/_ext/1618192685/legato_event.o
                0x23f05284                leWidgetEvent_Accept
 .text.leInput_Init
                0x23f05298       0x2c build/lcdc_rgba888_mxt_9x60_wvga/debug/_ext/1618192685/legato_input.o
                0x23f05298                leInput_Init
 .text.leInput_InjectTouchDown
                0x23f052c4       0xd8 build/lcdc_rgba888_mxt_9x60_wvga/debug/_ext/1618192685/legato_input.o
                0x23f052c4                leInput_InjectTouchDown
 .text.leInput_InjectTouchUp
                0x23f0539c       0xb4 build/lcdc_rgba888_mxt_9x60_wvga/debug/_ext/1618192685/legato_input.o
                0x23f0539c                leInput_InjectTouchUp
 .text.leInput_InjectTouchMoved
                0x23f05450      0x12c build/lcdc_rgba888_mxt_9x60_wvga/debug/_ext/1618192685/legato_input.o
                0x23f05450                leInput_InjectTouchMoved
 .text.handleTouchDown
                0x23f0557c      0x118 build/lcdc_rgba888_mxt_9x60_wvga/debug/_ext/1618192685/legato_input.o
                0x23f0557c                handleTouchDown
 .text.handleTouchUp
                0x23f05694       0x70 build/lcdc_rgba888_mxt_9x60_wvga/debug/_ext/1618192685/legato_input.o
                0x23f05694                handleTouchUp
 .text.handleTouchMoved
                0x23f05704       0x70 build/lcdc_rgba888_mxt_9x60_wvga/debug/_ext/1618192685/legato_input.o
                0x23f05704                handleTouchMoved
 .text._leInput_HandleInputEvent
                0x23f05774       0x40 build/lcdc_rgba888_mxt_9x60_wvga/debug/_ext/1618192685/legato_input.o
                0x23f05774                _leInput_HandleInputEvent
 .text.updateWidget
                0x23f057b4       0x4c build/lcdc_rgba888_mxt_9x60_wvga/debug/_ext/1618192685/legato_state.o
 .text.leGetState
                0x23f05800        0xc build/lcdc_rgba888_mxt_9x60_wvga/debug/_ext/1618192685/legato_state.o
                0x23f05800                leGetState
 .text.leAddLayer
                0x23f0580c       0xb8 build/lcdc_rgba888_mxt_9x60_wvga/debug/_ext/1618192685/legato_state.o
                0x23f0580c                leAddLayer
 .text.leInitialize
                0x23f058c4       0xa4 build/lcdc_rgba888_mxt_9x60_wvga/debug/_ext/1618192685/legato_state.o
                0x23f058c4                leInitialize
 .text.leGetLayerState
                0x23f05968       0x50 build/lcdc_rgba888_mxt_9x60_wvga/debug/_ext/1618192685/legato_state.o
                0x23f05968                leGetLayerState
 .text.leGetLayerColorMode
                0x23f059b8       0x54 build/lcdc_rgba888_mxt_9x60_wvga/debug/_ext/1618192685/legato_state.o
                0x23f059b8                leGetLayerColorMode
 .text.leGetLayerRenderHorizontal
                0x23f05a0c       0x54 build/lcdc_rgba888_mxt_9x60_wvga/debug/_ext/1618192685/legato_state.o
                0x23f05a0c                leGetLayerRenderHorizontal
 .text.leGetFocusWidget
                0x23f05a60       0x10 build/lcdc_rgba888_mxt_9x60_wvga/debug/_ext/1618192685/legato_state.o
                0x23f05a60                leGetFocusWidget
 .text.leSetFocusWidget
                0x23f05a70       0x84 build/lcdc_rgba888_mxt_9x60_wvga/debug/_ext/1618192685/legato_state.o
                0x23f05a70                leSetFocusWidget
 .text.leGetEditWidget
                0x23f05af4       0x10 build/lcdc_rgba888_mxt_9x60_wvga/debug/_ext/1618192685/legato_state.o
                0x23f05af4                leGetEditWidget
 .text.leSetEditWidget
                0x23f05b04       0x84 build/lcdc_rgba888_mxt_9x60_wvga/debug/_ext/1618192685/legato_state.o
                0x23f05b04                leSetEditWidget
 .text.leRedrawAll
                0x23f05b88       0x50 build/lcdc_rgba888_mxt_9x60_wvga/debug/_ext/1618192685/legato_state.o
                0x23f05b88                leRedrawAll
 .text.leSetLayerColorMode
                0x23f05bd8       0x74 build/lcdc_rgba888_mxt_9x60_wvga/debug/_ext/1618192685/legato_state.o
                0x23f05bd8                leSetLayerColorMode
 .text.leSetStringTable
                0x23f05c4c       0x18 build/lcdc_rgba888_mxt_9x60_wvga/debug/_ext/1618192685/legato_state.o
                0x23f05c4c                leSetStringTable
 .text.leIsDrawing
                0x23f05c64       0x14 build/lcdc_rgba888_mxt_9x60_wvga/debug/_ext/1618192685/legato_state.o
                0x23f05c64                leIsDrawing
 .text.leUpdate
                0x23f05c78      0x114 build/lcdc_rgba888_mxt_9x60_wvga/debug/_ext/1618192685/legato_state.o
                0x23f05c78                leUpdate
 .text.leAddRootWidget
                0x23f05d8c       0x68 build/lcdc_rgba888_mxt_9x60_wvga/debug/_ext/1618192685/legato_state.o
                0x23f05d8c                leAddRootWidget
 .text.leRemoveRootWidget
                0x23f05df4       0x74 build/lcdc_rgba888_mxt_9x60_wvga/debug/_ext/1618192685/legato_state.o
                0x23f05df4                leRemoveRootWidget
 .text.leGetWidgetLayer
                0x23f05e68       0x8c build/lcdc_rgba888_mxt_9x60_wvga/debug/_ext/1618192685/legato_state.o
                0x23f05e68                leGetWidgetLayer
 .text.leWidgetIsInScene
                0x23f05ef4       0x14 build/lcdc_rgba888_mxt_9x60_wvga/debug/_ext/1618192685/legato_state.o
                0x23f05ef4                leWidgetIsInScene
 .text.leScheme_GetRenderColor
                0x23f05f08       0x38 build/lcdc_rgba888_mxt_9x60_wvga/debug/_ext/1618192685/legato_scheme.o
                0x23f05f08                leScheme_GetRenderColor
 .text._shuffleRight
                0x23f05f40       0x78 build/lcdc_rgba888_mxt_9x60_wvga/debug/_ext/109670485/legato_array.o
 .text._shuffleLeft
                0x23f05fb8       0x5c build/lcdc_rgba888_mxt_9x60_wvga/debug/_ext/109670485/legato_array.o
 .text.leArray_Create
                0x23f06014       0x1c build/lcdc_rgba888_mxt_9x60_wvga/debug/_ext/109670485/legato_array.o
                0x23f06014                leArray_Create
 .text.leArray_Resize
                0x23f06030       0x70 build/lcdc_rgba888_mxt_9x60_wvga/debug/_ext/109670485/legato_array.o
                0x23f06030                leArray_Resize
 .text.leArray_PushBack
                0x23f060a0       0x60 build/lcdc_rgba888_mxt_9x60_wvga/debug/_ext/109670485/legato_array.o
                0x23f060a0                leArray_PushBack
 .text.leArray_InsertAt
                0x23f06100       0x9c build/lcdc_rgba888_mxt_9x60_wvga/debug/_ext/109670485/legato_array.o
                0x23f06100                leArray_InsertAt
 .text.leArray_RemoveAt
                0x23f0619c       0x38 build/lcdc_rgba888_mxt_9x60_wvga/debug/_ext/109670485/legato_array.o
                0x23f0619c                leArray_RemoveAt
 .text.leArray_Get
                0x23f061d4       0x18 build/lcdc_rgba888_mxt_9x60_wvga/debug/_ext/109670485/legato_array.o
                0x23f061d4                leArray_Get
 .text.leArray_Find
                0x23f061ec       0x68 build/lcdc_rgba888_mxt_9x60_wvga/debug/_ext/109670485/legato_array.o
                0x23f061ec                leArray_Find
 .text.leArray_Remove
                0x23f06254       0x58 build/lcdc_rgba888_mxt_9x60_wvga/debug/_ext/109670485/legato_array.o
                0x23f06254                leArray_Remove
 .text.leArray_Clear
                0x23f062ac       0x38 build/lcdc_rgba888_mxt_9x60_wvga/debug/_ext/109670485/legato_array.o
                0x23f062ac                leArray_Clear
 .text.leList_Create
                0x23f062e4       0x1c build/lcdc_rgba888_mxt_9x60_wvga/debug/_ext/109670485/legato_list.o
                0x23f062e4                leList_Create
 .text.leList_PushBack
                0x23f06300       0x68 build/lcdc_rgba888_mxt_9x60_wvga/debug/_ext/109670485/legato_list.o
                0x23f06300                leList_PushBack
 .text.leList_Get
                0x23f06368       0x44 build/lcdc_rgba888_mxt_9x60_wvga/debug/_ext/109670485/legato_list.o
                0x23f06368                leList_Get
 .text.leList_Remove
                0x23f063ac       0xbc build/lcdc_rgba888_mxt_9x60_wvga/debug/_ext/109670485/legato_list.o
                0x23f063ac                leList_Remove
 .text.leList_Destroy
                0x23f06468       0x4c build/lcdc_rgba888_mxt_9x60_wvga/debug/_ext/109670485/legato_list.o
                0x23f06468                leList_Destroy
 .text._shuffleLeft
                0x23f064b4       0xac build/lcdc_rgba888_mxt_9x60_wvga/debug/_ext/109670485/legato_rectarray.o
 .text.leRectArray_Create
                0x23f06560       0x1c build/lcdc_rgba888_mxt_9x60_wvga/debug/_ext/109670485/legato_rectarray.o
                0x23f06560                leRectArray_Create
 .text.leRectArray_Resize
                0x23f0657c       0x7c build/lcdc_rgba888_mxt_9x60_wvga/debug/_ext/109670485/legato_rectarray.o
                0x23f0657c                leRectArray_Resize
 .text.leRectArray_PushBack
                0x23f065f8       0x70 build/lcdc_rgba888_mxt_9x60_wvga/debug/_ext/109670485/legato_rectarray.o
                0x23f065f8                leRectArray_PushBack
 .text.leRectArray_RemoveAt
                0x23f06668       0x38 build/lcdc_rgba888_mxt_9x60_wvga/debug/_ext/109670485/legato_rectarray.o
                0x23f06668                leRectArray_RemoveAt
 .text.leRectArray_Copy
                0x23f066a0       0x74 build/lcdc_rgba888_mxt_9x60_wvga/debug/_ext/109670485/legato_rectarray.o
                0x23f066a0                leRectArray_Copy
 .text.leRectArray_Clear
                0x23f06714       0x14 build/lcdc_rgba888_mxt_9x60_wvga/debug/_ext/109670485/legato_rectarray.o
                0x23f06714                leRectArray_Clear
 .text.leRectArray_Destroy
                0x23f06728       0x3c build/lcdc_rgba888_mxt_9x60_wvga/debug/_ext/109670485/legato_rectarray.o
                0x23f06728                leRectArray_Destroy
 .text.leRectArray_RemoveDuplicates
                0x23f06764       0x90 build/lcdc_rgba888_mxt_9x60_wvga/debug/_ext/109670485/legato_rectarray.o
                0x23f06764                leRectArray_RemoveDuplicates
 .text.leRectArray_SortBySize
                0x23f067f4       0xdc build/lcdc_rgba888_mxt_9x60_wvga/debug/_ext/109670485/legato_rectarray.o
                0x23f067f4                leRectArray_SortBySize
 .text.leRectArray_SortByX
                0x23f068d0       0xfc build/lcdc_rgba888_mxt_9x60_wvga/debug/_ext/109670485/legato_rectarray.o
                0x23f068d0                leRectArray_SortByX
 .text.leRectArray_SortByY
                0x23f069cc       0xf4 build/lcdc_rgba888_mxt_9x60_wvga/debug/_ext/109670485/legato_rectarray.o
                0x23f069cc                leRectArray_SortByY
 .text.leRectArray_MergeSimilar
                0x23f06ac0       0x98 build/lcdc_rgba888_mxt_9x60_wvga/debug/_ext/109670485/legato_rectarray.o
                0x23f06ac0                leRectArray_MergeSimilar
 .text.leRectArray_RemoveOverlapping
                0x23f06b58       0x84 build/lcdc_rgba888_mxt_9x60_wvga/debug/_ext/109670485/legato_rectarray.o
                0x23f06b58                leRectArray_RemoveOverlapping
 .text.leRectArray_PadRectangleWidth
                0x23f06bdc      0x120 build/lcdc_rgba888_mxt_9x60_wvga/debug/_ext/109670485/legato_rectarray.o
                0x23f06bdc                leRectArray_PadRectangleWidth
 .text.leRectArray_CropToSizeY
                0x23f06cfc      0x134 build/lcdc_rgba888_mxt_9x60_wvga/debug/_ext/109670485/legato_rectarray.o
                0x23f06cfc                leRectArray_CropToSizeY
 .text.leRectArray_CropToSizeX
                0x23f06e30      0x134 build/lcdc_rgba888_mxt_9x60_wvga/debug/_ext/109670485/legato_rectarray.o
                0x23f06e30                leRectArray_CropToSizeX
 .text.drawGlyphRow8bpp
                0x23f06f64       0xf8 build/lcdc_rgba888_mxt_9x60_wvga/debug/_ext/1618103421/legato_font.o
 .text.drawGlyphRow1bpp
                0x23f0705c       0xd0 build/lcdc_rgba888_mxt_9x60_wvga/debug/_ext/1618103421/legato_font.o
 .text.drawGlyphRow8bppMono
                0x23f0712c       0x5c build/lcdc_rgba888_mxt_9x60_wvga/debug/_ext/1618103421/legato_font.o
 .text.drawGlyphRow1bppMono
                0x23f07188       0x64 build/lcdc_rgba888_mxt_9x60_wvga/debug/_ext/1618103421/legato_font.o
 .text._drawUnknownGlyph
                0x23f071ec       0xf4 build/lcdc_rgba888_mxt_9x60_wvga/debug/_ext/1618103421/legato_font.o
 .text.leFont_GetGlyphInfo
                0x23f072e0       0xe0 build/lcdc_rgba888_mxt_9x60_wvga/debug/_ext/1618103421/legato_font.o
                0x23f072e0                leFont_GetGlyphInfo
 .text.leFont_DrawGlyphData
                0x23f073c0      0x12c build/lcdc_rgba888_mxt_9x60_wvga/debug/_ext/1618103421/legato_font.o
                0x23f073c0                leFont_DrawGlyphData
 .text.leFont_DrawGlyphData_Lookup
                0x23f074ec      0x300 build/lcdc_rgba888_mxt_9x60_wvga/debug/_ext/1618103421/legato_font.o
                0x23f074ec                leFont_DrawGlyphData_Lookup
 .text.leFont_DrawGlyph
                0x23f077ec       0xa4 build/lcdc_rgba888_mxt_9x60_wvga/debug/_ext/1618103421/legato_font.o
                0x23f077ec                leFont_DrawGlyph
 .text.leFont_DrawGlyph_Lookup
                0x23f07890       0xb4 build/lcdc_rgba888_mxt_9x60_wvga/debug/_ext/1618103421/legato_font.o
                0x23f07890                leFont_DrawGlyph_Lookup
 .text.screenInit_Screen0
                0x23f07944       0x28 build/lcdc_rgba888_mxt_9x60_wvga/debug/_ext/534613472/le_gen_screen_Screen0.o
                0x23f07944                screenInit_Screen0
 .text.screenShow_Screen0
                0x23f0796c      0x524 build/lcdc_rgba888_mxt_9x60_wvga/debug/_ext/534613472/le_gen_screen_Screen0.o
                0x23f0796c                screenShow_Screen0
 .text.screenUpdate_Screen0
                0x23f07e90       0x68 build/lcdc_rgba888_mxt_9x60_wvga/debug/_ext/534613472/le_gen_screen_Screen0.o
                0x23f07e90                screenUpdate_Screen0
 .text.screenHide_Screen0
                0x23f07ef8       0xc0 build/lcdc_rgba888_mxt_9x60_wvga/debug/_ext/534613472/le_gen_screen_Screen0.o
                0x23f07ef8                screenHide_Screen0
 .text.screenInit_Screen1
                0x23f07fb8       0x28 build/lcdc_rgba888_mxt_9x60_wvga/debug/_ext/534613472/le_gen_screen_Screen1.o
                0x23f07fb8                screenInit_Screen1
 .text.screenShow_Screen1
                0x23f07fe0      0xebc build/lcdc_rgba888_mxt_9x60_wvga/debug/_ext/534613472/le_gen_screen_Screen1.o
                0x23f07fe0                screenShow_Screen1
 .text.screenUpdate_Screen1
                0x23f08e9c       0x68 build/lcdc_rgba888_mxt_9x60_wvga/debug/_ext/534613472/le_gen_screen_Screen1.o
                0x23f08e9c                screenUpdate_Screen1
 .text.screenHide_Screen1
                0x23f08f04      0x1b0 build/lcdc_rgba888_mxt_9x60_wvga/debug/_ext/534613472/le_gen_screen_Screen1.o
                0x23f08f04                screenHide_Screen1
 .text.touchMoveHandler
                0x23f090b4       0x18 build/lcdc_rgba888_mxt_9x60_wvga/debug/_ext/706129189/le_gen_harmony.o
 .text.touchUpHandler
                0x23f090cc       0x18 build/lcdc_rgba888_mxt_9x60_wvga/debug/_ext/706129189/le_gen_harmony.o
 .text.touchDownHandler
                0x23f090e4       0x18 build/lcdc_rgba888_mxt_9x60_wvga/debug/_ext/706129189/le_gen_harmony.o
 .text.Legato_Initialize
                0x23f090fc       0x90 build/lcdc_rgba888_mxt_9x60_wvga/debug/_ext/706129189/le_gen_harmony.o
                0x23f090fc                Legato_Initialize
 .text.Legato_Tasks
                0x23f0918c       0x4c build/lcdc_rgba888_mxt_9x60_wvga/debug/_ext/706129189/le_gen_harmony.o
                0x23f0918c                Legato_Tasks
 .text.legato_getCurrentScreen
                0x23f091d8       0x10 build/lcdc_rgba888_mxt_9x60_wvga/debug/_ext/706129189/le_gen_init.o
                0x23f091d8                legato_getCurrentScreen
 .text.legato_showScreen
                0x23f091e8       0x1c build/lcdc_rgba888_mxt_9x60_wvga/debug/_ext/706129189/le_gen_init.o
                0x23f091e8                legato_showScreen
 .text.legato_initializeScreenState
                0x23f09204       0x44 build/lcdc_rgba888_mxt_9x60_wvga/debug/_ext/706129189/le_gen_init.o
                0x23f09204                legato_initializeScreenState
 .text.legato_updateScreenState
                0x23f09248       0xc8 build/lcdc_rgba888_mxt_9x60_wvga/debug/_ext/706129189/le_gen_init.o
                0x23f09248                legato_updateScreenState
 .text.initializeStrings
                0x23f09310      0x138 build/lcdc_rgba888_mxt_9x60_wvga/debug/_ext/706129189/le_gen_stringtable.o
                0x23f09310                initializeStrings
 .text._supportsImage
                0x23f09448       0x28 build/lcdc_rgba888_mxt_9x60_wvga/debug/_ext/2086705360/legato_imagedecoder_jpeg.o
 .text.internalMemoryRead
                0x23f09470       0x48 build/lcdc_rgba888_mxt_9x60_wvga/debug/_ext/2086705360/legato_imagedecoder_jpeg.o
 .text.exec     0x23f094b8        0x8 build/lcdc_rgba888_mxt_9x60_wvga/debug/_ext/2086705360/legato_imagedecoder_jpeg.o
 .text._render  0x23f094c0      0x1fc build/lcdc_rgba888_mxt_9x60_wvga/debug/_ext/2086705360/legato_imagedecoder_jpeg.o
 .text._draw    0x23f096bc      0x20c build/lcdc_rgba888_mxt_9x60_wvga/debug/_ext/2086705360/legato_imagedecoder_jpeg.o
 .text.blitToImage
                0x23f098c8       0xa4 build/lcdc_rgba888_mxt_9x60_wvga/debug/_ext/2086705360/legato_imagedecoder_jpeg.o
 .text.blitToFrameBuffer
                0x23f0996c       0x98 build/lcdc_rgba888_mxt_9x60_wvga/debug/_ext/2086705360/legato_imagedecoder_jpeg.o
 .text._leJPEGImageDecoder_Init
                0x23f09a04       0x5c build/lcdc_rgba888_mxt_9x60_wvga/debug/_ext/2086705360/legato_imagedecoder_jpeg.o
                0x23f09a04                _leJPEGImageDecoder_Init
 .text.jpeg_idct_islow_leg
                0x23f09a60      0x514 build/lcdc_rgba888_mxt_9x60_wvga/debug/_ext/2086705360/jidctint.o
                0x23f09a60                jpeg_idct_islow_leg
 .text.JPEG_wReadWord
                0x23f09f74       0x50 build/lcdc_rgba888_mxt_9x60_wvga/debug/_ext/2086705360/legato_imagedecoder_jpeg_common.o
 .text.JPEG_bReadByte
                0x23f09fc4       0x2c build/lcdc_rgba888_mxt_9x60_wvga/debug/_ext/2086705360/legato_imagedecoder_jpeg_common.o
 .text.JPEG_bGet1Bit
                0x23f09ff0      0x154 build/lcdc_rgba888_mxt_9x60_wvga/debug/_ext/2086705360/legato_imagedecoder_jpeg_common.o
 .text.JPEG_wGetBits
                0x23f0a144       0x4c build/lcdc_rgba888_mxt_9x60_wvga/debug/_ext/2086705360/legato_imagedecoder_jpeg_common.o
 .text.JPEG_sGetBitsValue
                0x23f0a190       0x50 build/lcdc_rgba888_mxt_9x60_wvga/debug/_ext/2086705360/legato_imagedecoder_jpeg_common.o
 .text.JPEG_bGetNextHuffByte
                0x23f0a1e0       0x98 build/lcdc_rgba888_mxt_9x60_wvga/debug/_ext/2086705360/legato_imagedecoder_jpeg_common.o
 .text.JPEG_vResetDecoder
                0x23f0a278       0x20 build/lcdc_rgba888_mxt_9x60_wvga/debug/_ext/2086705360/legato_imagedecoder_jpeg_common.o
                0x23f0a278                JPEG_vResetDecoder
 .text.JPEG_bReadHeader
                0x23f0a298      0x7c8 build/lcdc_rgba888_mxt_9x60_wvga/debug/_ext/2086705360/legato_imagedecoder_jpeg_common.o
                0x23f0a298                JPEG_bReadHeader
 .text.JPEG_bGenerateHuffmanTables
                0x23f0aa60       0x90 build/lcdc_rgba888_mxt_9x60_wvga/debug/_ext/2086705360/legato_imagedecoder_jpeg_common.o
                0x23f0aa60                JPEG_bGenerateHuffmanTables
 .text.JPEG_bDecodeOneBlock
                0x23f0aaf0      0x270 build/lcdc_rgba888_mxt_9x60_wvga/debug/_ext/2086705360/legato_imagedecoder_jpeg_common.o
                0x23f0aaf0                JPEG_bDecodeOneBlock
 .text.JPEG_vInitDisplay
                0x23f0ad60       0x10 build/lcdc_rgba888_mxt_9x60_wvga/debug/_ext/2086705360/legato_imagedecoder_jpeg_common.o
                0x23f0ad60                JPEG_vInitDisplay
 .text.JPEG_bPaintOneBlock
                0x23f0ad70      0x9c4 build/lcdc_rgba888_mxt_9x60_wvga/debug/_ext/2086705360/legato_imagedecoder_jpeg_common.o
                0x23f0ad70                JPEG_bPaintOneBlock
 .text.stage_decode
                0x23f0b734       0x3c build/lcdc_rgba888_mxt_9x60_wvga/debug/_ext/2086794059/legato_imagedecoder_mono_read_internal.o
 .text._leMonoImageDecoder_ReadStage_Internal
                0x23f0b770       0x30 build/lcdc_rgba888_mxt_9x60_wvga/debug/_ext/2086794059/legato_imagedecoder_mono_read_internal.o
                0x23f0b770                _leMonoImageDecoder_ReadStage_Internal
 .text._supportsImage
                0x23f0b7a0       0x14 build/lcdc_rgba888_mxt_9x60_wvga/debug/_ext/2086794059/legato_imagedecoder_mono.o
 .text._decoderCleanup
                0x23f0b7b4       0x64 build/lcdc_rgba888_mxt_9x60_wvga/debug/_ext/2086794059/legato_imagedecoder_mono.o
 .text._decoderExec
                0x23f0b818       0x84 build/lcdc_rgba888_mxt_9x60_wvga/debug/_ext/2086794059/legato_imagedecoder_mono.o
 .text._decoderIsDone
                0x23f0b89c       0x10 build/lcdc_rgba888_mxt_9x60_wvga/debug/_ext/2086794059/legato_imagedecoder_mono.o
 .text.stage_sourceIterateSetup
                0x23f0b8ac       0xb4 build/lcdc_rgba888_mxt_9x60_wvga/debug/_ext/2086794059/legato_imagedecoder_mono.o
 .text.stage_FrameBufferWrite
                0x23f0b960       0x20 build/lcdc_rgba888_mxt_9x60_wvga/debug/_ext/2086794059/legato_imagedecoder_mono.o
 .text.stage_ImageWrite
                0x23f0b980       0x28 build/lcdc_rgba888_mxt_9x60_wvga/debug/_ext/2086794059/legato_imagedecoder_mono.o
 .text._leMonoImageDecoder_Init
                0x23f0b9a8       0x84 build/lcdc_rgba888_mxt_9x60_wvga/debug/_ext/2086794059/legato_imagedecoder_mono.o
                0x23f0b9a8                _leMonoImageDecoder_Init
 .text._leMonoImageDecoder_InjectStage
                0x23f0ba2c       0x38 build/lcdc_rgba888_mxt_9x60_wvga/debug/_ext/2086794059/legato_imagedecoder_mono.o
                0x23f0ba2c                _leMonoImageDecoder_InjectStage
 .text._leMonoImageDecoder_SourceIterateSetupStage
                0x23f0ba64       0x38 build/lcdc_rgba888_mxt_9x60_wvga/debug/_ext/2086794059/legato_imagedecoder_mono.o
                0x23f0ba64                _leMonoImageDecoder_SourceIterateSetupStage
 .text._leMonoImageDecoder_FrameBufferWriteStage
                0x23f0ba9c       0x30 build/lcdc_rgba888_mxt_9x60_wvga/debug/_ext/2086794059/legato_imagedecoder_mono.o
                0x23f0ba9c                _leMonoImageDecoder_FrameBufferWriteStage
 .text._draw    0x23f0bacc      0x154 build/lcdc_rgba888_mxt_9x60_wvga/debug/_ext/2086794059/legato_imagedecoder_mono.o
 .text._leMonoImageDecoder_ImageWriteStage
                0x23f0bc20       0x30 build/lcdc_rgba888_mxt_9x60_wvga/debug/_ext/2086794059/legato_imagedecoder_mono.o
                0x23f0bc20                _leMonoImageDecoder_ImageWriteStage
 .text._copy    0x23f0bc50      0x190 build/lcdc_rgba888_mxt_9x60_wvga/debug/_ext/2086794059/legato_imagedecoder_mono.o
 .text._supportsImage
                0x23f0bde0       0x28 build/lcdc_rgba888_mxt_9x60_wvga/debug/_ext/1872343871/legato_imagedecoder_png.o
 .text._decoderCleanup
                0x23f0be08        0x4 build/lcdc_rgba888_mxt_9x60_wvga/debug/_ext/1872343871/legato_imagedecoder_png.o
 .text._decoderExec
                0x23f0be0c        0x8 build/lcdc_rgba888_mxt_9x60_wvga/debug/_ext/1872343871/legato_imagedecoder_png.o
 .text._decoderIsDone
                0x23f0be14        0x8 build/lcdc_rgba888_mxt_9x60_wvga/debug/_ext/1872343871/legato_imagedecoder_png.o
 .text._render  0x23f0be1c       0xf4 build/lcdc_rgba888_mxt_9x60_wvga/debug/_ext/1872343871/legato_imagedecoder_png.o
 .text._draw    0x23f0bf10      0x1f0 build/lcdc_rgba888_mxt_9x60_wvga/debug/_ext/1872343871/legato_imagedecoder_png.o
 .text._lePNGImageDecoder_Init
                0x23f0c100       0x6c build/lcdc_rgba888_mxt_9x60_wvga/debug/_ext/1872343871/legato_imagedecoder_png.o
                0x23f0c100                _lePNGImageDecoder_Init
 .text.readBitsFromStream
                0x23f0c16c       0x50 build/lcdc_rgba888_mxt_9x60_wvga/debug/_ext/1872343871/lodepng.o
 .text.huffmanDecodeSymbol
                0x23f0c1bc       0x64 build/lcdc_rgba888_mxt_9x60_wvga/debug/_ext/1872343871/lodepng.o
 .text.readBitFromReversedStream
                0x23f0c220       0x24 build/lcdc_rgba888_mxt_9x60_wvga/debug/_ext/1872343871/lodepng.o
 .text.readBitsFromReversedStream
                0x23f0c244       0x48 build/lcdc_rgba888_mxt_9x60_wvga/debug/_ext/1872343871/lodepng.o
 .text.getNumColorChannels
                0x23f0c28c       0x50 build/lcdc_rgba888_mxt_9x60_wvga/debug/_ext/1872343871/lodepng.o
 .text.lodepng_color_mode_equal
                0x23f0c2dc      0x120 build/lcdc_rgba888_mxt_9x60_wvga/debug/_ext/1872343871/lodepng.o
 .text.addColorBits
                0x23f0c3fc       0x50 build/lcdc_rgba888_mxt_9x60_wvga/debug/_ext/1872343871/lodepng.o
 .text.getPixelColorsRGBA8
                0x23f0c44c      0x51c build/lcdc_rgba888_mxt_9x60_wvga/debug/_ext/1872343871/lodepng.o
 .text.Adam7_getpassvalues
                0x23f0c968      0x18c build/lcdc_rgba888_mxt_9x60_wvga/debug/_ext/1872343871/lodepng.o
 .text.unfilter
                0x23f0caf4      0x424 build/lcdc_rgba888_mxt_9x60_wvga/debug/_ext/1872343871/lodepng.o
 .text.removePaddingBits
                0x23f0cf18       0xa4 build/lcdc_rgba888_mxt_9x60_wvga/debug/_ext/1872343871/lodepng.o
 .text.ucvector_reserve
                0x23f0cfbc       0x58 build/lcdc_rgba888_mxt_9x60_wvga/debug/_ext/1872343871/lodepng.o
 .text.ucvector_resize
                0x23f0d014       0x20 build/lcdc_rgba888_mxt_9x60_wvga/debug/_ext/1872343871/lodepng.o
 .text.ucvector_push_back
                0x23f0d034       0x34 build/lcdc_rgba888_mxt_9x60_wvga/debug/_ext/1872343871/lodepng.o
 .text.color_tree_cleanup
                0x23f0d068       0x34 build/lcdc_rgba888_mxt_9x60_wvga/debug/_ext/1872343871/lodepng.o
 .text.LodePNGIText_cleanup
                0x23f0d09c       0x90 build/lcdc_rgba888_mxt_9x60_wvga/debug/_ext/1872343871/lodepng.o
 .text.LodePNGText_cleanup
                0x23f0d12c       0x60 build/lcdc_rgba888_mxt_9x60_wvga/debug/_ext/1872343871/lodepng.o
 .text.HuffmanTree_cleanup
                0x23f0d18c       0x24 build/lcdc_rgba888_mxt_9x60_wvga/debug/_ext/1872343871/lodepng.o
 .text.string_set
                0x23f0d1b0       0x68 build/lcdc_rgba888_mxt_9x60_wvga/debug/_ext/1872343871/lodepng.o
 .text.string_init
                0x23f0d218       0x2c build/lcdc_rgba888_mxt_9x60_wvga/debug/_ext/1872343871/lodepng.o
 .text.uivector_reserve
                0x23f0d244       0x58 build/lcdc_rgba888_mxt_9x60_wvga/debug/_ext/1872343871/lodepng.o
 .text.HuffmanTree_makeFromLengths
                0x23f0d29c      0x424 build/lcdc_rgba888_mxt_9x60_wvga/debug/_ext/1872343871/lodepng.o
 .text.lodepng_read32bitInt
                0x23f0d6c0       0x24 build/lcdc_rgba888_mxt_9x60_wvga/debug/_ext/1872343871/lodepng.o
                0x23f0d6c0                lodepng_read32bitInt
 .text.lodepng_inflate
                0x23f0d6e4      0x998 build/lcdc_rgba888_mxt_9x60_wvga/debug/_ext/1872343871/lodepng.o
                0x23f0d6e4                lodepng_inflate
 .text.lodepng_zlib_decompress
                0x23f0e07c      0x198 build/lcdc_rgba888_mxt_9x60_wvga/debug/_ext/1872343871/lodepng.o
                0x23f0e07c                lodepng_zlib_decompress
 .text.zlib_decompress
                0x23f0e214       0x34 build/lcdc_rgba888_mxt_9x60_wvga/debug/_ext/1872343871/lodepng.o
 .text.lodepng_crc32
                0x23f0e248       0x4c build/lcdc_rgba888_mxt_9x60_wvga/debug/_ext/1872343871/lodepng.o
                0x23f0e248                lodepng_crc32
 .text.lodepng_chunk_type_equals
                0x23f0e294       0x80 build/lcdc_rgba888_mxt_9x60_wvga/debug/_ext/1872343871/lodepng.o
                0x23f0e294                lodepng_chunk_type_equals
 .text.lodepng_chunk_check_crc
                0x23f0e314       0x38 build/lcdc_rgba888_mxt_9x60_wvga/debug/_ext/1872343871/lodepng.o
                0x23f0e314                lodepng_chunk_check_crc
 .text.lodepng_chunk_next_const
                0x23f0e34c       0x18 build/lcdc_rgba888_mxt_9x60_wvga/debug/_ext/1872343871/lodepng.o
                0x23f0e34c                lodepng_chunk_next_const
 .text.lodepng_chunk_append
                0x23f0e364       0xa4 build/lcdc_rgba888_mxt_9x60_wvga/debug/_ext/1872343871/lodepng.o
                0x23f0e364                lodepng_chunk_append
 .text.lodepng_color_mode_init
                0x23f0e408       0x30 build/lcdc_rgba888_mxt_9x60_wvga/debug/_ext/1872343871/lodepng.o
                0x23f0e408                lodepng_color_mode_init
 .text.lodepng_palette_clear
                0x23f0e438       0x28 build/lcdc_rgba888_mxt_9x60_wvga/debug/_ext/1872343871/lodepng.o
                0x23f0e438                lodepng_palette_clear
 .text.lodepng_color_mode_copy
                0x23f0e460       0x98 build/lcdc_rgba888_mxt_9x60_wvga/debug/_ext/1872343871/lodepng.o
                0x23f0e460                lodepng_color_mode_copy
 .text.lodepng_get_bpp
                0x23f0e4f8       0x1c build/lcdc_rgba888_mxt_9x60_wvga/debug/_ext/1872343871/lodepng.o
                0x23f0e4f8                lodepng_get_bpp
 .text.lodepng_get_raw_size_idat
                0x23f0e514       0x34 build/lcdc_rgba888_mxt_9x60_wvga/debug/_ext/1872343871/lodepng.o
 .text.lodepng_get_raw_size
                0x23f0e548       0x38 build/lcdc_rgba888_mxt_9x60_wvga/debug/_ext/1872343871/lodepng.o
                0x23f0e548                lodepng_get_raw_size
 .text.lodepng_add_text
                0x23f0e580       0xcc build/lcdc_rgba888_mxt_9x60_wvga/debug/_ext/1872343871/lodepng.o
                0x23f0e580                lodepng_add_text
 .text.lodepng_add_itext
                0x23f0e64c      0x17c build/lcdc_rgba888_mxt_9x60_wvga/debug/_ext/1872343871/lodepng.o
                0x23f0e64c                lodepng_add_itext
 .text.lodepng_info_init
                0x23f0e7c8       0x74 build/lcdc_rgba888_mxt_9x60_wvga/debug/_ext/1872343871/lodepng.o
                0x23f0e7c8                lodepng_info_init
 .text.lodepng_info_cleanup
                0x23f0e83c       0x3c build/lcdc_rgba888_mxt_9x60_wvga/debug/_ext/1872343871/lodepng.o
                0x23f0e83c                lodepng_info_cleanup
 .text.lodepng_convert
                0x23f0e878      0xbb8 build/lcdc_rgba888_mxt_9x60_wvga/debug/_ext/1872343871/lodepng.o
                0x23f0e878                lodepng_convert
 .text.lodepng_inspect
                0x23f0f430      0x290 build/lcdc_rgba888_mxt_9x60_wvga/debug/_ext/1872343871/lodepng.o
                0x23f0f430                lodepng_inspect
 .text.lodepng_decode
                0x23f0f6c0     0x1740 build/lcdc_rgba888_mxt_9x60_wvga/debug/_ext/1872343871/lodepng.o
                0x23f0f6c0                lodepng_decode
 .text.lodepng_decoder_settings_init
                0x23f10e00       0x2c build/lcdc_rgba888_mxt_9x60_wvga/debug/_ext/1872343871/lodepng.o
                0x23f10e00                lodepng_decoder_settings_init
 .text.lodepng_state_init
                0x23f10e2c       0x28 build/lcdc_rgba888_mxt_9x60_wvga/debug/_ext/1872343871/lodepng.o
                0x23f10e2c                lodepng_state_init
 .text.lodepng_state_cleanup
                0x23f10e54       0x1c build/lcdc_rgba888_mxt_9x60_wvga/debug/_ext/1872343871/lodepng.o
                0x23f10e54                lodepng_state_cleanup
 .text.lodepng_decode_memory
                0x23f10e70       0x68 build/lcdc_rgba888_mxt_9x60_wvga/debug/_ext/1872343871/lodepng.o
                0x23f10e70                lodepng_decode_memory
 .text.stage_rotateNearestNeighborPreRead
                0x23f10ed8      0x120 build/lcdc_rgba888_mxt_9x60_wvga/debug/_ext/1872342336/legato_imagedecoder_raw_rotate.o
 .text.stage_bilinearPreRead
                0x23f10ff8      0x20c build/lcdc_rgba888_mxt_9x60_wvga/debug/_ext/1872342336/legato_imagedecoder_raw_rotate.o
 .text.stage_rotateBilinearPostRead
                0x23f11204       0x60 build/lcdc_rgba888_mxt_9x60_wvga/debug/_ext/1872342336/legato_imagedecoder_raw_rotate.o
 .text._leRawImageDecoder_RotateNearestNeighborPreReadStage
                0x23f11264       0x30 build/lcdc_rgba888_mxt_9x60_wvga/debug/_ext/1872342336/legato_imagedecoder_raw_rotate.o
                0x23f11264                _leRawImageDecoder_RotateNearestNeighborPreReadStage
 .text._leRawImageDecoder_RotateBilinearPreReadStage
                0x23f11294       0x38 build/lcdc_rgba888_mxt_9x60_wvga/debug/_ext/1872342336/legato_imagedecoder_raw_rotate.o
                0x23f11294                _leRawImageDecoder_RotateBilinearPreReadStage
 .text._leRawImageDecoder_RotateBilinearPostReadStage
                0x23f112cc       0x30 build/lcdc_rgba888_mxt_9x60_wvga/debug/_ext/1872342336/legato_imagedecoder_raw_rotate.o
                0x23f112cc                _leRawImageDecoder_RotateBilinearPostReadStage
 .text.stage_rejectMaskedColor
                0x23f112fc       0x24 build/lcdc_rgba888_mxt_9x60_wvga/debug/_ext/1872342336/legato_imagedecoder_raw_mask.o
 .text._leRawImageDecoder_MaskStage_Internal
                0x23f11320       0x2c build/lcdc_rgba888_mxt_9x60_wvga/debug/_ext/1872342336/legato_imagedecoder_raw_mask.o
                0x23f11320                _leRawImageDecoder_MaskStage_Internal
 .text.stage_FrameBufferWrite
                0x23f1134c       0x24 build/lcdc_rgba888_mxt_9x60_wvga/debug/_ext/1872342336/legato_imagedecoder_raw_write.o
 .text.stage_ImageWrite
                0x23f11370       0x28 build/lcdc_rgba888_mxt_9x60_wvga/debug/_ext/1872342336/legato_imagedecoder_raw_write.o
 .text._leRawImageDecoder_FrameBufferWriteStage
                0x23f11398       0x30 build/lcdc_rgba888_mxt_9x60_wvga/debug/_ext/1872342336/legato_imagedecoder_raw_write.o
                0x23f11398                _leRawImageDecoder_FrameBufferWriteStage
 .text._leRawImageDecoder_ImageWriteStage
                0x23f113c8       0x30 build/lcdc_rgba888_mxt_9x60_wvga/debug/_ext/1872342336/legato_imagedecoder_raw_write.o
                0x23f113c8                _leRawImageDecoder_ImageWriteStage
 .text.stage_imageRenderPostLookup
                0x23f113f8       0x48 build/lcdc_rgba888_mxt_9x60_wvga/debug/_ext/1872342336/legato_imagedecoder_raw_palette_internal.o
 .text.stage_lookup
                0x23f11440       0x40 build/lcdc_rgba888_mxt_9x60_wvga/debug/_ext/1872342336/legato_imagedecoder_raw_palette_internal.o
 .text._leRawImageDecoder_LookupStage_Internal
                0x23f11480       0x50 build/lcdc_rgba888_mxt_9x60_wvga/debug/_ext/1872342336/legato_imagedecoder_raw_palette_internal.o
                0x23f11480                _leRawImageDecoder_LookupStage_Internal
 .text._leRawImageDecoder_ImageRenderPostLookupStage
                0x23f114d0       0x38 build/lcdc_rgba888_mxt_9x60_wvga/debug/_ext/1872342336/legato_imagedecoder_raw_palette_internal.o
                0x23f114d0                _leRawImageDecoder_ImageRenderPostLookupStage
 .text.stage_BlendRGBA5551
                0x23f11508       0x1c build/lcdc_rgba888_mxt_9x60_wvga/debug/_ext/1872342336/legato_imagedecoder_raw_blend.o
 .text.stage_BlendARGB8888
                0x23f11524       0x70 build/lcdc_rgba888_mxt_9x60_wvga/debug/_ext/1872342336/legato_imagedecoder_raw_blend.o
 .text.stage_BlendRGBA8888
                0x23f11594       0x70 build/lcdc_rgba888_mxt_9x60_wvga/debug/_ext/1872342336/legato_imagedecoder_raw_blend.o
 .text._leRawImageDecoder_BlendStage_Internal
                0x23f11604       0xa0 build/lcdc_rgba888_mxt_9x60_wvga/debug/_ext/1872342336/legato_imagedecoder_raw_blend.o
                0x23f11604                _leRawImageDecoder_BlendStage_Internal
 .text.stage_sourceIterateSetup
                0x23f116a4       0xb4 build/lcdc_rgba888_mxt_9x60_wvga/debug/_ext/1872342336/legato_imagedecoder_raw_setup.o
 .text.stage_targetIterateSetup
                0x23f11758       0x94 build/lcdc_rgba888_mxt_9x60_wvga/debug/_ext/1872342336/legato_imagedecoder_raw_setup.o
 .text._leRawImageDecoder_SourceIterateSetupStage
                0x23f117ec       0x38 build/lcdc_rgba888_mxt_9x60_wvga/debug/_ext/1872342336/legato_imagedecoder_raw_setup.o
                0x23f117ec                _leRawImageDecoder_SourceIterateSetupStage
 .text._leRawImageDecoder_TargetIterateSetupStage
                0x23f11824       0x38 build/lcdc_rgba888_mxt_9x60_wvga/debug/_ext/1872342336/legato_imagedecoder_raw_setup.o
                0x23f11824                _leRawImageDecoder_TargetIterateSetupStage
 .text.stage_convertColor
                0x23f1185c       0x2c build/lcdc_rgba888_mxt_9x60_wvga/debug/_ext/1872342336/legato_imagedecoder_raw_convert.o
 .text._leRawImageDecoder_ConvertStage
                0x23f11888       0x90 build/lcdc_rgba888_mxt_9x60_wvga/debug/_ext/1872342336/legato_imagedecoder_raw_convert.o
                0x23f11888                _leRawImageDecoder_ConvertStage
 .text._supportsImage
                0x23f11918       0x14 build/lcdc_rgba888_mxt_9x60_wvga/debug/_ext/1872342336/legato_imagedecoder_raw.o
 .text._decoderCleanup
                0x23f1192c       0x64 build/lcdc_rgba888_mxt_9x60_wvga/debug/_ext/1872342336/legato_imagedecoder_raw.o
 .text._decoderExec
                0x23f11990       0x84 build/lcdc_rgba888_mxt_9x60_wvga/debug/_ext/1872342336/legato_imagedecoder_raw.o
 .text._decoderIsDone
                0x23f11a14       0x10 build/lcdc_rgba888_mxt_9x60_wvga/debug/_ext/1872342336/legato_imagedecoder_raw.o
 .text._initReadStage
                0x23f11a24       0x1c build/lcdc_rgba888_mxt_9x60_wvga/debug/_ext/1872342336/legato_imagedecoder_raw.o
 .text._initMaskStage
                0x23f11a40       0x24 build/lcdc_rgba888_mxt_9x60_wvga/debug/_ext/1872342336/legato_imagedecoder_raw.o
 .text._initBlendStage
                0x23f11a64       0x44 build/lcdc_rgba888_mxt_9x60_wvga/debug/_ext/1872342336/legato_imagedecoder_raw.o
 .text._initConvertStage
                0x23f11aa8       0x4c build/lcdc_rgba888_mxt_9x60_wvga/debug/_ext/1872342336/legato_imagedecoder_raw.o
 .text._rotateDraw
                0x23f11af4      0x2b0 build/lcdc_rgba888_mxt_9x60_wvga/debug/_ext/1872342336/legato_imagedecoder_raw.o
 .text._rotate  0x23f11da4      0x2f4 build/lcdc_rgba888_mxt_9x60_wvga/debug/_ext/1872342336/legato_imagedecoder_raw.o
 .text._resizeDraw
                0x23f12098      0x294 build/lcdc_rgba888_mxt_9x60_wvga/debug/_ext/1872342336/legato_imagedecoder_raw.o
 .text._resize  0x23f1232c      0x238 build/lcdc_rgba888_mxt_9x60_wvga/debug/_ext/1872342336/legato_imagedecoder_raw.o
 .text._copy    0x23f12564      0x1b8 build/lcdc_rgba888_mxt_9x60_wvga/debug/_ext/1872342336/legato_imagedecoder_raw.o
 .text._initLookupStage
                0x23f1271c       0x4c build/lcdc_rgba888_mxt_9x60_wvga/debug/_ext/1872342336/legato_imagedecoder_raw.o
 .text._render  0x23f12768      0x260 build/lcdc_rgba888_mxt_9x60_wvga/debug/_ext/1872342336/legato_imagedecoder_raw.o
 .text._draw    0x23f129c8      0x2f4 build/lcdc_rgba888_mxt_9x60_wvga/debug/_ext/1872342336/legato_imagedecoder_raw.o
 .text._leRawImageDecoder_Init
                0x23f12cbc       0xa8 build/lcdc_rgba888_mxt_9x60_wvga/debug/_ext/1872342336/legato_imagedecoder_raw.o
                0x23f12cbc                _leRawImageDecoder_Init
 .text._leRawImageDecoder_InjectStage
                0x23f12d64       0x38 build/lcdc_rgba888_mxt_9x60_wvga/debug/_ext/1872342336/legato_imagedecoder_raw.o
                0x23f12d64                _leRawImageDecoder_InjectStage
 .text.stage_decode
                0x23f12d9c       0x74 build/lcdc_rgba888_mxt_9x60_wvga/debug/_ext/1872342336/legato_imagedecoder_raw_read_internal.o
 .text.rleRandomDecode
                0x23f12e10       0x54 build/lcdc_rgba888_mxt_9x60_wvga/debug/_ext/1872342336/legato_imagedecoder_raw_read_internal.o
 .text.rleSequentialDecode
                0x23f12e64       0x48 build/lcdc_rgba888_mxt_9x60_wvga/debug/_ext/1872342336/legato_imagedecoder_raw_read_internal.o
 .text.colorDecode
                0x23f12eac       0x34 build/lcdc_rgba888_mxt_9x60_wvga/debug/_ext/1872342336/legato_imagedecoder_raw_read_internal.o
 .text.indexRLERandomDecode
                0x23f12ee0       0x80 build/lcdc_rgba888_mxt_9x60_wvga/debug/_ext/1872342336/legato_imagedecoder_raw_read_internal.o
 .text.indexRLESequentialDecode
                0x23f12f60       0x74 build/lcdc_rgba888_mxt_9x60_wvga/debug/_ext/1872342336/legato_imagedecoder_raw_read_internal.o
 .text.indexDecode
                0x23f12fd4       0x30 build/lcdc_rgba888_mxt_9x60_wvga/debug/_ext/1872342336/legato_imagedecoder_raw_read_internal.o
 .text._leRawImageDecoder_ReadStage_Internal
                0x23f13004      0x100 build/lcdc_rgba888_mxt_9x60_wvga/debug/_ext/1872342336/legato_imagedecoder_raw_read_internal.o
                0x23f13004                _leRawImageDecoder_ReadStage_Internal
 .text.stage_postRead
                0x23f13104       0x14 build/lcdc_rgba888_mxt_9x60_wvga/debug/_ext/1872342336/legato_imagedecoder_raw_scale.o
 .text.stage_scaledNearestNeighborPreRead
                0x23f13118       0xc4 build/lcdc_rgba888_mxt_9x60_wvga/debug/_ext/1872342336/legato_imagedecoder_raw_scale.o
 .text.stage_bilinearPreRead
                0x23f131dc      0x164 build/lcdc_rgba888_mxt_9x60_wvga/debug/_ext/1872342336/legato_imagedecoder_raw_scale.o
 .text.stage_scaledBilinearPostRead
                0x23f13340       0x8c build/lcdc_rgba888_mxt_9x60_wvga/debug/_ext/1872342336/legato_imagedecoder_raw_scale.o
 .text._leRawImageDecoder_ScaleNearestNeighborPreReadStage
                0x23f133cc       0x6c build/lcdc_rgba888_mxt_9x60_wvga/debug/_ext/1872342336/legato_imagedecoder_raw_scale.o
                0x23f133cc                _leRawImageDecoder_ScaleNearestNeighborPreReadStage
 .text._leRawImageDecoder_ScaleBilinearPreReadStage
                0x23f13438       0x74 build/lcdc_rgba888_mxt_9x60_wvga/debug/_ext/1872342336/legato_imagedecoder_raw_scale.o
                0x23f13438                _leRawImageDecoder_ScaleBilinearPreReadStage
 .text._leRawImageDecoder_PostReadStage
                0x23f134ac       0x30 build/lcdc_rgba888_mxt_9x60_wvga/debug/_ext/1872342336/legato_imagedecoder_raw_scale.o
                0x23f134ac                _leRawImageDecoder_PostReadStage
 .text._leRawImageDecoder_ScaleBilinearPostReadStage
                0x23f134dc       0x30 build/lcdc_rgba888_mxt_9x60_wvga/debug/_ext/1872342336/legato_imagedecoder_raw_scale.o
                0x23f134dc                _leRawImageDecoder_ScaleBilinearPostReadStage
 .text.getDiscreteValueAtIndex1
                0x23f1350c       0x18 build/lcdc_rgba888_mxt_9x60_wvga/debug/_ext/1381099687/legato_image_utils.o
 .text.getDiscreteValueAtIndex4
                0x23f13524       0x10 build/lcdc_rgba888_mxt_9x60_wvga/debug/_ext/1381099687/legato_image_utils.o
 .text.getDiscreteValueAtIndex8
                0x23f13534        0x8 build/lcdc_rgba888_mxt_9x60_wvga/debug/_ext/1381099687/legato_image_utils.o
 .text.calcOffset1bpp
                0x23f1353c        0x8 build/lcdc_rgba888_mxt_9x60_wvga/debug/_ext/1381099687/legato_image_utils.o
 .text.calcOffset4bpp
                0x23f13544        0x8 build/lcdc_rgba888_mxt_9x60_wvga/debug/_ext/1381099687/legato_image_utils.o
 .text.calcOffset8bpp
                0x23f1354c        0x4 build/lcdc_rgba888_mxt_9x60_wvga/debug/_ext/1381099687/legato_image_utils.o
 .text.calcOffset16bpp
                0x23f13550        0x8 build/lcdc_rgba888_mxt_9x60_wvga/debug/_ext/1381099687/legato_image_utils.o
 .text.calcOffset24bpp
                0x23f13558        0x8 build/lcdc_rgba888_mxt_9x60_wvga/debug/_ext/1381099687/legato_image_utils.o
 .text.calcOffset32bpp
                0x23f13560        0x8 build/lcdc_rgba888_mxt_9x60_wvga/debug/_ext/1381099687/legato_image_utils.o
 .text.leGetRLEDataAtIndex
                0x23f13568       0xd8 build/lcdc_rgba888_mxt_9x60_wvga/debug/_ext/1381099687/legato_image_utils.o
                0x23f13568                leGetRLEDataAtIndex
 .text.leGetDiscreteValueAtIndex
                0x23f13640       0x18 build/lcdc_rgba888_mxt_9x60_wvga/debug/_ext/1381099687/legato_image_utils.o
                0x23f13640                leGetDiscreteValueAtIndex
 .text.leGetOffsetFromIndexAndBPP
                0x23f13658       0x18 build/lcdc_rgba888_mxt_9x60_wvga/debug/_ext/1381099687/legato_image_utils.o
                0x23f13658                leGetOffsetFromIndexAndBPP
 .text.leImage_InitDecoders
                0x23f13670       0x30 build/lcdc_rgba888_mxt_9x60_wvga/debug/_ext/1381099687/legato_image.o
                0x23f13670                leImage_InitDecoders
 .text.leImage_Create
                0x23f136a0       0x94 build/lcdc_rgba888_mxt_9x60_wvga/debug/_ext/1381099687/legato_image.o
                0x23f136a0                leImage_Create
 .text.leImage_Allocate
                0x23f13734       0xb4 build/lcdc_rgba888_mxt_9x60_wvga/debug/_ext/1381099687/legato_image.o
                0x23f13734                leImage_Allocate
 .text.leImage_Draw
                0x23f137e8       0xd4 build/lcdc_rgba888_mxt_9x60_wvga/debug/_ext/1381099687/legato_image.o
                0x23f137e8                leImage_Draw
 .text._insertIntoList
                0x23f138bc       0x84 build/lcdc_rgba888_mxt_9x60_wvga/debug/_ext/28088523/legato_variableheap.o
 .text._removeFromList
                0x23f13940       0x38 build/lcdc_rgba888_mxt_9x60_wvga/debug/_ext/28088523/legato_variableheap.o
 .text._findPreviousBlock
                0x23f13978       0xa0 build/lcdc_rgba888_mxt_9x60_wvga/debug/_ext/28088523/legato_variableheap.o
 .text._findNextBlock
                0x23f13a18       0x74 build/lcdc_rgba888_mxt_9x60_wvga/debug/_ext/28088523/legato_variableheap.o
 .text._canSplit
                0x23f13a8c       0x3c build/lcdc_rgba888_mxt_9x60_wvga/debug/_ext/28088523/legato_variableheap.o
 .text._combineFreeBlockNext
                0x23f13ac8       0x7c build/lcdc_rgba888_mxt_9x60_wvga/debug/_ext/28088523/legato_variableheap.o
 .text._growAllocBlock
                0x23f13b44      0x104 build/lcdc_rgba888_mxt_9x60_wvga/debug/_ext/28088523/legato_variableheap.o
 .text.leVariableHeap_Init
                0x23f13c48       0x58 build/lcdc_rgba888_mxt_9x60_wvga/debug/_ext/28088523/legato_variableheap.o
                0x23f13c48                leVariableHeap_Init
 .text.leVariableHeap_Alloc
                0x23f13ca0      0x130 build/lcdc_rgba888_mxt_9x60_wvga/debug/_ext/28088523/legato_variableheap.o
                0x23f13ca0                leVariableHeap_Alloc
 .text.leVariableHeap_Free
                0x23f13dd0       0xd8 build/lcdc_rgba888_mxt_9x60_wvga/debug/_ext/28088523/legato_variableheap.o
                0x23f13dd0                leVariableHeap_Free
 .text.leVariableHeap_Realloc
                0x23f13ea8      0x2a0 build/lcdc_rgba888_mxt_9x60_wvga/debug/_ext/28088523/legato_variableheap.o
                0x23f13ea8                leVariableHeap_Realloc
 .text.leVariableHeap_Contains
                0x23f14148       0x20 build/lcdc_rgba888_mxt_9x60_wvga/debug/_ext/28088523/legato_variableheap.o
                0x23f14148                leVariableHeap_Contains
 .text.leVariableHeap_SizeOf
                0x23f14168        0x8 build/lcdc_rgba888_mxt_9x60_wvga/debug/_ext/28088523/legato_variableheap.o
                0x23f14168                leVariableHeap_SizeOf
 .text.leVariableHeap_Validate
                0x23f14170        0x8 build/lcdc_rgba888_mxt_9x60_wvga/debug/_ext/28088523/legato_variableheap.o
                0x23f14170                leVariableHeap_Validate
 .text.leFixedHeap_Init
                0x23f14178       0xb0 build/lcdc_rgba888_mxt_9x60_wvga/debug/_ext/28088523/legato_fixedheap.o
                0x23f14178                leFixedHeap_Init
 .text.leFixedHeap_Alloc
                0x23f14228       0x48 build/lcdc_rgba888_mxt_9x60_wvga/debug/_ext/28088523/legato_fixedheap.o
                0x23f14228                leFixedHeap_Alloc
 .text.leFixedHeap_Free
                0x23f14270       0x1c build/lcdc_rgba888_mxt_9x60_wvga/debug/_ext/28088523/legato_fixedheap.o
                0x23f14270                leFixedHeap_Free
 .text.leFixedHeap_Contains
                0x23f1428c       0x60 build/lcdc_rgba888_mxt_9x60_wvga/debug/_ext/28088523/legato_fixedheap.o
                0x23f1428c                leFixedHeap_Contains
 .text._fixedHeapAlloc
                0x23f142ec       0x60 build/lcdc_rgba888_mxt_9x60_wvga/debug/_ext/28088523/legato_memory.o
 .text._findFixedHeapForPointer
                0x23f1434c       0x5c build/lcdc_rgba888_mxt_9x60_wvga/debug/_ext/28088523/legato_memory.o
 .text.leMemory_Init
                0x23f143a8       0xb0 build/lcdc_rgba888_mxt_9x60_wvga/debug/_ext/28088523/legato_memory.o
                0x23f143a8                leMemory_Init
 .text.leMalloc
                0x23f14458       0x28 build/lcdc_rgba888_mxt_9x60_wvga/debug/_ext/28088523/legato_memory.o
                0x23f14458                leMalloc
 .text.leFree   0x23f14480       0x6c build/lcdc_rgba888_mxt_9x60_wvga/debug/_ext/28088523/legato_memory.o
                0x23f14480                leFree
 .text.leRealloc
                0x23f144ec      0x25c build/lcdc_rgba888_mxt_9x60_wvga/debug/_ext/28088523/legato_memory.o
                0x23f144ec                leRealloc
 .text._convertColorMode
                0x23f14748        0xc build/lcdc_rgba888_mxt_9x60_wvga/debug/_ext/1081070089/legato_gpu.o
 .text.leGPU_DrawLine
                0x23f14754      0x1e4 build/lcdc_rgba888_mxt_9x60_wvga/debug/_ext/1081070089/legato_gpu.o
                0x23f14754                leGPU_DrawLine
 .text.leGPU_ClearBuffer
                0x23f14938       0xa4 build/lcdc_rgba888_mxt_9x60_wvga/debug/_ext/1081070089/legato_gpu.o
                0x23f14938                leGPU_ClearBuffer
 .text.leGPU_FillRect
                0x23f149dc      0x178 build/lcdc_rgba888_mxt_9x60_wvga/debug/_ext/1081070089/legato_gpu.o
                0x23f149dc                leGPU_FillRect
 .text.leGPU_BlitBuffer
                0x23f14b54      0x224 build/lcdc_rgba888_mxt_9x60_wvga/debug/_ext/1081070089/legato_gpu.o
                0x23f14b54                leGPU_BlitBuffer
 .text.leGPU_BlitStretchBuffer
                0x23f14d78      0x200 build/lcdc_rgba888_mxt_9x60_wvga/debug/_ext/1081070089/legato_gpu.o
                0x23f14d78                leGPU_BlitStretchBuffer
 .text.findDirtyWidget
                0x23f14f78       0x90 build/lcdc_rgba888_mxt_9x60_wvga/debug/_ext/1081070089/legato_renderer.o
 .text._nextRect
                0x23f15008       0x34 build/lcdc_rgba888_mxt_9x60_wvga/debug/_ext/1081070089/legato_renderer.o
 .text.invalidateWidget
                0x23f1503c       0xe0 build/lcdc_rgba888_mxt_9x60_wvga/debug/_ext/1081070089/legato_renderer.o
 .text.addDamageRectToList
                0x23f1511c       0xb8 build/lcdc_rgba888_mxt_9x60_wvga/debug/_ext/1081070089/legato_renderer.o
 .text.leRenderer_IsIdle
                0x23f151d4       0x18 build/lcdc_rgba888_mxt_9x60_wvga/debug/_ext/1081070089/legato_renderer.o
                0x23f151d4                leRenderer_IsIdle
 .text.leGetRenderBuffer
                0x23f151ec       0x28 build/lcdc_rgba888_mxt_9x60_wvga/debug/_ext/1081070089/legato_renderer.o
                0x23f151ec                leGetRenderBuffer
 .text.leRenderer_CurrentColorMode
                0x23f15214       0x20 build/lcdc_rgba888_mxt_9x60_wvga/debug/_ext/1081070089/legato_renderer.o
                0x23f15214                leRenderer_CurrentColorMode
 .text.leRenderer_ConvertColor
                0x23f15234       0x34 build/lcdc_rgba888_mxt_9x60_wvga/debug/_ext/1081070089/legato_renderer.o
                0x23f15234                leRenderer_ConvertColor
 .text.leRenderer_DisplaySize
                0x23f15268       0x40 build/lcdc_rgba888_mxt_9x60_wvga/debug/_ext/1081070089/legato_renderer.o
                0x23f15268                leRenderer_DisplaySize
 .text.leRenderer_GetClipRect
                0x23f152a8       0x18 build/lcdc_rgba888_mxt_9x60_wvga/debug/_ext/1081070089/legato_renderer.o
                0x23f152a8                leRenderer_GetClipRect
 .text.leRenderer_GetFrameRect
                0x23f152c0       0x28 build/lcdc_rgba888_mxt_9x60_wvga/debug/_ext/1081070089/legato_renderer.o
                0x23f152c0                leRenderer_GetFrameRect
 .text.leRenderer_CullDrawRect
                0x23f152e8       0x20 build/lcdc_rgba888_mxt_9x60_wvga/debug/_ext/1081070089/legato_renderer.o
                0x23f152e8                leRenderer_CullDrawRect
 .text.leRenderer_CullDrawXY
                0x23f15308       0x30 build/lcdc_rgba888_mxt_9x60_wvga/debug/_ext/1081070089/legato_renderer.o
                0x23f15308                leRenderer_CullDrawXY
 .text.leRenderer_ClipDrawRect
                0x23f15338       0x18 build/lcdc_rgba888_mxt_9x60_wvga/debug/_ext/1081070089/legato_renderer.o
                0x23f15338                leRenderer_ClipDrawRect
 .text.leRenderer_Initialize
                0x23f15350       0xb8 build/lcdc_rgba888_mxt_9x60_wvga/debug/_ext/1081070089/legato_renderer.o
                0x23f15350                leRenderer_Initialize
 .text.leRenderer_DisplayInterface
                0x23f15408       0x10 build/lcdc_rgba888_mxt_9x60_wvga/debug/_ext/1081070089/legato_renderer.o
                0x23f15408                leRenderer_DisplayInterface
 .text.leRenderer_GPUInterface
                0x23f15418       0x10 build/lcdc_rgba888_mxt_9x60_wvga/debug/_ext/1081070089/legato_renderer.o
                0x23f15418                leRenderer_GPUInterface
 .text.leRenderer_DamageArea