Archive member included to satisfy reference by file (symbol)

c:/program files/microchip/xc32/v4.10/bin/bin/../../lib/gcc/pic32c/8.3.1/arm/v5te/nofp\libgcc.a(_udivsi3.o)
                              build/lcdc_rgba8888_mxt_9x60_wvga/debug/_ext/51791817/gfx_canvas.o (__aeabi_uidiv)
c:/program files/microchip/xc32/v4.10/bin/bin/../../lib/gcc/pic32c/8.3.1/arm/v5te/nofp\libgcc.a(_divsi3.o)
                              build/lcdc_rgba8888_mxt_9x60_wvga/debug/_ext/1483321925/legato_math.o (__aeabi_idiv)
c:/program files/microchip/xc32/v4.10/bin/bin/../../lib/gcc/pic32c/8.3.1/arm/v5te/nofp\libgcc.a(_dvmd_tls.o)
                              c:/program files/microchip/xc32/v4.10/bin/bin/../../lib/gcc/pic32c/8.3.1/arm/v5te/nofp\libgcc.a(_udivsi3.o) (__aeabi_idiv0)
c:/program files/microchip/xc32/v4.10/bin/bin/../../lib/gcc/pic32c/8.3.1/arm/v5te/nofp\libgcc.a(_arm_addsubdf3.o)
                              build/lcdc_rgba8888_mxt_9x60_wvga/debug/_ext/1360937237/app_screen0.o (__aeabi_i2d)
c:/program files/microchip/xc32/v4.10/bin/bin/../../lib/gcc/pic32c/8.3.1/arm/v5te/nofp\libgcc.a(_arm_muldivdf3.o)
                              build/lcdc_rgba8888_mxt_9x60_wvga/debug/_ext/1360937237/app_screen0.o (__aeabi_dmul)
c:/program files/microchip/xc32/v4.10/bin/bin/../../lib/gcc/pic32c/8.3.1/arm/v5te/nofp\libgcc.a(_arm_fixunsdfsi.o)
                              build/lcdc_rgba8888_mxt_9x60_wvga/debug/_ext/1360937237/app_screen0.o (__aeabi_d2uiz)
c:/program files/microchip/xc32/v4.10/bin/bin/../../lib/gcc/pic32c/8.3.1/arm/v5te/nofp\libgcc.a(_arm_addsubsf3.o)
                              build/lcdc_rgba8888_mxt_9x60_wvga/debug/_ext/1483321925/legato_math.o (__aeabi_fsub)
c:/program files/microchip/xc32/v4.10/bin/bin/../../lib/gcc/pic32c/8.3.1/arm/v5te/nofp\libgcc.a(_arm_muldivsf3.o)
                              build/lcdc_rgba8888_mxt_9x60_wvga/debug/_ext/95971993/gfx_driver.o (__aeabi_fmul)
c:/program files/microchip/xc32/v4.10/bin/bin/../../lib/gcc/pic32c/8.3.1/arm/v5te/nofp\libgcc.a(_arm_cmpsf2.o)
                              build/lcdc_rgba8888_mxt_9x60_wvga/debug/_ext/1483321925/legato_math.o (__aeabi_fcmplt)
c:/program files/microchip/xc32/v4.10/bin/bin/../../lib/gcc/pic32c/8.3.1/arm/v5te/nofp\libgcc.a(_arm_fixsfsi.o)
                              build/lcdc_rgba8888_mxt_9x60_wvga/debug/_ext/95971993/gfx_driver.o (__aeabi_f2iz)
c:/program files/microchip/xc32/v4.10/bin/bin/../../lib/gcc/pic32c/8.3.1/arm/v5te/nofp\libgcc.a(_arm_fixunssfsi.o)
                              build/lcdc_rgba8888_mxt_9x60_wvga/debug/_ext/95971993/gfx_driver.o (__aeabi_f2uiz)
c:/program files/microchip/xc32/v4.10/bin/bin/../../lib/gcc/pic32c/8.3.1/arm/v5te/nofp\libgcc.a(_aeabi_uldivmod.o)
                              build/lcdc_rgba8888_mxt_9x60_wvga/debug/_ext/1359593799/sys_time.o (__aeabi_uldivmod)
c:/program files/microchip/xc32/v4.10/bin/bin/../../lib/gcc/pic32c/8.3.1/arm/v5te/nofp\libgcc.a(_udivmoddi4.o)
                              c:/program files/microchip/xc32/v4.10/bin/bin/../../lib/gcc/pic32c/8.3.1/arm/v5te/nofp\libgcc.a(_aeabi_uldivmod.o) (__udivmoddi4)
c:/program files/microchip/xc32/v4.10/bin/bin/../../lib/gcc/pic32c/8.3.1/../../../../pic32c/lib/arm/v5te/nofp\libm-musl.a(atan.o)
                              build/lcdc_rgba8888_mxt_9x60_wvga/debug/_ext/1483321925/legato_math.o (atan)
c:/program files/microchip/xc32/v4.10/bin/bin/../../lib/gcc/pic32c/8.3.1/../../../../pic32c/lib/arm/v5te/nofp\libm-musl.a(fabs.o)
                              c:/program files/microchip/xc32/v4.10/bin/bin/../../lib/gcc/pic32c/8.3.1/../../../../pic32c/lib/arm/v5te/nofp\libm-musl.a(atan.o) (fabs)
c:/program files/microchip/xc32/v4.10/bin/bin/../../lib/gcc/pic32c/8.3.1/../../../../pic32c/lib/arm/v5te/nofp\libg-musl.a(__libc_start_main.o)
                              build/lcdc_rgba8888_mxt_9x60_wvga/debug/_ext/1455094228/cstartup.o (__libc_init_array)
c:/program files/microchip/xc32/v4.10/bin/bin/../../lib/gcc/pic32c/8.3.1/../../../../pic32c/lib/arm/v5te/nofp\libg-musl.a(libc.o)
                              c:/program files/microchip/xc32/v4.10/bin/bin/../../lib/gcc/pic32c/8.3.1/../../../../pic32c/lib/arm/v5te/nofp\libg-musl.a(__libc_start_main.o) (__progname_full)
c:/program files/microchip/xc32/v4.10/bin/bin/../../lib/gcc/pic32c/8.3.1/../../../../pic32c/lib/arm/v5te/nofp\libg-musl.a(__sio_printf_doux.o)
                              (_printf_cdnopuxX)
c:/program files/microchip/xc32/v4.10/bin/bin/../../lib/gcc/pic32c/8.3.1/../../../../pic32c/lib/arm/v5te/nofp\libg-musl.a(__sio_sprintf_doux.o)
                              (_sprintf_cdnopuxX)
c:/program files/microchip/xc32/v4.10/bin/bin/../../lib/gcc/pic32c/8.3.1/../../../../pic32c/lib/arm/v5te/nofp\libg-musl.a(__sio_sscanf_dosux.o)
                              (_sscanf_cdnopsuxX)
c:/program files/microchip/xc32/v4.10/bin/bin/../../lib/gcc/pic32c/8.3.1/../../../../pic32c/lib/arm/v5te/nofp\libg-musl.a(__fmt_d.o)
[...]
Memory Configuration

Name             Origin             Length             Attributes
sram             0x00300000         0x00010000         xw
ram              0x21000000         0x06f00000         xwl !r
ram_nocache      0x20000000         0x01000000         !xrw
rom              0x00000000         0x00000000         xrl
*default*        0x00000000         0xffffffff

Linker script and memory map

LOAD c:/program files/microchip/xc32/v4.10/bin/bin/../../lib/gcc/pic32c/8.3.1/arm/v5te/nofp/crti.o
LOAD c:/program files/microchip/xc32/v4.10/bin/bin/../../lib/gcc/pic32c/8.3.1/arm/v5te/nofp/crtbegin.o
LOAD build/lcdc_rgba8888_mxt_9x60_wvga/debug/_ext/710462340/bsp.o
LOAD build/lcdc_rgba8888_mxt_9x60_wvga/debug/_ext/205529507/drv_i2c.o
LOAD build/lcdc_rgba8888_mxt_9x60_wvga/debug/_ext/802015102/drv_maxtouch.o
LOAD build/lcdc_rgba8888_mxt_9x60_wvga/debug/_ext/51791817/gfx_canvas_api.o
LOAD build/lcdc_rgba8888_mxt_9x60_wvga/debug/_ext/51791817/gfx_canvas.o
LOAD build/lcdc_rgba8888_mxt_9x60_wvga/debug/_ext/95971993/gfx_driver.o
LOAD build/lcdc_rgba8888_mxt_9x60_wvga/debug/_ext/1886796627/drv_gfx_lcdc.o
LOAD build/lcdc_rgba8888_mxt_9x60_wvga/debug/_ext/1483321925/legato_color_blend.o
LOAD build/lcdc_rgba8888_mxt_9x60_wvga/debug/_ext/1483321925/legato_color_convert.o
LOAD build/lcdc_rgba8888_mxt_9x60_wvga/debug/_ext/1483321925/legato_color.o
LOAD build/lcdc_rgba8888_mxt_9x60_wvga/debug/_ext/1483321925/legato_color_lerp.o
LOAD build/lcdc_rgba8888_mxt_9x60_wvga/debug/_ext/1483321925/legato_error.o
LOAD build/lcdc_rgba8888_mxt_9x60_wvga/debug/_ext/1483321925/legato_math.o
LOAD build/lcdc_rgba8888_mxt_9x60_wvga/debug/_ext/1483321925/legato_rect.o
LOAD build/lcdc_rgba8888_mxt_9x60_wvga/debug/_ext/1483321925/legato_utils.o
LOAD build/lcdc_rgba8888_mxt_9x60_wvga/debug/_ext/1483321925/legato_pixelbuffer.o
LOAD build/lcdc_rgba8888_mxt_9x60_wvga/debug/_ext/1483321925/legato_color_value.o
LOAD build/lcdc_rgba8888_mxt_9x60_wvga/debug/_ext/1553762159/legato_stream.o
LOAD build/lcdc_rgba8888_mxt_9x60_wvga/debug/_ext/1553762159/legato_scheme.o
LOAD build/lcdc_rgba8888_mxt_9x60_wvga/debug/_ext/1553762159/legato_input.o
LOAD build/lcdc_rgba8888_mxt_9x60_wvga/debug/_ext/1553762159/legato_event.o
LOAD build/lcdc_rgba8888_mxt_9x60_wvga/debug/_ext/1553762159/legato_state.o
LOAD build/lcdc_rgba8888_mxt_9x60_wvga/debug/_ext/1653592263/legato_array.o
LOAD build/lcdc_rgba8888_mxt_9x60_wvga/debug/_ext/1653592263/legato_list.o
LOAD build/lcdc_rgba8888_mxt_9x60_wvga/debug/_ext/1653592263/legato_rectarray.o
LOAD build/lcdc_rgba8888_mxt_9x60_wvga/debug/_ext/1553851423/legato_rasterfont_liberationmono8.o
LOAD build/lcdc_rgba8888_mxt_9x60_wvga/debug/_ext/1553851423/legato_font.o
LOAD build/lcdc_rgba8888_mxt_9x60_wvga/debug/_ext/1553851423/legato_rasterfont_stream.o
LOAD build/lcdc_rgba8888_mxt_9x60_wvga/debug/_ext/1553851423/legato_rasterfont_liberationmono1.o
LOAD build/lcdc_rgba8888_mxt_9x60_wvga/debug/_ext/528922783/le_gen_fonts.o
LOAD build/lcdc_rgba8888_mxt_9x60_wvga/debug/_ext/780564725/le_gen_images.o
LOAD build/lcdc_rgba8888_mxt_9x60_wvga/debug/_ext/1849858236/le_gen_screen_Screen0.o
LOAD build/lcdc_rgba8888_mxt_9x60_wvga/debug/_ext/1849858236/le_gen_screen_Screen1.o
LOAD build/lcdc_rgba8888_mxt_9x60_wvga/debug/_ext/1247075393/le_gen_harmony.o
LOAD build/lcdc_rgba8888_mxt_9x60_wvga/debug/_ext/1247075393/le_gen_scheme.o
LOAD build/lcdc_rgba8888_mxt_9x60_wvga/debug/_ext/1247075393/le_gen_stringtable.o
LOAD build/lcdc_rgba8888_mxt_9x60_wvga/debug/_ext/1247075393/le_gen_init.o
LOAD build/lcdc_rgba8888_mxt_9x60_wvga/debug/_ext/1247075393/le_gen_globalpalette.o
LOAD build/lcdc_rgba8888_mxt_9x60_wvga/debug/_ext/1797725076/jidctint.o
LOAD build/lcdc_rgba8888_mxt_9x60_wvga/debug/_ext/1797725076/legato_imagedecoder_jpeg_common.o
LOAD build/lcdc_rgba8888_mxt_9x60_wvga/debug/_ext/1797725076/legato_imagedecoder_jpeg.o
LOAD build/lcdc_rgba8888_mxt_9x60_wvga/debug/_ext/1797636377/legato_imagedecoder_mono_read_internal.o
LOAD build/lcdc_rgba8888_mxt_9x60_wvga/debug/_ext/1797636377/legato_imagedecoder_mono.o
LOAD build/lcdc_rgba8888_mxt_9x60_wvga/debug/_ext/1797636377/legato_imagedecoder_mono_read_stream.o
LOAD build/lcdc_rgba8888_mxt_9x60_wvga/debug/_ext/1881677221/legato_imagedecoder_png.o
LOAD build/lcdc_rgba8888_mxt_9x60_wvga/debug/_ext/1881677221/lodepng.o
LOAD build/lcdc_rgba8888_mxt_9x60_wvga/debug/_ext/1881678756/legato_imagedecoder_raw_setup.o
LOAD build/lcdc_rgba8888_mxt_9x60_wvga/debug/_ext/1881678756/legato_imagedecoder_raw_scale.o
LOAD build/lcdc_rgba8888_mxt_9x60_wvga/debug/_ext/1881678756/legato_imagedecoder_raw_rotate.o
LOAD build/lcdc_rgba8888_mxt_9x60_wvga/debug/_ext/1881678756/legato_imagedecoder_raw_write.o
LOAD build/lcdc_rgba8888_mxt_9x60_wvga/debug/_ext/1881678756/legato_imagedecoder_raw_palette_internal.o
LOAD build/lcdc_rgba8888_mxt_9x60_wvga/debug/_ext/1881678756/legato_imagedecoder_raw_convert.o
LOAD build/lcdc_rgba8888_mxt_9x60_wvga/debug/_ext/1881678756/legato_imagedecoder_raw_read_stream_color.o
LOAD build/lcdc_rgba8888_mxt_9x60_wvga/debug/_ext/1881678756/legato_imagedecoder_raw_read_stream_rleindex.o
LOAD build/lcdc_rgba8888_mxt_9x60_wvga/debug/_ext/1881678756/legato_imagedecoder_raw_read_stream_index.o
LOAD build/lcdc_rgba8888_mxt_9x60_wvga/debug/_ext/1881678756/legato_imagedecoder_raw_read_stream_rlecolor.o
LOAD build/lcdc_rgba8888_mxt_9x60_wvga/debug/_ext/1881678756/legato_imagedecoder_raw.o
LOAD build/lcdc_rgba8888_mxt_9x60_wvga/debug/_ext/1881678756/legato_imagedecoder_raw_mask.o
LOAD build/lcdc_rgba8888_mxt_9x60_wvga/debug/_ext/1881678756/legato_imagedecoder_raw_blend.o
LOAD build/lcdc_rgba8888_mxt_9x60_wvga/debug/_ext/1881678756/legato_imagedecoder_raw_palette_stream.o
LOAD build/lcdc_rgba8888_mxt_9x60_wvga/debug/_ext/1881678756/legato_imagedecoder_raw_read_internal.o
LOAD build/lcdc_rgba8888_mxt_9x60_wvga/debug/_ext/927452043/legato_image.o
LOAD build/lcdc_rgba8888_mxt_9x60_wvga/debug/_ext/927452043/legato_image_utils.o
LOAD build/lcdc_rgba8888_mxt_9x60_wvga/debug/_ext/927452043/legato_palette.o
LOAD build/lcdc_rgba8888_mxt_9x60_wvga/debug/_ext/1206263599/legato_memory.o
LOAD build/lcdc_rgba8888_mxt_9x60_wvga/debug/_ext/1206263599/legato_variableheap.o
LOAD build/lcdc_rgba8888_mxt_9x60_wvga/debug/_ext/1206263599/legato_fixedheap.o
LOAD build/lcdc_rgba8888_mxt_9x60_wvga/debug/_ext/564048019/legato_gpu.o
LOAD build/lcdc_rgba8888_mxt_9x60_wvga/debug/_ext/564048019/legato_draw_arc.o
LOAD build/lcdc_rgba8888_mxt_9x60_wvga/debug/_ext/564048019/legato_draw.o
LOAD build/lcdc_rgba8888_mxt_9x60_wvga/debug/_ext/564048019/legato_renderer.o
LOAD build/lcdc_rgba8888_mxt_9x60_wvga/debug/_ext/564048019/legato_draw_rect.o
LOAD build/lcdc_rgba8888_mxt_9x60_wvga/debug/_ext/564048019/legato_draw_line.o
LOAD build/lcdc_rgba8888_mxt_9x60_wvga/debug/_ext/1020492831/legato_stringtable.o
LOAD build/lcdc_rgba8888_mxt_9x60_wvga/debug/_ext/1020492831/legato_fixedstring.o
LOAD build/lcdc_rgba8888_mxt_9x60_wvga/debug/_ext/1020492831/legato_string_renderer.o
LOAD build/lcdc_rgba8888_mxt_9x60_wvga/debug/_ext/1020492831/legato_dynamicstring.o
LOAD build/lcdc_rgba8888_mxt_9x60_wvga/debug/_ext/1020492831/legato_tablestring.o
LOAD build/lcdc_rgba8888_mxt_9x60_wvga/debug/_ext/1020492831/legato_stringutils.o
LOAD build/lcdc_rgba8888_mxt_9x60_wvga/debug/_ext/1020492831/legato_string.o
LOAD build/lcdc_rgba8888_mxt_9x60_wvga/debug/_ext/1020492831/legato_string_renderer_stream.o
LOAD build/lcdc_rgba8888_mxt_9x60_wvga/debug/_ext/618648617/legato_widget_arc_skin_classic.o
LOAD build/lcdc_rgba8888_mxt_9x60_wvga/debug/_ext/618648617/legato_widget_arc.o
LOAD build/lcdc_rgba8888_mxt_9x60_wvga/debug/_ext/332049738/legato_widget_bar_graph.o
LOAD build/lcdc_rgba8888_mxt_9x60_wvga/debug/_ext/332049738/legato_widget_bar_graph_skin_classic.o
LOAD build/lcdc_rgba8888_mxt_9x60_wvga/debug/_ext/424260723/legato_widget_button_skin_classic.o
LOAD build/lcdc_rgba8888_mxt_9x60_wvga/debug/_ext/424260723/legato_widget_button.o
LOAD build/lcdc_rgba8888_mxt_9x60_wvga/debug/_ext/1342728866/legato_widget_checkbox_skin_classic.o
LOAD build/lcdc_rgba8888_mxt_9x60_wvga/debug/_ext/1342728866/legato_widget_checkbox.o
LOAD build/lcdc_rgba8888_mxt_9x60_wvga/debug/_ext/406789845/legato_widget_circle_skin_classic.o
LOAD build/lcdc_rgba8888_mxt_9x60_wvga/debug/_ext/406789845/legato_widget_circle.o
LOAD build/lcdc_rgba8888_mxt_9x60_wvga/debug/_ext/481355007/legato_widget_circular_gauge_skin_classic.o
LOAD build/lcdc_rgba8888_mxt_9x60_wvga/debug/_ext/481355007/legato_widget_circular_gauge.o
LOAD build/lcdc_rgba8888_mxt_9x60_wvga/debug/_ext/1904515685/legato_widget_circular_slider.o
LOAD build/lcdc_rgba8888_mxt_9x60_wvga/debug/_ext/1904515685/legato_widget_circular_slider_skin_classic.o
LOAD build/lcdc_rgba8888_mxt_9x60_wvga/debug/_ext/815359854/legato_widget_drawsurface_skin_classic.o
LOAD build/lcdc_rgba8888_mxt_9x60_wvga/debug/_ext/815359854/legato_widget_drawsurface.o
LOAD build/lcdc_rgba8888_mxt_9x60_wvga/debug/_ext/1504997579/legato_widget_gradient.o
LOAD build/lcdc_rgba8888_mxt_9x60_wvga/debug/_ext/1504997579/legato_widget_gradient_skin_classic.o
LOAD build/lcdc_rgba8888_mxt_9x60_wvga/debug/_ext/1921711239/legato_widget_groupbox_skin_classic.o
LOAD build/lcdc_rgba8888_mxt_9x60_wvga/debug/_ext/1921711239/legato_widget_groupbox.o
LOAD build/lcdc_rgba8888_mxt_9x60_wvga/debug/_ext/1808593504/legato_widget_image.o
LOAD build/lcdc_rgba8888_mxt_9x60_wvga/debug/_ext/1808593504/legato_widget_image_skin_classic.o
LOAD build/lcdc_rgba8888_mxt_9x60_wvga/debug/_ext/340446469/legato_widget_imagerotate_skin_classic.o
LOAD build/lcdc_rgba8888_mxt_9x60_wvga/debug/_ext/340446469/legato_widget_imagerotate.o
LOAD build/lcdc_rgba8888_mxt_9x60_wvga/debug/_ext/1513586602/legato_widget_imagescale.o
LOAD build/lcdc_rgba8888_mxt_9x60_wvga/debug/_ext/1513586602/legato_widget_imagescale_skin_classic.o
LOAD build/lcdc_rgba8888_mxt_9x60_wvga/debug/_ext/638313825/legato_widget_imagesequence_skin_classic.o
LOAD build/lcdc_rgba8888_mxt_9x60_wvga/debug/_ext/638313825/legato_widget_imagesequence.o
LOAD build/lcdc_rgba8888_mxt_9x60_wvga/debug/_ext/181230033/legato_widget_keypad.o
LOAD build/lcdc_rgba8888_mxt_9x60_wvga/debug/_ext/181230033/legato_widget_keypad_skin_classic.o
LOAD build/lcdc_rgba8888_mxt_9x60_wvga/debug/_ext/1806179527/legato_widget_label_skin_classic.o
LOAD build/lcdc_rgba8888_mxt_9x60_wvga/debug/_ext/1806179527/legato_widget_label.o
LOAD build/lcdc_rgba8888_mxt_9x60_wvga/debug/_ext/1997918449/legato_widget_line_skin_classic.o
LOAD build/lcdc_rgba8888_mxt_9x60_wvga/debug/_ext/1997918449/legato_widget_line.o
LOAD build/lcdc_rgba8888_mxt_9x60_wvga/debug/_ext/862674017/legato_widget_line_graph.o
LOAD build/lcdc_rgba8888_mxt_9x60_wvga/debug/_ext/862674017/legato_widget_line_graph_skin_classic.o
LOAD build/lcdc_rgba8888_mxt_9x60_wvga/debug/_ext/1997918279/legato_widget_list_skin_classic.o
LOAD build/lcdc_rgba8888_mxt_9x60_wvga/debug/_ext/1997918279/legato_widget_list.o
LOAD build/lcdc_rgba8888_mxt_9x60_wvga/debug/_ext/276203710/legato_widget_listwheel.o
LOAD build/lcdc_rgba8888_mxt_9x60_wvga/debug/_ext/276203710/legato_widget_listwheel_skin_classic.o
LOAD build/lcdc_rgba8888_mxt_9x60_wvga/debug/_ext/726382445/legato_widget_pie_chart_skin_classic.o
LOAD build/lcdc_rgba8888_mxt_9x60_wvga/debug/_ext/726382445/legato_widget_pie_chart.o
LOAD build/lcdc_rgba8888_mxt_9x60_wvga/debug/_ext/2027768651/legato_widget_progressbar.o
LOAD build/lcdc_rgba8888_mxt_9x60_wvga/debug/_ext/2027768651/legato_widget_progressbar_skin_classic.o
LOAD build/lcdc_rgba8888_mxt_9x60_wvga/debug/_ext/1747593511/legato_widget_radial_menu_skin_classic.o
LOAD build/lcdc_rgba8888_mxt_9x60_wvga/debug/_ext/1747593511/legato_widget_radial_menu.o
LOAD build/lcdc_rgba8888_mxt_9x60_wvga/debug/_ext/920874866/legato_radiobutton_group.o
LOAD build/lcdc_rgba8888_mxt_9x60_wvga/debug/_ext/920874866/legato_widget_radiobutton.o
LOAD build/lcdc_rgba8888_mxt_9x60_wvga/debug/_ext/920874866/legato_widget_radiobutton_skin_classic.o
LOAD build/lcdc_rgba8888_mxt_9x60_wvga/debug/_ext/2047371060/legato_widget_rectangle_skin_classic.o
LOAD build/lcdc_rgba8888_mxt_9x60_wvga/debug/_ext/2047371060/legato_widget_rectangle.o
LOAD build/lcdc_rgba8888_mxt_9x60_wvga/debug/_ext/1343864811/legato_widget_scrollbar_skin_classic.o
LOAD build/lcdc_rgba8888_mxt_9x60_wvga/debug/_ext/1343864811/legato_widget_scrollbar.o
LOAD build/lcdc_rgba8888_mxt_9x60_wvga/debug/_ext/53779772/legato_widget_slider_skin_classic.o
LOAD build/lcdc_rgba8888_mxt_9x60_wvga/debug/_ext/53779772/legato_widget_slider.o
LOAD build/lcdc_rgba8888_mxt_9x60_wvga/debug/_ext/105363022/legato_widget_textfield_skin_classic.o
LOAD build/lcdc_rgba8888_mxt_9x60_wvga/debug/_ext/105363022/legato_widget_textfield.o
LOAD build/lcdc_rgba8888_mxt_9x60_wvga/debug/_ext/1290806806/legato_widget_touchtest.o
LOAD build/lcdc_rgba8888_mxt_9x60_wvga/debug/_ext/1290806806/legato_widget_touchtest_skin_classic.o
LOAD build/lcdc_rgba8888_mxt_9x60_wvga/debug/_ext/165675083/legato_widget_window_skin_classic.o
LOAD build/lcdc_rgba8888_mxt_9x60_wvga/debug/_ext/165675083/legato_widget_window.o
LOAD build/lcdc_rgba8888_mxt_9x60_wvga/debug/_ext/916554220/legato_widget.o
LOAD build/lcdc_rgba8888_mxt_9x60_wvga/debug/_ext/916554220/legato_editwidget.o
LOAD build/lcdc_rgba8888_mxt_9x60_wvga/debug/_ext/916554220/legato_widget_skin_classic.o
LOAD build/lcdc_rgba8888_mxt_9x60_wvga/debug/_ext/916554220/legato_widget_skin_classic_common.o
LOAD build/lcdc_rgba8888_mxt_9x60_wvga/debug/_ext/107307971/plib_aic.o
LOAD build/lcdc_rgba8888_mxt_9x60_wvga/debug/_ext/107309994/plib_clk.o
LOAD build/lcdc_rgba8888_mxt_9x60_wvga/debug/_ext/1221451702/plib_flexcom6_twi_master.o
LOAD build/lcdc_rgba8888_mxt_9x60_wvga/debug/_ext/968098130/plib_lcdc.o
LOAD build/lcdc_rgba8888_mxt_9x60_wvga/debug/_ext/107319645/plib_mmu.o
LOAD build/lcdc_rgba8888_mxt_9x60_wvga/debug/_ext/107322398/plib_pio.o
LOAD build/lcdc_rgba8888_mxt_9x60_wvga/debug/_ext/107324649/plib_rtc.o
LOAD build/lcdc_rgba8888_mxt_9x60_wvga/debug/_ext/273632537/plib_tc0.o
LOAD build/lcdc_rgba8888_mxt_9x60_wvga/debug/_ext/273632537/plib_tc1.o
LOAD build/lcdc_rgba8888_mxt_9x60_wvga/debug/_ext/129769842/xc32_monitor.o
LOAD build/lcdc_rgba8888_mxt_9x60_wvga/debug/_ext/250812413/sys_cache.o
LOAD build/lcdc_rgba8888_mxt_9x60_wvga/debug/_ext/256753733/sys_input_listener.o
LOAD build/lcdc_rgba8888_mxt_9x60_wvga/debug/_ext/256753733/sys_input.o
LOAD build/lcdc_rgba8888_mxt_9x60_wvga/debug/_ext/1928812927/sys_int.o
LOAD build/lcdc_rgba8888_mxt_9x60_wvga/debug/_ext/1359593799/sys_time.o
LOAD build/lcdc_rgba8888_mxt_9x60_wvga/debug/_ext/1455094228/cstartup.o
LOAD build/lcdc_rgba8888_mxt_9x60_wvga/debug/_ext/1455094228/fault_handlers.o
LOAD build/lcdc_rgba8888_mxt_9x60_wvga/debug/_ext/1455094228/interrupts.o
LOAD build/lcdc_rgba8888_mxt_9x60_wvga/debug/_ext/1455094228/tasks.o
LOAD build/lcdc_rgba8888_mxt_9x60_wvga/debug/_ext/1455094228/initialization.o
LOAD build/lcdc_rgba8888_mxt_9x60_wvga/debug/_ext/1360937237/main.o
LOAD build/lcdc_rgba8888_mxt_9x60_wvga/debug/_ext/1360937237/app.o
LOAD build/lcdc_rgba8888_mxt_9x60_wvga/debug/_ext/1360937237/app_screen0.o
LOAD build/lcdc_rgba8888_mxt_9x60_wvga/debug/_ext/1360937237/app_screen1.o
                0x00000001                __MPLAB_BUILD = 0x1
                0x00001000                C_STACK_SIZE = 0x1000
                0x00000060                IRQ_STACK_SIZE = 0x60
                0x00000060                FIQ_STACK_SIZE = 0x60
                0x00001000                SVC_STACK_SIZE = 0x1000
                0x00000040                ABT_STACK_SIZE = 0x40
                0x00000040                UND_STACK_SIZE = 0x40

.text           0x23f00000   0x481a40
                0x23f00000                . = ALIGN (0x4)
                [!provide]                PROVIDE (_sfixed = .)
 *(.textEntry)
 .textEntry     0x23f00000      0x10c build/lcdc_rgba8888_mxt_9x60_wvga/debug/_ext/1455094228/cstartup.o
                0x23f00000                entry
 *(.text .text.* .gnu.linkonce.t.*)
 .text          0x23f0010c       0x70 c:/program files/microchip/xc32/v4.10/bin/bin/../../lib/gcc/pic32c/8.3.1/arm/v5te/nofp/crtbegin.o
 .text.BSP_Initialize
                0x23f0017c       0x20 build/lcdc_rgba8888_mxt_9x60_wvga/debug/_ext/710462340/bsp.o
                0x23f0017c                BSP_Initialize
 .text._DRV_I2C_DriverHandleValidate
                0x23f0019c       0x6c build/lcdc_rgba8888_mxt_9x60_wvga/debug/_ext/205529507/drv_i2c.o
 .text._DRV_I2C_RemoveTransferObjFromList
                0x23f00208       0x28 build/lcdc_rgba8888_mxt_9x60_wvga/debug/_ext/205529507/drv_i2c.o
 .text._DRV_I2C_RemoveClientTransfersFromList
                0x23f00230       0x5c build/lcdc_rgba8888_mxt_9x60_wvga/debug/_ext/205529507/drv_i2c.o
 .text._DRV_I2C_ClientCallback
                0x23f0028c       0x80 build/lcdc_rgba8888_mxt_9x60_wvga/debug/_ext/205529507/drv_i2c.o
 .text._DRV_I2C_NextTransferInitiate
                0x23f0030c      0x12c build/lcdc_rgba8888_mxt_9x60_wvga/debug/_ext/205529507/drv_i2c.o
 .text._DRV_I2C_ResourceLock
                0x23f00438       0xdc build/lcdc_rgba8888_mxt_9x60_wvga/debug/_ext/205529507/drv_i2c.o
 .text._DRV_I2C_ResourceUnlock
                0x23f00514       0xbc build/lcdc_rgba8888_mxt_9x60_wvga/debug/_ext/205529507/drv_i2c.o
 .text._DRV_I2C_WriteReadTransferAdd
                0x23f005d0      0x360 build/lcdc_rgba8888_mxt_9x60_wvga/debug/_ext/205529507/drv_i2c.o
 .text._DRV_I2C_PLibCallbackHandler
                0x23f00930       0x84 build/lcdc_rgba8888_mxt_9x60_wvga/debug/_ext/205529507/drv_i2c.o
 .text.DRV_I2C_Initialize
                0x23f009b4       0xbc build/lcdc_rgba8888_mxt_9x60_wvga/debug/_ext/205529507/drv_i2c.o
                0x23f009b4                DRV_I2C_Initialize
 .text.DRV_I2C_Open
                0x23f00a70      0x1ac build/lcdc_rgba8888_mxt_9x60_wvga/debug/_ext/205529507/drv_i2c.o
                0x23f00a70                DRV_I2C_Open
 .text.DRV_I2C_Close
                0x23f00c1c       0x98 build/lcdc_rgba8888_mxt_9x60_wvga/debug/_ext/205529507/drv_i2c.o
                0x23f00c1c                DRV_I2C_Close
 .text.DRV_I2C_TransferEventHandlerSet
                0x23f00cb4       0x50 build/lcdc_rgba8888_mxt_9x60_wvga/debug/_ext/205529507/drv_i2c.o
                0x23f00cb4                DRV_I2C_TransferEventHandlerSet
 .text.DRV_I2C_ReadTransferAdd
                0x23f00d04       0x34 build/lcdc_rgba8888_mxt_9x60_wvga/debug/_ext/205529507/drv_i2c.o
                0x23f00d04                DRV_I2C_ReadTransferAdd
 .text.DRV_I2C_WriteTransferAdd
                0x23f00d38       0x30 build/lcdc_rgba8888_mxt_9x60_wvga/debug/_ext/205529507/drv_i2c.o
                0x23f00d38                DRV_I2C_WriteTransferAdd
 .text.DRV_MAXTOUCH_I2CEventHandler
                0x23f00d68      0x228 build/lcdc_rgba8888_mxt_9x60_wvga/debug/_ext/802015102/drv_maxtouch.o
                0x23f00d68                DRV_MAXTOUCH_I2CEventHandler
 .text._RegWrite16
                0x23f00f90       0x60 build/lcdc_rgba8888_mxt_9x60_wvga/debug/_ext/802015102/drv_maxtouch.o
 .text.resetTimer_Callback
                0x23f00ff0       0x70 build/lcdc_rgba8888_mxt_9x60_wvga/debug/_ext/802015102/drv_maxtouch.o
 .text._MessageObjectRead
                0x23f01060       0x94 build/lcdc_rgba8888_mxt_9x60_wvga/debug/_ext/802015102/drv_maxtouch.o
 .text.mxt_proc_t100_message
                0x23f010f4       0xd4 build/lcdc_rgba8888_mxt_9x60_wvga/debug/_ext/802015102/drv_maxtouch.o
 .text._mxt_DelayMS
                0x23f011c8       0x38 build/lcdc_rgba8888_mxt_9x60_wvga/debug/_ext/802015102/drv_maxtouch.o
 .text.mxt_calculate_crc
                0x23f01200       0xac build/lcdc_rgba8888_mxt_9x60_wvga/debug/_ext/802015102/drv_maxtouch.o
 .text.MXT_INTERRUPT_PIN_VALUE_GET
                0x23f012ac       0x14 build/lcdc_rgba8888_mxt_9x60_wvga/debug/_ext/802015102/drv_maxtouch.o
                0x23f012ac                MXT_INTERRUPT_PIN_VALUE_GET
 .text.DRV_MAXTOUCH_Initialize
                0x23f012c0       0xd4 build/lcdc_rgba8888_mxt_9x60_wvga/debug/_ext/802015102/drv_maxtouch.o
                0x23f012c0                DRV_MAXTOUCH_Initialize
 .text.DRV_MAXTOUCH_Open
                0x23f01394      0x12c build/lcdc_rgba8888_mxt_9x60_wvga/debug/_ext/802015102/drv_maxtouch.o
                0x23f01394                DRV_MAXTOUCH_Open
 .text.DRV_MAXTOUCH_Tasks
                0x23f014c0      0xadc build/lcdc_rgba8888_mxt_9x60_wvga/debug/_ext/802015102/drv_maxtouch.o
                0x23f014c0                DRV_MAXTOUCH_Tasks
 .text.gfxcCreate
                0x23f01f9c       0x98 build/lcdc_rgba8888_mxt_9x60_wvga/debug/_ext/51791817/gfx_canvas_api.o
                0x23f01f9c                gfxcCreate
 .text.gfxcSetPixelBuffer
                0x23f02034       0x78 build/lcdc_rgba8888_mxt_9x60_wvga/debug/_ext/51791817/gfx_canvas_api.o
                0x23f02034                gfxcSetPixelBuffer
 .text.gfxcSetLayer
                0x23f020ac       0x50 build/lcdc_rgba8888_mxt_9x60_wvga/debug/_ext/51791817/gfx_canvas_api.o
                0x23f020ac                gfxcSetLayer
 .text.gfxcSetWindowPosition
                0x23f020fc       0x3c build/lcdc_rgba8888_mxt_9x60_wvga/debug/_ext/51791817/gfx_canvas_api.o
                0x23f020fc                gfxcSetWindowPosition
 .text.gfxcSetWindowSize
                0x23f02138       0x3c build/lcdc_rgba8888_mxt_9x60_wvga/debug/_ext/51791817/gfx_canvas_api.o
                0x23f02138                gfxcSetWindowSize
 .text.gfxcShowCanvas
                0x23f02174       0x2c build/lcdc_rgba8888_mxt_9x60_wvga/debug/_ext/51791817/gfx_canvas_api.o
                0x23f02174                gfxcShowCanvas
 .text.gfxcCanvasUpdate
                0x23f021a0       0x20 build/lcdc_rgba8888_mxt_9x60_wvga/debug/_ext/51791817/gfx_canvas_api.o
                0x23f021a0                gfxcCanvasUpdate
 .text.effectsTimerCallback
                0x23f021c0       0x18 build/lcdc_rgba8888_mxt_9x60_wvga/debug/_ext/51791817/gfx_canvas.o
 .text.GFXC_Update
                0x23f021d8        0x4 build/lcdc_rgba8888_mxt_9x60_wvga/debug/_ext/51791817/gfx_canvas.o
 .text.GFX_CANVAS_IOCTL
                0x23f021dc      0x2b4 build/lcdc_rgba8888_mxt_9x60_wvga/debug/_ext/51791817/gfx_canvas.o
 .text.GFXC_BlitBuffer
                0x23f02490       0xf0 build/lcdc_rgba8888_mxt_9x60_wvga/debug/_ext/51791817/gfx_canvas.o
 .text.GFX_CANVAS_Initialize
                0x23f02580      0x130 build/lcdc_rgba8888_mxt_9x60_wvga/debug/_ext/51791817/gfx_canvas.o
                0x23f02580                GFX_CANVAS_Initialize
 .text._gfxcCanvasUpdate
                0x23f026b0      0x2f8 build/lcdc_rgba8888_mxt_9x60_wvga/debug/_ext/51791817/gfx_canvas.o
                0x23f026b0                _gfxcCanvasUpdate
 .text.GFX_CANVAS_Task
                0x23f029a8      0x3ac build/lcdc_rgba8888_mxt_9x60_wvga/debug/_ext/51791817/gfx_canvas.o
                0x23f029a8                GFX_CANVAS_Task
 .text.gfxPixelBufferCreate
                0x23f02d54       0xd8 build/lcdc_rgba8888_mxt_9x60_wvga/debug/_ext/95971993/gfx_driver.o
                0x23f02d54                gfxPixelBufferCreate
 .text.gfxPixelBufferOffsetGet
                0x23f02e2c       0x4c build/lcdc_rgba8888_mxt_9x60_wvga/debug/_ext/95971993/gfx_driver.o
                0x23f02e2c                gfxPixelBufferOffsetGet
 .text.gfxPixelBuffer_IsLocked
                0x23f02e78       0x14 build/lcdc_rgba8888_mxt_9x60_wvga/debug/_ext/95971993/gfx_driver.o
                0x23f02e78                gfxPixelBuffer_IsLocked
 .text.getLCDCStrideFromColorMode
                0x23f02e8c       0x30 build/lcdc_rgba8888_mxt_9x60_wvga/debug/_ext/1886796627/drv_gfx_lcdc.o
 .text._IntHandlerLayerReadComplete
                0x23f02ebc       0xb4 build/lcdc_rgba8888_mxt_9x60_wvga/debug/_ext/1886796627/drv_gfx_lcdc.o
                0x23f02ebc                _IntHandlerLayerReadComplete
 .text.DRV_LCDC_Update
                0x23f02f70       0x50 build/lcdc_rgba8888_mxt_9x60_wvga/debug/_ext/1886796627/drv_gfx_lcdc.o
                0x23f02f70                DRV_LCDC_Update
 .text.LCDC_BrightnessSet
                0x23f02fc0       0x24 build/lcdc_rgba8888_mxt_9x60_wvga/debug/_ext/1886796627/drv_gfx_lcdc.o
                0x23f02fc0                LCDC_BrightnessSet
 .text.DRV_LCDC_Initialize
                0x23f02fe4      0x370 build/lcdc_rgba8888_mxt_9x60_wvga/debug/_ext/1886796627/drv_gfx_lcdc.o
                0x23f02fe4                DRV_LCDC_Initialize
 .text.DRV_LCDC_BlitBuffer
                0x23f03354       0xf0 build/lcdc_rgba8888_mxt_9x60_wvga/debug/_ext/1886796627/drv_gfx_lcdc.o
                0x23f03354                DRV_LCDC_BlitBuffer
 .text.DRV_LCDC_IOCTL
                0x23f03444      0x70c build/lcdc_rgba8888_mxt_9x60_wvga/debug/_ext/1886796627/drv_gfx_lcdc.o
                0x23f03444                DRV_LCDC_IOCTL
 .text.leColorBlend_RGBA_8888
                0x23f03b50      0x168 build/lcdc_rgba8888_mxt_9x60_wvga/debug/_ext/1483321925/legato_color_blend.o
                0x23f03b50                leColorBlend_RGBA_8888
 .text.leColorBlend_ARGB_8888
                0x23f03cb8      0x14c build/lcdc_rgba8888_mxt_9x60_wvga/debug/_ext/1483321925/legato_color_blend.o
                0x23f03cb8                leColorBlend_ARGB_8888
 .text.no_conv  0x23f03e04        0x4 build/lcdc_rgba8888_mxt_9x60_wvga/debug/_ext/1483321925/legato_color_convert.o
 .text.gs8_rgb332
                0x23f03e08       0x10 build/lcdc_rgba8888_mxt_9x60_wvga/debug/_ext/1483321925/legato_color_convert.o
 .text.gs8_rgb565
                0x23f03e18       0x20 build/lcdc_rgba8888_mxt_9x60_wvga/debug/_ext/1483321925/legato_color_convert.o
 .text.gs8_rgba5551
                0x23f03e38       0x28 build/lcdc_rgba8888_mxt_9x60_wvga/debug/_ext/1483321925/legato_color_convert.o
 .text.gs8_rgb888
                0x23f03e60       0x10 build/lcdc_rgba8888_mxt_9x60_wvga/debug/_ext/1483321925/legato_color_convert.o
 .text.gs8_rgba8888
                0x23f03e70       0x14 build/lcdc_rgba8888_mxt_9x60_wvga/debug/_ext/1483321925/legato_color_convert.o
 .text.gs8_argb8888
                0x23f03e84       0x14 build/lcdc_rgba8888_mxt_9x60_wvga/debug/_ext/1483321925/legato_color_convert.o
 .text.gs8_mono
                0x23f03e98       0x10 build/lcdc_rgba8888_mxt_9x60_wvga/debug/_ext/1483321925/legato_color_convert.o
 .text.rgb332_rgb565
                0x23f03ea8       0x2c build/lcdc_rgba8888_mxt_9x60_wvga/debug/_ext/1483321925/legato_color_convert.o
 .text.rgb332_rgba5551
                0x23f03ed4       0x2c build/lcdc_rgba8888_mxt_9x60_wvga/debug/_ext/1483321925/legato_color_convert.o
 .text.rgb332_rgb888
                0x23f03f00       0x30 build/lcdc_rgba8888_mxt_9x60_wvga/debug/_ext/1483321925/legato_color_convert.o
 .text.rgb332_rgba8888
                0x23f03f30       0x2c build/lcdc_rgba8888_mxt_9x60_wvga/debug/_ext/1483321925/legato_color_convert.o
 .text.rgb332_argb8888
                0x23f03f5c       0x30 build/lcdc_rgba8888_mxt_9x60_wvga/debug/_ext/1483321925/legato_color_convert.o
 .text.rgb565_rgb332
                0x23f03f8c       0x20 build/lcdc_rgba8888_mxt_9x60_wvga/debug/_ext/1483321925/legato_color_convert.o
 .text.rgb565_rgba5551
                0x23f03fac       0x20 build/lcdc_rgba8888_mxt_9x60_wvga/debug/_ext/1483321925/legato_color_convert.o
 .text.rgb565_rgb888
                0x23f03fcc       0x24 build/lcdc_rgba8888_mxt_9x60_wvga/debug/_ext/1483321925/legato_color_convert.o
 .text.rgb565_rgba8888
                0x23f03ff0       0x24 build/lcdc_rgba8888_mxt_9x60_wvga/debug/_ext/1483321925/legato_color_convert.o
 .text.rgb565_argb8888
                0x23f04014       0x28 build/lcdc_rgba8888_mxt_9x60_wvga/debug/_ext/1483321925/legato_color_convert.o
 .text.rgba5551_gs8
                0x23f0403c        0x4 build/lcdc_rgba8888_mxt_9x60_wvga/debug/_ext/1483321925/legato_color_convert.o
 .text.rgba5551_rgb332
                0x23f04040       0x20 build/lcdc_rgba8888_mxt_9x60_wvga/debug/_ext/1483321925/legato_color_convert.o
 .text.rgba5551_rgb565
                0x23f04060       0x1c build/lcdc_rgba8888_mxt_9x60_wvga/debug/_ext/1483321925/legato_color_convert.o
 .text.rgba5551_rgb888
                0x23f0407c       0x30 build/lcdc_rgba8888_mxt_9x60_wvga/debug/_ext/1483321925/legato_color_convert.o
 .text.rgba5551_rgba8888
                0x23f040ac       0x40 build/lcdc_rgba8888_mxt_9x60_wvga/debug/_ext/1483321925/legato_color_convert.o
 .text.rgba5551_argb8888
                0x23f040ec       0x40 build/lcdc_rgba8888_mxt_9x60_wvga/debug/_ext/1483321925/legato_color_convert.o
 .text.rgb888_gs8
                0x23f0412c        0x4 build/lcdc_rgba8888_mxt_9x60_wvga/debug/_ext/1483321925/legato_color_convert.o
 .text.rgb888_rgb332
                0x23f04130       0x24 build/lcdc_rgba8888_mxt_9x60_wvga/debug/_ext/1483321925/legato_color_convert.o
 .text.rgb888_rgb565
                0x23f04154       0x20 build/lcdc_rgba8888_mxt_9x60_wvga/debug/_ext/1483321925/legato_color_convert.o
 .text.rgb888_rgba5551
                0x23f04174       0x28 build/lcdc_rgba8888_mxt_9x60_wvga/debug/_ext/1483321925/legato_color_convert.o
 .text.rgb888_rgba8888
                0x23f0419c        0xc build/lcdc_rgba8888_mxt_9x60_wvga/debug/_ext/1483321925/legato_color_convert.o
 .text.rgb888_argb8888
                0x23f041a8        0x8 build/lcdc_rgba8888_mxt_9x60_wvga/debug/_ext/1483321925/legato_color_convert.o
 .text.rgba8888_gs8
                0x23f041b0        0x4 build/lcdc_rgba8888_mxt_9x60_wvga/debug/_ext/1483321925/legato_color_convert.o
 .text.rgba8888_rgb332
                0x23f041b4       0x20 build/lcdc_rgba8888_mxt_9x60_wvga/debug/_ext/1483321925/legato_color_convert.o
 .text.rgba8888_rgb565
                0x23f041d4       0x20 build/lcdc_rgba8888_mxt_9x60_wvga/debug/_ext/1483321925/legato_color_convert.o
 .text.rgba8888_rgba5551
                0x23f041f4       0x34 build/lcdc_rgba8888_mxt_9x60_wvga/debug/_ext/1483321925/legato_color_convert.o
 .text.rgba8888_rgb888
                0x23f04228        0x8 build/lcdc_rgba8888_mxt_9x60_wvga/debug/_ext/1483321925/legato_color_convert.o
 .text.rgba8888_argb8888
                0x23f04230        0x8 build/lcdc_rgba8888_mxt_9x60_wvga/debug/_ext/1483321925/legato_color_convert.o
 .text.argb8888_rgba5551
                0x23f04238       0x34 build/lcdc_rgba8888_mxt_9x60_wvga/debug/_ext/1483321925/legato_color_convert.o
 .text.argb8888_rgb888
                0x23f0426c        0x8 build/lcdc_rgba8888_mxt_9x60_wvga/debug/_ext/1483321925/legato_color_convert.o
 .text.argb8888_rgba8888
                0x23f04274        0x8 build/lcdc_rgba8888_mxt_9x60_wvga/debug/_ext/1483321925/legato_color_convert.o
 .text.rgb565_gs8
                0x23f0427c       0x54 build/lcdc_rgba8888_mxt_9x60_wvga/debug/_ext/1483321925/legato_color_convert.o
 .text.rgb332_gs8
                0x23f042d0       0x54 build/lcdc_rgba8888_mxt_9x60_wvga/debug/_ext/1483321925/legato_color_convert.o
 .text.leColorConvert
                0x23f04324       0x28 build/lcdc_rgba8888_mxt_9x60_wvga/debug/_ext/1483321925/legato_color_convert.o
                0x23f04324                leColorConvert
 .text.leColorSwap
                0x23f0434c       0xa8 build/lcdc_rgba8888_mxt_9x60_wvga/debug/_ext/1483321925/legato_color.o
                0x23f0434c                leColorSwap
 .text.lerp_argb8888
                0x23f043f4       0x78 build/lcdc_rgba8888_mxt_9x60_wvga/debug/_ext/1483321925/legato_color_lerp.o
 .text.lerp_rgba8888
                0x23f0446c       0x78 build/lcdc_rgba8888_mxt_9x60_wvga/debug/_ext/1483321925/legato_color_lerp.o
 .text.lerp_rgb888
                0x23f044e4       0x60 build/lcdc_rgba8888_mxt_9x60_wvga/debug/_ext/1483321925/legato_color_lerp.o
 .text.lerp_rgba5551
                0x23f04544       0x74 build/lcdc_rgba8888_mxt_9x60_wvga/debug/_ext/1483321925/legato_color_lerp.o
 .text.lerp_rgb565
                0x23f045b8       0x60 build/lcdc_rgba8888_mxt_9x60_wvga/debug/_ext/1483321925/legato_color_lerp.o
 .text.lerp_rgb332
                0x23f04618       0x60 build/lcdc_rgba8888_mxt_9x60_wvga/debug/_ext/1483321925/legato_color_lerp.o
 .text.lerp_gs8
                0x23f04678        0xc build/lcdc_rgba8888_mxt_9x60_wvga/debug/_ext/1483321925/legato_color_lerp.o
 .text.leColorLerp
                0x23f04684       0x40 build/lcdc_rgba8888_mxt_9x60_wvga/debug/_ext/1483321925/legato_color_lerp.o
                0x23f04684                leColorLerp
 .text.leColorBilerp
                0x23f046c4       0x5c build/lcdc_rgba8888_mxt_9x60_wvga/debug/_ext/1483321925/legato_color_lerp.o
                0x23f046c4                leColorBilerp
 .text.leQueryArcQuadrants
                0x23f04720      0x124 build/lcdc_rgba8888_mxt_9x60_wvga/debug/_ext/1483321925/legato_math.o
 .text.leNormalizeAngle
                0x23f04844       0x30 build/lcdc_rgba8888_mxt_9x60_wvga/debug/_ext/1483321925/legato_math.o
                0x23f04844                leNormalizeAngle
 .text.leSin    0x23f04874       0x80 build/lcdc_rgba8888_mxt_9x60_wvga/debug/_ext/1483321925/legato_math.o
                0x23f04874                leSin
 .text.leCos    0x23f048f4       0x78 build/lcdc_rgba8888_mxt_9x60_wvga/debug/_ext/1483321925/legato_math.o
                0x23f048f4                leCos
 .text.lePolarToXY
                0x23f0496c       0x60 build/lcdc_rgba8888_mxt_9x60_wvga/debug/_ext/1483321925/legato_math.o
                0x23f0496c                lePolarToXY
 .text.leMini   0x23f049cc        0xc build/lcdc_rgba8888_mxt_9x60_wvga/debug/_ext/1483321925/legato_math.o
                0x23f049cc                leMini
 .text.leMaxi   0x23f049d8        0xc build/lcdc_rgba8888_mxt_9x60_wvga/debug/_ext/1483321925/legato_math.o
                0x23f049d8                leMaxi
 .text.leClampi
                0x23f049e4       0x18 build/lcdc_rgba8888_mxt_9x60_wvga/debug/_ext/1483321925/legato_math.o
                0x23f049e4                leClampi
 .text.lePercent
                0x23f049fc       0x1c build/lcdc_rgba8888_mxt_9x60_wvga/debug/_ext/1483321925/legato_math.o
                0x23f049fc                lePercent
 .text.lePercentWholeRounded
                0x23f04a18       0x3c build/lcdc_rgba8888_mxt_9x60_wvga/debug/_ext/1483321925/legato_math.o
                0x23f04a18                lePercentWholeRounded
 .text.lePercentOf
                0x23f04a54       0x58 build/lcdc_rgba8888_mxt_9x60_wvga/debug/_ext/1483321925/legato_math.o
                0x23f04a54                lePercentOf
 .text.leScaleInteger
                0x23f04aac       0x44 build/lcdc_rgba8888_mxt_9x60_wvga/debug/_ext/1483321925/legato_math.o
                0x23f04aac                leScaleInteger
 .text.leLerp   0x23f04af0       0x58 build/lcdc_rgba8888_mxt_9x60_wvga/debug/_ext/1483321925/legato_math.o
                0x23f04af0                leLerp
 .text.lePointOnLineSide
                0x23f04b48       0x60 build/lcdc_rgba8888_mxt_9x60_wvga/debug/_ext/1483321925/legato_math.o
                0x23f04b48                lePointOnLineSide
 .text.leRotatePoint
                0x23f04ba8       0xbc build/lcdc_rgba8888_mxt_9x60_wvga/debug/_ext/1483321925/legato_math.o
                0x23f04ba8                leRotatePoint
 .text.leRotatedRectBounds
                0x23f04c64      0x14c build/lcdc_rgba8888_mxt_9x60_wvga/debug/_ext/1483321925/legato_math.o
                0x23f04c64                leRotatedRectBounds
 .text.leSqrt   0x23f04db0       0x58 build/lcdc_rgba8888_mxt_9x60_wvga/debug/_ext/1483321925/legato_math.o
                0x23f04db0                leSqrt
 .text.lePointOnCircle
                0x23f04e08       0x30 build/lcdc_rgba8888_mxt_9x60_wvga/debug/_ext/1483321925/legato_math.o
                0x23f04e08                lePointOnCircle
 .text.leResolveAngles
                0x23f04e38      0x268 build/lcdc_rgba8888_mxt_9x60_wvga/debug/_ext/1483321925/legato_math.o
                0x23f04e38                leResolveAngles
 .text.leRound  0x23f050a0       0xa0 build/lcdc_rgba8888_mxt_9x60_wvga/debug/_ext/1483321925/legato_math.o
                0x23f050a0                leRound
 .text.leRectContainsPoint
                0x23f05140       0x60 build/lcdc_rgba8888_mxt_9x60_wvga/debug/_ext/1483321925/legato_rect.o
                0x23f05140                leRectContainsPoint
 .text.leRectContainsRect
                0x23f051a0       0x70 build/lcdc_rgba8888_mxt_9x60_wvga/debug/_ext/1483321925/legato_rect.o
                0x23f051a0                leRectContainsRect
 .text.leRectIntersects
                0x23f05210       0x70 build/lcdc_rgba8888_mxt_9x60_wvga/debug/_ext/1483321925/legato_rect.o
                0x23f05210                leRectIntersects
 .text.leRectCombine
                0x23f05280       0x88 build/lcdc_rgba8888_mxt_9x60_wvga/debug/_ext/1483321925/legato_rect.o
                0x23f05280                leRectCombine
 .text.leRectClipAdj
                0x23f05308      0x180 build/lcdc_rgba8888_mxt_9x60_wvga/debug/_ext/1483321925/legato_rect.o
                0x23f05308                leRectClipAdj
 .text.leRectClip
                0x23f05488       0xa0 build/lcdc_rgba8888_mxt_9x60_wvga/debug/_ext/1483321925/legato_rect.o
                0x23f05488                leRectClip
 .text.leRectCompare
                0x23f05528       0x60 build/lcdc_rgba8888_mxt_9x60_wvga/debug/_ext/1483321925/legato_rect.o
                0x23f05528                leRectCompare
 .text.leRectsAreSimilar
                0x23f05588       0xcc build/lcdc_rgba8888_mxt_9x60_wvga/debug/_ext/1483321925/legato_rect.o
                0x23f05588                leRectsAreSimilar
 .text.leUtils_PickFromWidget
                0x23f05654       0xe4 build/lcdc_rgba8888_mxt_9x60_wvga/debug/_ext/1483321925/legato_utils.o
                0x23f05654                leUtils_PickFromWidget
 .text.leUtils_ClipRectToParent
                0x23f05738       0x84 build/lcdc_rgba8888_mxt_9x60_wvga/debug/_ext/1483321925/legato_utils.o
                0x23f05738                leUtils_ClipRectToParent
 .text.leUtils_RectToScreenSpace
                0x23f057bc       0x44 build/lcdc_rgba8888_mxt_9x60_wvga/debug/_ext/1483321925/legato_utils.o
                0x23f057bc                leUtils_RectToScreenSpace
 .text.leUtils_ClipRectToAncestors
                0x23f05800       0x94 build/lcdc_rgba8888_mxt_9x60_wvga/debug/_ext/1483321925/legato_utils.o
                0x23f05800                leUtils_ClipRectToAncestors
 .text.leUtils_ArrangeRectangle
                0x23f05894      0x280 build/lcdc_rgba8888_mxt_9x60_wvga/debug/_ext/1483321925/legato_utils.o
                0x23f05894                leUtils_ArrangeRectangle
 .text.leUtils_ArrangeRectangleRelative
                0x23f05b14      0x2b0 build/lcdc_rgba8888_mxt_9x60_wvga/debug/_ext/1483321925/legato_utils.o
                0x23f05b14                leUtils_ArrangeRectangleRelative
 .text.leUtils_GetSchemeLookupTable
                0x23f05dc4       0x64 build/lcdc_rgba8888_mxt_9x60_wvga/debug/_ext/1483321925/legato_utils.o
                0x23f05dc4                leUtils_GetSchemeLookupTable
 .text.indexGet1bpp
                0x23f05e28       0x20 build/lcdc_rgba8888_mxt_9x60_wvga/debug/_ext/1483321925/legato_pixelbuffer.o
 .text.indexGet4bpp
                0x23f05e48       0x18 build/lcdc_rgba8888_mxt_9x60_wvga/debug/_ext/1483321925/legato_pixelbuffer.o
 .text.indexGet
                0x23f05e60       0x64 build/lcdc_rgba8888_mxt_9x60_wvga/debug/_ext/1483321925/legato_pixelbuffer.o
 .text.get1byte
                0x23f05ec4        0x8 build/lcdc_rgba8888_mxt_9x60_wvga/debug/_ext/1483321925/legato_pixelbuffer.o
 .text.get2byte
                0x23f05ecc        0x8 build/lcdc_rgba8888_mxt_9x60_wvga/debug/_ext/1483321925/legato_pixelbuffer.o
 .text.get3byte
                0x23f05ed4       0x1c build/lcdc_rgba8888_mxt_9x60_wvga/debug/_ext/1483321925/legato_pixelbuffer.o
 .text.get4byte
                0x23f05ef0        0x8 build/lcdc_rgba8888_mxt_9x60_wvga/debug/_ext/1483321925/legato_pixelbuffer.o
 .text.set1byte
                0x23f05ef8        0xc build/lcdc_rgba8888_mxt_9x60_wvga/debug/_ext/1483321925/legato_pixelbuffer.o
 .text.set2byte
                0x23f05f04        0xc build/lcdc_rgba8888_mxt_9x60_wvga/debug/_ext/1483321925/legato_pixelbuffer.o
 .text.set3byte
                0x23f05f10       0x1c build/lcdc_rgba8888_mxt_9x60_wvga/debug/_ext/1483321925/legato_pixelbuffer.o
 .text.set4byte
                0x23f05f2c        0xc build/lcdc_rgba8888_mxt_9x60_wvga/debug/_ext/1483321925/legato_pixelbuffer.o
 .text.lePixelBufferCreate
                0x23f05f38       0xd0 build/lcdc_rgba8888_mxt_9x60_wvga/debug/_ext/1483321925/legato_pixelbuffer.o
                0x23f05f38                lePixelBufferCreate
 .text.lePixelBufferOffsetGet
                0x23f06008       0x5c build/lcdc_rgba8888_mxt_9x60_wvga/debug/_ext/1483321925/legato_pixelbuffer.o
                0x23f06008                lePixelBufferOffsetGet
 .text.lePixelBufferOffsetGet_Unsafe
                0x23f06064       0x44 build/lcdc_rgba8888_mxt_9x60_wvga/debug/_ext/1483321925/legato_pixelbuffer.o
                0x23f06064                lePixelBufferOffsetGet_Unsafe
 .text.lePixelBufferGet_Unsafe
                0x23f060a8       0x64 build/lcdc_rgba8888_mxt_9x60_wvga/debug/_ext/1483321925/legato_pixelbuffer.o
                0x23f060a8                lePixelBufferGet_Unsafe
 .text.lePixelBufferGet
                0x23f0610c       0x34 build/lcdc_rgba8888_mxt_9x60_wvga/debug/_ext/1483321925/legato_pixelbuffer.o
                0x23f0610c                lePixelBufferGet
 .text.lePixelBufferClipRect
                0x23f06140       0x84 build/lcdc_rgba8888_mxt_9x60_wvga/debug/_ext/1483321925/legato_pixelbuffer.o
                0x23f06140                lePixelBufferClipRect
 .text.lePixelBufferGetIndex_Unsafe
                0x23f061c4       0x2c build/lcdc_rgba8888_mxt_9x60_wvga/debug/_ext/1483321925/legato_pixelbuffer.o
                0x23f061c4                lePixelBufferGetIndex_Unsafe
 .text.lePixelBufferSet_Unsafe
                0x23f061f0       0x7c build/lcdc_rgba8888_mxt_9x60_wvga/debug/_ext/1483321925/legato_pixelbuffer.o
                0x23f061f0                lePixelBufferSet_Unsafe
 .text.lePixelBufferSet
                0x23f0626c       0x28 build/lcdc_rgba8888_mxt_9x60_wvga/debug/_ext/1483321925/legato_pixelbuffer.o
                0x23f0626c                lePixelBufferSet
 .text.lePixelBufferAreaFill_Unsafe
                0x23f06294      0x110 build/lcdc_rgba8888_mxt_9x60_wvga/debug/_ext/1483321925/legato_pixelbuffer.o
                0x23f06294                lePixelBufferAreaFill_Unsafe
 .text.lePixelBufferAreaFill
                0x23f063a4       0x70 build/lcdc_rgba8888_mxt_9x60_wvga/debug/_ext/1483321925/legato_pixelbuffer.o
                0x23f063a4                lePixelBufferAreaFill
 .text.lePixelBufferCopy
                0x23f06414       0xd8 build/lcdc_rgba8888_mxt_9x60_wvga/debug/_ext/1483321925/legato_pixelbuffer.o
                0x23f06414                lePixelBufferCopy
 .text.leScheme_GetRenderColor
                0x23f064ec       0x38 build/lcdc_rgba8888_mxt_9x60_wvga/debug/_ext/1553762159/legato_scheme.o
                0x23f064ec                leScheme_GetRenderColor
 .text.leInput_Init
                0x23f06524       0x2c build/lcdc_rgba8888_mxt_9x60_wvga/debug/_ext/1553762159/legato_input.o
                0x23f06524                leInput_Init
 .text.leInput_InjectTouchDown
                0x23f06550       0xd8 build/lcdc_rgba8888_mxt_9x60_wvga/debug/_ext/1553762159/legato_input.o
                0x23f06550                leInput_InjectTouchDown
 .text.leInput_InjectTouchUp
                0x23f06628       0xb4 build/lcdc_rgba8888_mxt_9x60_wvga/debug/_ext/1553762159/legato_input.o
                0x23f06628                leInput_InjectTouchUp
 .text.leInput_InjectTouchMoved
                0x23f066dc      0x12c build/lcdc_rgba8888_mxt_9x60_wvga/debug/_ext/1553762159/legato_input.o
                0x23f066dc                leInput_InjectTouchMoved
 .text.handleTouchDown
                0x23f06808      0x118 build/lcdc_rgba8888_mxt_9x60_wvga/debug/_ext/1553762159/legato_input.o
                0x23f06808                handleTouchDown
 .text.handleTouchUp
                0x23f06920       0x70 build/lcdc_rgba8888_mxt_9x60_wvga/debug/_ext/1553762159/legato_input.o
                0x23f06920                handleTouchUp
 .text.handleTouchMoved
                0x23f06990       0x70 build/lcdc_rgba8888_mxt_9x60_wvga/debug/_ext/1553762159/legato_input.o
                0x23f06990                handleTouchMoved
 .text._leInput_HandleInputEvent
                0x23f06a00       0x40 build/lcdc_rgba8888_mxt_9x60_wvga/debug/_ext/1553762159/legato_input.o
                0x23f06a00                _leInput_HandleInputEvent
 .text._leGetEventState
                0x23f06a40        0xc build/lcdc_rgba8888_mxt_9x60_wvga/debug/_ext/1553762159/legato_event.o
                0x23f06a40                _leGetEventState
 .text.leEvent_Init
                0x23f06a4c       0x20 build/lcdc_rgba8888_mxt_9x60_wvga/debug/_ext/1553762159/legato_event.o
                0x23f06a4c                leEvent_Init
 .text.leEvent_AddEvent
                0x23f06a6c       0x28 build/lcdc_rgba8888_mxt_9x60_wvga/debug/_ext/1553762159/legato_event.o
                0x23f06a6c                leEvent_AddEvent
 .text.leEvent_ProcessEvents
                0x23f06a94       0xb4 build/lcdc_rgba8888_mxt_9x60_wvga/debug/_ext/1553762159/legato_event.o
                0x23f06a94                leEvent_ProcessEvents
 .text.leWidgetEvent_Accept
                0x23f06b48       0x14 build/lcdc_rgba8888_mxt_9x60_wvga/debug/_ext/1553762159/legato_event.o
                0x23f06b48                leWidgetEvent_Accept
 .text.updateWidget
                0x23f06b5c       0x4c build/lcdc_rgba8888_mxt_9x60_wvga/debug/_ext/1553762159/legato_state.o
 .text.leGetState
                0x23f06ba8        0xc build/lcdc_rgba8888_mxt_9x60_wvga/debug/_ext/1553762159/legato_state.o
                0x23f06ba8                leGetState
 .text.leAddLayer
                0x23f06bb4       0xb8 build/lcdc_rgba8888_mxt_9x60_wvga/debug/_ext/1553762159/legato_state.o
                0x23f06bb4                leAddLayer
 .text.leInitialize
                0x23f06c6c       0xa4 build/lcdc_rgba8888_mxt_9x60_wvga/debug/_ext/1553762159/legato_state.o
                0x23f06c6c                leInitialize
 .text.leGetLayerState
                0x23f06d10       0x50 build/lcdc_rgba8888_mxt_9x60_wvga/debug/_ext/1553762159/legato_state.o
                0x23f06d10                leGetLayerState
 .text.leGetLayerColorMode
                0x23f06d60       0x54 build/lcdc_rgba8888_mxt_9x60_wvga/debug/_ext/1553762159/legato_state.o
                0x23f06d60                leGetLayerColorMode
 .text.leGetLayerRenderHorizontal
                0x23f06db4       0x54 build/lcdc_rgba8888_mxt_9x60_wvga/debug/_ext/1553762159/legato_state.o
                0x23f06db4                leGetLayerRenderHorizontal
 .text.leGetFocusWidget
                0x23f06e08       0x10 build/lcdc_rgba8888_mxt_9x60_wvga/debug/_ext/1553762159/legato_state.o
                0x23f06e08                leGetFocusWidget
 .text.leSetFocusWidget
                0x23f06e18       0x84 build/lcdc_rgba8888_mxt_9x60_wvga/debug/_ext/1553762159/legato_state.o
                0x23f06e18                leSetFocusWidget
 .text.leGetEditWidget
                0x23f06e9c       0x10 build/lcdc_rgba8888_mxt_9x60_wvga/debug/_ext/1553762159/legato_state.o
                0x23f06e9c                leGetEditWidget
 .text.leSetEditWidget
                0x23f06eac       0x84 build/lcdc_rgba8888_mxt_9x60_wvga/debug/_ext/1553762159/legato_state.o
                0x23f06eac                leSetEditWidget
 .text.leRedrawAll
                0x23f06f30       0x50 build/lcdc_rgba8888_mxt_9x60_wvga/debug/_ext/1553762159/legato_state.o
                0x23f06f30                leRedrawAll
 .text.leSetLayerColorMode
                0x23f06f80       0x74 build/lcdc_rgba8888_mxt_9x60_wvga/debug/_ext/1553762159/legato_state.o
                0x23f06f80                leSetLayerColorMode
 .text.leSetStringTable
                0x23f06ff4       0x18 build/lcdc_rgba8888_mxt_9x60_wvga/debug/_ext/1553762159/legato_state.o
                0x23f06ff4                leSetStringTable
 .text.leIsDrawing
                0x23f0700c       0x14 build/lcdc_rgba8888_mxt_9x60_wvga/debug/_ext/1553762159/legato_state.o
                0x23f0700c                leIsDrawing
 .text.leUpdate
                0x23f07020      0x114 build/lcdc_rgba8888_mxt_9x60_wvga/debug/_ext/1553762159/legato_state.o
                0x23f07020                leUpdate
 .text.leAddRootWidget
                0x23f07134       0x68 build/lcdc_rgba8888_mxt_9x60_wvga/debug/_ext/1553762159/legato_state.o
                0x23f07134                leAddRootWidget
 .text.leRemoveRootWidget
                0x23f0719c       0x74 build/lcdc_rgba8888_mxt_9x60_wvga/debug/_ext/1553762159/legato_state.o
                0x23f0719c                leRemoveRootWidget
 .text.leGetWidgetLayer
                0x23f07210       0x8c build/lcdc_rgba8888_mxt_9x60_wvga/debug/_ext/1553762159/legato_state.o
                0x23f07210                leGetWidgetLayer
 .text.leWidgetIsInScene
                0x23f0729c       0x14 build/lcdc_rgba8888_mxt_9x60_wvga/debug/_ext/1553762159/legato_state.o
                0x23f0729c                leWidgetIsInScene
 .text._shuffleRight
                0x23f072b0       0x78 build/lcdc_rgba8888_mxt_9x60_wvga/debug/_ext/1653592263/legato_array.o
 .text._shuffleLeft
                0x23f07328       0x5c build/lcdc_rgba8888_mxt_9x60_wvga/debug/_ext/1653592263/legato_array.o
 .text.leArray_Create
                0x23f07384       0x1c build/lcdc_rgba8888_mxt_9x60_wvga/debug/_ext/1653592263/legato_array.o
                0x23f07384                leArray_Create
 .text.leArray_Resize
                0x23f073a0       0x70 build/lcdc_rgba8888_mxt_9x60_wvga/debug/_ext/1653592263/legato_array.o
                0x23f073a0                leArray_Resize
 .text.leArray_PushBack
                0x23f07410       0x60 build/lcdc_rgba8888_mxt_9x60_wvga/debug/_ext/1653592263/legato_array.o
                0x23f07410                leArray_PushBack
 .text.leArray_InsertAt
                0x23f07470       0x9c build/lcdc_rgba8888_mxt_9x60_wvga/debug/_ext/1653592263/legato_array.o
                0x23f07470                leArray_InsertAt
 .text.leArray_RemoveAt
                0x23f0750c       0x38 build/lcdc_rgba8888_mxt_9x60_wvga/debug/_ext/1653592263/legato_array.o
                0x23f0750c                leArray_RemoveAt
 .text.leArray_Get
                0x23f07544       0x18 build/lcdc_rgba8888_mxt_9x60_wvga/debug/_ext/1653592263/legato_array.o
                0x23f07544                leArray_Get
 .text.leArray_Find
                0x23f0755c       0x68 build/lcdc_rgba8888_mxt_9x60_wvga/debug/_ext/1653592263/legato_array.o
                0x23f0755c                leArray_Find
 .text.leArray_Remove
                0x23f075c4       0x58 build/lcdc_rgba8888_mxt_9x60_wvga/debug/_ext/1653592263/legato_array.o
                0x23f075c4                leArray_Remove
 .text.leArray_Clear
                0x23f0761c       0x38 build/lcdc_rgba8888_mxt_9x60_wvga/debug/_ext/1653592263/legato_array.o
                0x23f0761c                leArray_Clear
 .text.leList_Create
                0x23f07654       0x1c build/lcdc_rgba8888_mxt_9x60_wvga/debug/_ext/1653592263/legato_list.o
                0x23f07654                leList_Create
 .text.leList_PushBack
                0x23f07670       0x68 build/lcdc_rgba8888_mxt_9x60_wvga/debug/_ext/1653592263/legato_list.o
                0x23f07670                leList_PushBack
 .text.leList_Get
                0x23f076d8       0x44 build/lcdc_rgba8888_mxt_9x60_wvga/debug/_ext/1653592263/legato_list.o
                0x23f076d8                leList_Get
 .text.leList_Remove
                0x23f0771c       0xbc build/lcdc_rgba8888_mxt_9x60_wvga/debug/_ext/1653592263/legato_list.o
                0x23f0771c                leList_Remove
 .text.leList_Destroy
                0x23f077d8       0x4c build/lcdc_rgba8888_mxt_9x60_wvga/debug/_ext/1653592263/legato_list.o
                0x23f077d8                leList_Destroy
 .text._shuffleLeft
                0x23f07824       0xac build/lcdc_rgba8888_mxt_9x60_wvga/debug/_ext/1653592263/legato_rectarray.o
 .text.leRectArray_Create
                0x23f078d0       0x1c build/lcdc_rgba8888_mxt_9x60_wvga/debug/_ext/1653592263/legato_rectarray.o
                0x23f078d0                leRectArray_Create
 .text.leRectArray_Resize
                0x23f078ec       0x7c build/lcdc_rgba8888_mxt_9x60_wvga/debug/_ext/1653592263/legato_rectarray.o
                0x23f078ec                leRectArray_Resize
 .text.leRectArray_PushBack
                0x23f07968       0x70 build/lcdc_rgba8888_mxt_9x60_wvga/debug/_ext/1653592263/legato_rectarray.o
                0x23f07968                leRectArray_PushBack
 .text.leRectArray_RemoveAt
                0x23f079d8       0x38 build/lcdc_rgba8888_mxt_9x60_wvga/debug/_ext/1653592263/legato_rectarray.o
                0x23f079d8                leRectArray_RemoveAt
 .text.leRectArray_Copy
                0x23f07a10       0x74 build/lcdc_rgba8888_mxt_9x60_wvga/debug/_ext/1653592263/legato_rectarray.o
                0x23f07a10                leRectArray_Copy
 .text.leRectArray_Clear
                0x23f07a84       0x14 build/lcdc_rgba8888_mxt_9x60_wvga/debug/_ext/1653592263/legato_rectarray.o
                0x23f07a84                leRectArray_Clear
 .text.leRectArray_Destroy
                0x23f07a98       0x3c build/lcdc_rgba8888_mxt_9x60_wvga/debug/_ext/1653592263/legato_rectarray.o
                0x23f07a98                leRectArray_Destroy
 .text.leRectArray_RemoveDuplicates
                0x23f07ad4       0x90 build/lcdc_rgba8888_mxt_9x60_wvga/debug/_ext/1653592263/legato_rectarray.o
                0x23f07ad4                leRectArray_RemoveDuplicates
 .text.leRectArray_SortBySize
                0x23f07b64       0xdc build/lcdc_rgba8888_mxt_9x60_wvga/debug/_ext/1653592263/legato_rectarray.o
                0x23f07b64                leRectArray_SortBySize
 .text.leRectArray_SortByX
                0x23f07c40       0xfc build/lcdc_rgba8888_mxt_9x60_wvga/debug/_ext/1653592263/legato_rectarray.o
                0x23f07c40                leRectArray_SortByX
 .text.leRectArray_SortByY
                0x23f07d3c       0xf4 build/lcdc_rgba8888_mxt_9x60_wvga/debug/_ext/1653592263/legato_rectarray.o
                0x23f07d3c                leRectArray_SortByY
 .text.leRectArray_MergeSimilar
                0x23f07e30       0x98 build/lcdc_rgba8888_mxt_9x60_wvga/debug/_ext/1653592263/legato_rectarray.o
                0x23f07e30                leRectArray_MergeSimilar
 .text.leRectArray_RemoveOverlapping
                0x23f07ec8       0x84 build/lcdc_rgba8888_mxt_9x60_wvga/debug/_ext/1653592263/legato_rectarray.o
                0x23f07ec8                leRectArray_RemoveOverlapping
 .text.leRectArray_PadRectangleWidth
                0x23f07f4c      0x120 build/lcdc_rgba8888_mxt_9x60_wvga/debug/_ext/1653592263/legato_rectarray.o
                0x23f07f4c                leRectArray_PadRectangleWidth
 .text.leRectArray_CropToSizeY
                0x23f0806c      0x134 build/lcdc_rgba8888_mxt_9x60_wvga/debug/_ext/1653592263/legato_rectarray.o
                0x23f0806c                leRectArray_CropToSizeY
 .text.leRectArray_CropToSizeX
                0x23f081a0      0x134 build/lcdc_rgba8888_mxt_9x60_wvga/debug/_ext/1653592263/legato_rectarray.o
                0x23f081a0                leRectArray_CropToSizeX
 .text.drawGlyphRow8bpp
                0x23f082d4       0xf8 build/lcdc_rgba8888_mxt_9x60_wvga/debug/_ext/1553851423/legato_font.o
 .text.drawGlyphRow1bpp
                0x23f083cc       0xd0 build/lcdc_rgba8888_mxt_9x60_wvga/debug/_ext/1553851423/legato_font.o
 .text.drawGlyphRow8bppMono
                0x23f0849c       0x5c build/lcdc_rgba8888_mxt_9x60_wvga/debug/_ext/1553851423/legato_font.o
 .text.drawGlyphRow1bppMono
                0x23f084f8       0x64 build/lcdc_rgba8888_mxt_9x60_wvga/debug/_ext/1553851423/legato_font.o
 .text._drawUnknownGlyph
                0x23f0855c       0xf4 build/lcdc_rgba8888_mxt_9x60_wvga/debug/_ext/1553851423/legato_font.o
 .text.leFont_GetGlyphInfo
                0x23f08650       0xe0 build/lcdc_rgba8888_mxt_9x60_wvga/debug/_ext/1553851423/legato_font.o
                0x23f08650                leFont_GetGlyphInfo
 .text.leFont_DrawGlyphData
                0x23f08730      0x12c build/lcdc_rgba8888_mxt_9x60_wvga/debug/_ext/1553851423/legato_font.o
                0x23f08730                leFont_DrawGlyphData
 .text.leFont_DrawGlyphData_Lookup
                0x23f0885c      0x300 build/lcdc_rgba8888_mxt_9x60_wvga/debug/_ext/1553851423/legato_font.o
                0x23f0885c                leFont_DrawGlyphData_Lookup
 .text.leFont_DrawGlyph
                0x23f08b5c       0xa4 build/lcdc_rgba8888_mxt_9x60_wvga/debug/_ext/1553851423/legato_font.o
                0x23f08b5c                leFont_DrawGlyph
 .text.leFont_DrawGlyph_Lookup
                0x23f08c00       0xb4 build/lcdc_rgba8888_mxt_9x60_wvga/debug/_ext/1553851423/legato_font.o
                0x23f08c00                leFont_DrawGlyph_Lookup
 .text.screenInit_Screen0
                0x23f08cb4       0x28 build/lcdc_rgba8888_mxt_9x60_wvga/debug/_ext/1849858236/le_gen_screen_Screen0.o
                0x23f08cb4                screenInit_Screen0
 .text.screenShow_Screen0
                0x23f08cdc      0x6dc build/lcdc_rgba8888_mxt_9x60_wvga/debug/_ext/1849858236/le_gen_screen_Screen0.o
                0x23f08cdc                screenShow_Screen0
 .text.screenUpdate_Screen0
                0x23f093b8       0x68 build/lcdc_rgba8888_mxt_9x60_wvga/debug/_ext/1849858236/le_gen_screen_Screen0.o
                0x23f093b8                screenUpdate_Screen0
 .text.screenHide_Screen0
                0x23f09420       0xe8 build/lcdc_rgba8888_mxt_9x60_wvga/debug/_ext/1849858236/le_gen_screen_Screen0.o
                0x23f09420                screenHide_Screen0
 .text.screenInit_Screen1
                0x23f09508       0x28 build/lcdc_rgba8888_mxt_9x60_wvga/debug/_ext/1849858236/le_gen_screen_Screen1.o
                0x23f09508                screenInit_Screen1
 .text.screenShow_Screen1
                0x23f09530     0x11d8 build/lcdc_rgba8888_mxt_9x60_wvga/debug/_ext/1849858236/le_gen_screen_Screen1.o
                0x23f09530                screenShow_Screen1
 .text.screenUpdate_Screen1
                0x23f0a708       0x48 build/lcdc_rgba8888_mxt_9x60_wvga/debug/_ext/1849858236/le_gen_screen_Screen1.o
                0x23f0a708                screenUpdate_Screen1
 .text.screenHide_Screen1
                0x23f0a750      0x1ac build/lcdc_rgba8888_mxt_9x60_wvga/debug/_ext/1849858236/le_gen_screen_Screen1.o
                0x23f0a750                screenHide_Screen1
 .text.touchMoveHandler
                0x23f0a8fc       0x18 build/lcdc_rgba8888_mxt_9x60_wvga/debug/_ext/1247075393/le_gen_harmony.o
 .text.touchUpHandler
                0x23f0a914       0x18 build/lcdc_rgba8888_mxt_9x60_wvga/debug/_ext/1247075393/le_gen_harmony.o
 .text.touchDownHandler
                0x23f0a92c       0x18 build/lcdc_rgba8888_mxt_9x60_wvga/debug/_ext/1247075393/le_gen_harmony.o
 .text.Legato_Initialize
                0x23f0a944       0x98 build/lcdc_rgba8888_mxt_9x60_wvga/debug/_ext/1247075393/le_gen_harmony.o
                0x23f0a944                Legato_Initialize
 .text.Legato_Tasks
                0x23f0a9dc       0x4c build/lcdc_rgba8888_mxt_9x60_wvga/debug/_ext/1247075393/le_gen_harmony.o
                0x23f0a9dc                Legato_Tasks
 .text.initializeStrings
                0x23f0aa28      0x158 build/lcdc_rgba8888_mxt_9x60_wvga/debug/_ext/1247075393/le_gen_stringtable.o
                0x23f0aa28                initializeStrings
 .text.legato_getCurrentScreen
                0x23f0ab80       0x10 build/lcdc_rgba8888_mxt_9x60_wvga/debug/_ext/1247075393/le_gen_init.o
                0x23f0ab80                legato_getCurrentScreen
 .text.legato_showScreen
                0x23f0ab90       0x1c build/lcdc_rgba8888_mxt_9x60_wvga/debug/_ext/1247075393/le_gen_init.o
                0x23f0ab90                legato_showScreen
 .text.legato_initializeScreenState
                0x23f0abac       0x44 build/lcdc_rgba8888_mxt_9x60_wvga/debug/_ext/1247075393/le_gen_init.o
                0x23f0abac                legato_initializeScreenState
 .text.legato_updateScreenState
                0x23f0abf0       0xc8 build/lcdc_rgba8888_mxt_9x60_wvga/debug/_ext/1247075393/le_gen_init.o
                0x23f0abf0                legato_updateScreenState
 .text.jpeg_idct_islow_leg
                0x23f0acb8      0x514 build/lcdc_rgba8888_mxt_9x60_wvga/debug/_ext/1797725076/jidctint.o
                0x23f0acb8                jpeg_idct_islow_leg
 .text.JPEG_wReadWord
                0x23f0b1cc       0x50 build/lcdc_rgba8888_mxt_9x60_wvga/debug/_ext/1797725076/legato_imagedecoder_jpeg_common.o
 .text.JPEG_bReadByte
                0x23f0b21c       0x2c build/lcdc_rgba8888_mxt_9x60_wvga/debug/_ext/1797725076/legato_imagedecoder_jpeg_common.o
 .text.JPEG_bGet1Bit
                0x23f0b248      0x154 build/lcdc_rgba8888_mxt_9x60_wvga/debug/_ext/1797725076/legato_imagedecoder_jpeg_common.o
 .text.JPEG_wGetBits
                0x23f0b39c       0x4c build/lcdc_rgba8888_mxt_9x60_wvga/debug/_ext/1797725076/legato_imagedecoder_jpeg_common.o
 .text.JPEG_sGetBitsValue
                0x23f0b3e8       0x50 build/lcdc_rgba8888_mxt_9x60_wvga/debug/_ext/1797725076/legato_imagedecoder_jpeg_common.o
 .text.JPEG_bGetNextHuffByte
                0x23f0b438       0x98 build/lcdc_rgba8888_mxt_9x60_wvga/debug/_ext/1797725076/legato_imagedecoder_jpeg_common.o
 .text.JPEG_vResetDecoder
                0x23f0b4d0       0x20 build/lcdc_rgba8888_mxt_9x60_wvga/debug/_ext/1797725076/legato_imagedecoder_jpeg_common.o
                0x23f0b4d0                JPEG_vResetDecoder
 .text.JPEG_bReadHeader
                0x23f0b4f0      0x7c8 build/lcdc_rgba8888_mxt_9x60_wvga/debug/_ext/1797725076/legato_imagedecoder_jpeg_common.o
                0x23f0b4f0                JPEG_bReadHeader
 .text.JPEG_bGenerateHuffmanTables
                0x23f0bcb8       0x90 build/lcdc_rgba8888_mxt_9x60_wvga/debug/_ext/1797725076/legato_imagedecoder_jpeg_common.o
                0x23f0bcb8                JPEG_bGenerateHuffmanTables
 .text.JPEG_bDecodeOneBlock
                0x23f0bd48      0x270 build/lcdc_rgba8888_mxt_9x60_wvga/debug/_ext/1797725076/legato_imagedecoder_jpeg_common.o
                0x23f0bd48                JPEG_bDecodeOneBlock
 .text.JPEG_vInitDisplay
                0x23f0bfb8       0x10 build/lcdc_rgba8888_mxt_9x60_wvga/debug/_ext/1797725076/legato_imagedecoder_jpeg_common.o
                0x23f0bfb8                JPEG_vInitDisplay
 .text.JPEG_bPaintOneBlock
                0x23f0bfc8      0x9c4 build/lcdc_rgba8888_mxt_9x60_wvga/debug/_ext/1797725076/legato_imagedecoder_jpeg_common.o
                0x23f0bfc8                JPEG_bPaintOneBlock
 .text._supportsImage
                0x23f0c98c       0x28 build/lcdc_rgba8888_mxt_9x60_wvga/debug/_ext/1797725076/legato_imagedecoder_jpeg.o
 .text.internalMemoryRead
                0x23f0c9b4       0x48 build/lcdc_rgba8888_mxt_9x60_wvga/debug/_ext/1797725076/legato_imagedecoder_jpeg.o
 .text.exec     0x23f0c9fc        0x8 build/lcdc_rgba8888_mxt_9x60_wvga/debug/_ext/1797725076/legato_imagedecoder_jpeg.o
 .text._render  0x23f0ca04      0x1fc build/lcdc_rgba8888_mxt_9x60_wvga/debug/_ext/1797725076/legato_imagedecoder_jpeg.o
 .text._draw    0x23f0cc00      0x20c build/lcdc_rgba8888_mxt_9x60_wvga/debug/_ext/1797725076/legato_imagedecoder_jpeg.o
 .text.blitToImage
                0x23f0ce0c       0xa4 build/lcdc_rgba8888_mxt_9x60_wvga/debug/_ext/1797725076/legato_imagedecoder_jpeg.o
 .text.blitToFrameBuffer
                0x23f0ceb0       0x98 build/lcdc_rgba8888_mxt_9x60_wvga/debug/_ext/1797725076/legato_imagedecoder_jpeg.o
 .text._leJPEGImageDecoder_Init
                0x23f0cf48       0x5c build/lcdc_rgba8888_mxt_9x60_wvga/debug/_ext/1797725076/legato_imagedecoder_jpeg.o
                0x23f0cf48                _leJPEGImageDecoder_Init
 .text.stage_decode
                0x23f0cfa4       0x3c build/lcdc_rgba8888_mxt_9x60_wvga/debug/_ext/1797636377/legato_imagedecoder_mono_read_internal.o
 .text._leMonoImageDecoder_ReadStage_Internal
                0x23f0cfe0       0x30 build/lcdc_rgba8888_mxt_9x60_wvga/debug/_ext/1797636377/legato_imagedecoder_mono_read_internal.o
                0x23f0cfe0                _leMonoImageDecoder_ReadStage_Internal
 .text._supportsImage
                0x23f0d010       0x14 build/lcdc_rgba8888_mxt_9x60_wvga/debug/_ext/1797636377/legato_imagedecoder_mono.o
 .text._decoderCleanup
                0x23f0d024       0x64 build/lcdc_rgba8888_mxt_9x60_wvga/debug/_ext/1797636377/legato_imagedecoder_mono.o
 .text._decoderExec
                0x23f0d088       0x84 build/lcdc_rgba8888_mxt_9x60_wvga/debug/_ext/1797636377/legato_imagedecoder_mono.o
 .text._decoderIsDone
                0x23f0d10c       0x10 build/lcdc_rgba8888_mxt_9x60_wvga/debug/_ext/1797636377/legato_imagedecoder_mono.o
 .text.stage_sourceIterateSetup
                0x23f0d11c       0xb4 build/lcdc_rgba8888_mxt_9x60_wvga/debug/_ext/1797636377/legato_imagedecoder_mono.o
 .text.stage_FrameBufferWrite
                0x23f0d1d0       0x20 build/lcdc_rgba8888_mxt_9x60_wvga/debug/_ext/1797636377/legato_imagedecoder_mono.o
 .text.stage_ImageWrite
                0x23f0d1f0       0x28 build/lcdc_rgba8888_mxt_9x60_wvga/debug/_ext/1797636377/legato_imagedecoder_mono.o
 .text._leMonoImageDecoder_Init
                0x23f0d218       0x84 build/lcdc_rgba8888_mxt_9x60_wvga/debug/_ext/1797636377/legato_imagedecoder_mono.o
                0x23f0d218                _leMonoImageDecoder_Init
 .text._leMonoImageDecoder_InjectStage
                0x23f0d29c       0x38 build/lcdc_rgba8888_mxt_9x60_wvga/debug/_ext/1797636377/legato_imagedecoder_mono.o
                0x23f0d29c                _leMonoImageDecoder_InjectStage
 .text._leMonoImageDecoder_SourceIterateSetupStage
                0x23f0d2d4       0x38 build/lcdc_rgba8888_mxt_9x60_wvga/debug/_ext/1797636377/legato_imagedecoder_mono.o
                0x23f0d2d4                _leMonoImageDecoder_SourceIterateSetupStage
 .text._leMonoImageDecoder_FrameBufferWriteStage
                0x23f0d30c       0x30 build/lcdc_rgba8888_mxt_9x60_wvga/debug/_ext/1797636377/legato_imagedecoder_mono.o
                0x23f0d30c                _leMonoImageDecoder_FrameBufferWriteStage
 .text._draw    0x23f0d33c      0x154 build/lcdc_rgba8888_mxt_9x60_wvga/debug/_ext/1797636377/legato_imagedecoder_mono.o
 .text._leMonoImageDecoder_ImageWriteStage
                0x23f0d490       0x30 build/lcdc_rgba8888_mxt_9x60_wvga/debug/_ext/1797636377/legato_imagedecoder_mono.o
                0x23f0d490                _leMonoImageDecoder_ImageWriteStage
 .text._copy    0x23f0d4c0      0x190 build/lcdc_rgba8888_mxt_9x60_wvga/debug/_ext/1797636377/legato_imagedecoder_mono.o
 .text._supportsImage
                0x23f0d650       0x28 build/lcdc_rgba8888_mxt_9x60_wvga/debug/_ext/1881677221/legato_imagedecoder_png.o
 .text._decoderCleanup
                0x23f0d678        0x4 build/lcdc_rgba8888_mxt_9x60_wvga/debug/_ext/1881677221/legato_imagedecoder_png.o
 .text._decoderExec
                0x23f0d67c        0x8 build/lcdc_rgba8888_mxt_9x60_wvga/debug/_ext/1881677221/legato_imagedecoder_png.o
 .text._decoderIsDone
                0x23f0d684        0x8 build/lcdc_rgba8888_mxt_9x60_wvga/debug/_ext/1881677221/legato_imagedecoder_png.o
 .text._render  0x23f0d68c       0xf4 build/lcdc_rgba8888_mxt_9x60_wvga/debug/_ext/1881677221/legato_imagedecoder_png.o
 .text._draw    0x23f0d780      0x1f0 build/lcdc_rgba8888_mxt_9x60_wvga/debug/_ext/1881677221/legato_imagedecoder_png.o
 .text._lePNGImageDecoder_Init
                0x23f0d970       0x6c build/lcdc_rgba8888_mxt_9x60_wvga/debug/_ext/1881677221/legato_imagedecoder_png.o
                0x23f0d970                _lePNGImageDecoder_Init
 .text.readBitsFromStream
                0x23f0d9dc       0x50 build/lcdc_rgba8888_mxt_9x60_wvga/debug/_ext/1881677221/lodepng.o
 .text.huffmanDecodeSymbol
                0x23f0da2c       0x64 build/lcdc_rgba8888_mxt_9x60_wvga/debug/_ext/1881677221/lodepng.o
 .text.readBitFromReversedStream
                0x23f0da90       0x24 build/lcdc_rgba8888_mxt_9x60_wvga/debug/_ext/1881677221/lodepng.o
 .text.readBitsFromReversedStream
                0x23f0dab4       0x48 build/lcdc_rgba8888_mxt_9x60_wvga/debug/_ext/1881677221/lodepng.o
 .text.getNumColorChannels
                0x23f0dafc       0x50 build/lcdc_rgba8888_mxt_9x60_wvga/debug/_ext/1881677221/lodepng.o
 .text.lodepng_color_mode_equal
                0x23f0db4c      0x120 build/lcdc_rgba8888_mxt_9x60_wvga/debug/_ext/1881677221/lodepng.o
 .text.addColorBits
                0x23f0dc6c       0x50 build/lcdc_rgba8888_mxt_9x60_wvga/debug/_ext/1881677221/lodepng.o
 .text.getPixelColorsRGBA8
                0x23f0dcbc      0x51c build/lcdc_rgba8888_mxt_9x60_wvga/debug/_ext/1881677221/lodepng.o
 .text.Adam7_getpassvalues
                0x23f0e1d8      0x18c build/lcdc_rgba8888_mxt_9x60_wvga/debug/_ext/1881677221/lodepng.o
 .text.unfilter
                0x23f0e364      0x424 build/lcdc_rgba8888_mxt_9x60_wvga/debug/_ext/1881677221/lodepng.o
 .text.removePaddingBits
                0x23f0e788       0xa4 build/lcdc_rgba8888_mxt_9x60_wvga/debug/_ext/1881677221/lodepng.o
 .text.ucvector_reserve
                0x23f0e82c       0x58 build/lcdc_rgba8888_mxt_9x60_wvga/debug/_ext/1881677221/lodepng.o
 .text.ucvector_resize
                0x23f0e884       0x20 build/lcdc_rgba8888_mxt_9x60_wvga/debug/_ext/1881677221/lodepng.o
 .text.ucvector_push_back
                0x23f0e8a4       0x34 build/lcdc_rgba8888_mxt_9x60_wvga/debug/_ext/1881677221/lodepng.o
 .text.color_tree_cleanup
                0x23f0e8d8       0x34 build/lcdc_rgba8888_mxt_9x60_wvga/debug/_ext/1881677221/lodepng.o
 .text.LodePNGIText_cleanup
                0x23f0e90c       0x90 build/lcdc_rgba8888_mxt_9x60_wvga/debug/_ext/1881677221/lodepng.o
 .text.LodePNGText_cleanup
                0x23f0e99c       0x60 build/lcdc_rgba8888_mxt_9x60_wvga/debug/_ext/1881677221/lodepng.o
 .text.HuffmanTree_cleanup
                0x23f0e9fc       0x24 build/lcdc_rgba8888_mxt_9x60_wvga/debug/_ext/1881677221/lodepng.o
 .text.string_set
                0x23f0ea20       0x68 build/lcdc_rgba8888_mxt_9x60_wvga/debug/_ext/1881677221/lodepng.o
 .text.string_init
                0x23f0ea88       0x2c build/lcdc_rgba8888_mxt_9x60_wvga/debug/_ext/1881677221/lodepng.o
 .text.uivector_reserve
                0x23f0eab4       0x58 build/lcdc_rgba8888_mxt_9x60_wvga/debug/_ext/1881677221/lodepng.o
 .text.HuffmanTree_makeFromLengths
                0x23f0eb0c      0x424 build/lcdc_rgba8888_mxt_9x60_wvga/debug/_ext/1881677221/lodepng.o
 .text.lodepng_read32bitInt
                0x23f0ef30       0x24 build/lcdc_rgba8888_mxt_9x60_wvga/debug/_ext/1881677221/lodepng.o
                0x23f0ef30                lodepng_read32bitInt
 .text.lodepng_inflate
                0x23f0ef54      0x998 build/lcdc_rgba8888_mxt_9x60_wvga/debug/_ext/1881677221/lodepng.o
                0x23f0ef54                lodepng_inflate
 .text.lodepng_zlib_decompress
                0x23f0f8ec      0x198 build/lcdc_rgba8888_mxt_9x60_wvga/debug/_ext/1881677221/lodepng.o
                0x23f0f8ec                lodepng_zlib_decompress
 .text.zlib_decompress
                0x23f0fa84       0x34 build/lcdc_rgba8888_mxt_9x60_wvga/debug/_ext/1881677221/lodepng.o
 .text.lodepng_crc32
                0x23f0fab8       0x4c build/lcdc_rgba8888_mxt_9x60_wvga/debug/_ext/1881677221/lodepng.o
                0x23f0fab8                lodepng_crc32
 .text.lodepng_chunk_type_equals
                0x23f0fb04       0x80 build/lcdc_rgba8888_mxt_9x60_wvga/debug/_ext/1881677221/lodepng.o
                0x23f0fb04                lodepng_chunk_type_equals
 .text.lodepng_chunk_check_crc
                0x23f0fb84       0x38 build/lcdc_rgba8888_mxt_9x60_wvga/debug/_ext/1881677221/lodepng.o
                0x23f0fb84                lodepng_chunk_check_crc
 .text.lodepng_chunk_next_const
                0x23f0fbbc       0x18 build/lcdc_rgba8888_mxt_9x60_wvga/debug/_ext/1881677221/lodepng.o
                0x23f0fbbc                lodepng_chunk_next_const
 .text.lodepng_chunk_append
                0x23f0fbd4       0xa4 build/lcdc_rgba8888_mxt_9x60_wvga/debug/_ext/1881677221/lodepng.o
                0x23f0fbd4                lodepng_chunk_append
 .text.lodepng_color_mode_init
                0x23f0fc78       0x30 build/lcdc_rgba8888_mxt_9x60_wvga/debug/_ext/1881677221/lodepng.o
                0x23f0fc78                lodepng_color_mode_init
 .text.lodepng_palette_clear
                0x23f0fca8       0x28 build/lcdc_rgba8888_mxt_9x60_wvga/debug/_ext/1881677221/lodepng.o
                0x23f0fca8                lodepng_palette_clear
 .text.lodepng_color_mode_copy
                0x23f0fcd0       0x98 build/lcdc_rgba8888_mxt_9x60_wvga/debug/_ext/1881677221/lodepng.o
                0x23f0fcd0                lodepng_color_mode_copy
 .text.lodepng_get_bpp
                0x23f0fd68       0x1c build/lcdc_rgba8888_mxt_9x60_wvga/debug/_ext/1881677221/lodepng.o
                0x23f0fd68                lodepng_get_bpp
 .text.lodepng_get_raw_size_idat
                0x23f0fd84       0x34 build/lcdc_rgba8888_mxt_9x60_wvga/debug/_ext/1881677221/lodepng.o
 .text.lodepng_get_raw_size
                0x23f0fdb8       0x38 build/lcdc_rgba8888_mxt_9x60_wvga/debug/_ext/1881677221/lodepng.o
                0x23f0fdb8                lodepng_get_raw_size
 .text.lodepng_add_text
                0x23f0fdf0       0xcc build/lcdc_rgba8888_mxt_9x60_wvga/debug/_ext/1881677221/lodepng.o
                0x23f0fdf0                lodepng_add_text
 .text.lodepng_add_itext
                0x23f0febc      0x17c build/lcdc_rgba8888_mxt_9x60_wvga/debug/_ext/1881677221/lodepng.o
                0x23f0febc                lodepng_add_itext
 .text.lodepng_info_init
                0x23f10038       0x74 build/lcdc_rgba8888_mxt_9x60_wvga/debug/_ext/1881677221/lodepng.o
                0x23f10038                lodepng_info_init
 .text.lodepng_info_cleanup
                0x23f100ac       0x3c build/lcdc_rgba8888_mxt_9x60_wvga/debug/_ext/1881677221/lodepng.o
                0x23f100ac                lodepng_info_cleanup
 .text.lodepng_convert
                0x23f100e8      0xbb8 build/lcdc_rgba8888_mxt_9x60_wvga/debug/_ext/1881677221/lodepng.o
                0x23f100e8                lodepng_convert
 .text.lodepng_inspect
                0x23f10ca0      0x290 build/lcdc_rgba8888_mxt_9x60_wvga/debug/_ext/1881677221/lodepng.o
                0x23f10ca0                lodepng_inspect
 .text.lodepng_decode
                0x23f10f30     0x1740 build/lcdc_rgba8888_mxt_9x60_wvga/debug/_ext/1881677221/lodepng.o
                0x23f10f30                lodepng_decode
 .text.lodepng_decoder_settings_init
                0x23f12670       0x2c build/lcdc_rgba8888_mxt_9x60_wvga/debug/_ext/1881677221/lodepng.o
                0x23f12670                lodepng_decoder_settings_init
 .text.lodepng_state_init
                0x23f1269c       0x28 build/lcdc_rgba8888_mxt_9x60_wvga/debug/_ext/1881677221/lodepng.o
                0x23f1269c                lodepng_state_init
 .text.lodepng_state_cleanup
                0x23f126c4       0x1c build/lcdc_rgba8888_mxt_9x60_wvga/debug/_ext/1881677221/lodepng.o
                0x23f126c4                lodepng_state_cleanup
 .text.lodepng_decode_memory
                0x23f126e0       0x68 build/lcdc_rgba8888_mxt_9x60_wvga/debug/_ext/1881677221/lodepng.o
                0x23f126e0                lodepng_decode_memory
 .text.stage_sourceIterateSetup
                0x23f12748       0xb4 build/lcdc_rgba8888_mxt_9x60_wvga/debug/_ext/1881678756/legato_imagedecoder_raw_setup.o
 .text.stage_targetIterateSetup
                0x23f127fc       0x94 build/lcdc_rgba8888_mxt_9x60_wvga/debug/_ext/1881678756/legato_imagedecoder_raw_setup.o
 .text._leRawImageDecoder_SourceIterateSetupStage
                0x23f12890       0x38 build/lcdc_rgba8888_mxt_9x60_wvga/debug/_ext/1881678756/legato_imagedecoder_raw_setup.o
                0x23f12890                _leRawImageDecoder_SourceIterateSetupStage
 .text._leRawImageDecoder_TargetIterateSetupStage
                0x23f128c8       0x38 build/lcdc_rgba8888_mxt_9x60_wvga/debug/_ext/1881678756/legato_imagedecoder_raw_setup.o
                0x23f128c8                _leRawImageDecoder_TargetIterateSetupStage
 .text.stage_postRead
                0x23f12900       0x14 build/lcdc_rgba8888_mxt_9x60_wvga/debug/_ext/1881678756/legato_imagedecoder_raw_scale.o
 .text.stage_scaledNearestNeighborPreRead
                0x23f12914       0xc4 build/lcdc_rgba8888_mxt_9x60_wvga/debug/_ext/1881678756/legato_imagedecoder_raw_scale.o
 .text.stage_bilinearPreRead
                0x23f129d8      0x164 build/lcdc_rgba8888_mxt_9x60_wvga/debug/_ext/1881678756/legato_imagedecoder_raw_scale.o
 .text.stage_scaledBilinearPostRead
                0x23f12b3c       0x8c build/lcdc_rgba8888_mxt_9x60_wvga/debug/_ext/1881678756/legato_imagedecoder_raw_scale.o
 .text._leRawImageDecoder_ScaleNearestNeighborPreReadStage
                0x23f12bc8       0x6c build/lcdc_rgba8888_mxt_9x60_wvga/debug/_ext/1881678756/legato_imagedecoder_raw_scale.o
                0x23f12bc8                _leRawImageDecoder_ScaleNearestNeighborPreReadStage
 .text._leRawImageDecoder_ScaleBilinearPreReadStage
                0x23f12c34       0x74 build/lcdc_rgba8888_mxt_9x60_wvga/debug/_ext/1881678756/legato_imagedecoder_raw_scale.o
                0x23f12c34                _leRawImageDecoder_ScaleBilinearPreReadStage
 .text._leRawImageDecoder_PostReadStage
                0x23f12ca8       0x30 build/lcdc_rgba8888_mxt_9x60_wvga/debug/_ext/1881678756/legato_imagedecoder_raw_scale.o
                0x23f12ca8                _leRawImageDecoder_PostReadStage
 .text._leRawImageDecoder_ScaleBilinearPostReadStage
                0x23f12cd8       0x30 build/lcdc_rgba8888_mxt_9x60_wvga/debug/_ext/1881678756/legato_imagedecoder_raw_scale.o
                0x23f12cd8                _leRawImageDecoder_ScaleBilinearPostReadStage
 .text.stage_rotateNearestNeighborPreRead
                0x23f12d08      0x120 build/lcdc_rgba8888_mxt_9x60_wvga/debug/_ext/1881678756/legato_imagedecoder_raw_rotate.o
 .text.stage_bilinearPreRead
                0x23f12e28      0x20c build/lcdc_rgba8888_mxt_9x60_wvga/debug/_ext/1881678756/legato_imagedecoder_raw_rotate.o
 .text.stage_rotateBilinearPostRead
                0x23f13034       0x60 build/lcdc_rgba8888_mxt_9x60_wvga/debug/_ext/1881678756/legato_imagedecoder_raw_rotate.o
 .text._leRawImageDecoder_RotateNearestNeighborPreReadStage
                0x23f13094       0x30 build/lcdc_rgba8888_mxt_9x60_wvga/debug/_ext/1881678756/legato_imagedecoder_raw_rotate.o
                0x23f13094                _leRawImageDecoder_RotateNearestNeighborPreReadStage
 .text._leRawImageDecoder_RotateBilinearPreReadStage
                0x23f130c4       0x38 build/lcdc_rgba8888_mxt_9x60_wvga/debug/_ext/1881678756/legato_imagedecoder_raw_rotate.o
                0x23f130c4                _leRawImageDecoder_RotateBilinearPreReadStage
 .text._leRawImageDecoder_RotateBilinearPostReadStage
                0x23f130fc       0x30 build/lcdc_rgba8888_mxt_9x60_wvga/debug/_ext/1881678756/legato_imagedecoder_raw_rotate.o
                0x23f130fc                _leRawImageDecoder_RotateBilinearPostReadStage
 .text.stage_FrameBufferWrite
                0x23f1312c       0x24 build/lcdc_rgba8888_mxt_9x60_wvga/debug/_ext/1881678756/legato_imagedecoder_raw_write.o
 .text.stage_ImageWrite
                0x23f13150       0x28 build/lcdc_rgba8888_mxt_9x60_wvga/debug/_ext/1881678756/legato_imagedecoder_raw_write.o
 .text._leRawImageDecoder_FrameBufferWriteStage
                0x23f13178       0x30 build/lcdc_rgba8888_mxt_9x60_wvga/debug/_ext/1881678756/legato_imagedecoder_raw_write.o
                0x23f13178                _leRawImageDecoder_FrameBufferWriteStage
 .text._leRawImageDecoder_ImageWriteStage
                0x23f131a8       0x30 build/lcdc_rgba8888_mxt_9x60_wvga/debug/_ext/1881678756/legato_imagedecoder_raw_write.o
                0x23f131a8                _leRawImageDecoder_ImageWriteStage
 .text.stage_imageRenderPostLookup
                0x23f131d8       0x48 build/lcdc_rgba8888_mxt_9x60_wvga/debug/_ext/1881678756/legato_imagedecoder_raw_palette_internal.o
 .text.stage_lookup
                0x23f13220       0x40 build/lcdc_rgba8888_mxt_9x60_wvga/debug/_ext/1881678756/legato_imagedecoder_raw_palette_internal.o
 .text._leRawImageDecoder_LookupStage_Internal
                0x23f13260       0x50 build/lcdc_rgba8888_mxt_9x60_wvga/debug/_ext/1881678756/legato_imagedecoder_raw_palette_internal.o
                0x23f13260                _leRawImageDecoder_LookupStage_Internal
 .text._leRawImageDecoder_ImageRenderPostLookupStage
                0x23f132b0       0x38 build/lcdc_rgba8888_mxt_9x60_wvga/debug/_ext/1881678756/legato_imagedecoder_raw_palette_internal.o
                0x23f132b0                _leRawImageDecoder_ImageRenderPostLookupStage
 .text.stage_convertColor
                0x23f132e8       0x2c build/lcdc_rgba8888_mxt_9x60_wvga/debug/_ext/1881678756/legato_imagedecoder_raw_convert.o
 .text._leRawImageDecoder_ConvertStage
                0x23f13314       0x90 build/lcdc_rgba8888_mxt_9x60_wvga/debug/_ext/1881678756/legato_imagedecoder_raw_convert.o
                0x23f13314                _leRawImageDecoder_ConvertStage
 .text._supportsImage
                0x23f133a4       0x14 build/lcdc_rgba8888_mxt_9x60_wvga/debug/_ext/1881678756/legato_imagedecoder_raw.o
 .text._decoderCleanup
                0x23f133b8       0x64 build/lcdc_rgba8888_mxt_9x60_wvga/debug/_ext/1881678756/legato_imagedecoder_raw.o
 .text._decoderExec
                0x23f1341c       0x84 build/lcdc_rgba8888_mxt_9x60_wvga/debug/_ext/1881678756/legato_imagedecoder_raw.o
 .text._decoderIsDone
                0x23f134a0       0x10 build/lcdc_rgba8888_mxt_9x60_wvga/debug/_ext/1881678756/legato_imagedecoder_raw.o
 .text._initReadStage
                0x23f134b0       0x1c build/lcdc_rgba8888_mxt_9x60_wvga/debug/_ext/1881678756/legato_imagedecoder_raw.o
 .text._initMaskStage
                0x23f134cc       0x24 build/lcdc_rgba8888_mxt_9x60_wvga/debug/_ext/1881678756/legato_imagedecoder_raw.o
 .text._initBlendStage
                0x23f134f0       0x44 build/lcdc_rgba8888_mxt_9x60_wvga/debug/_ext/1881678756/legato_imagedecoder_raw.o
 .text._initConvertStage
                0x23f13534       0x4c build/lcdc_rgba8888_mxt_9x60_wvga/debug/_ext/1881678756/legato_imagedecoder_raw.o
 .text._rotateDraw
                0x23f13580      0x2b0 build/lcdc_rgba8888_mxt_9x60_wvga/debug/_ext/1881678756/legato_imagedecoder_raw.o
 .text._rotate  0x23f13830      0x2f4 build/lcdc_rgba8888_mxt_9x60_wvga/debug/_ext/1881678756/legato_imagedecoder_raw.o
 .text._resizeDraw
                0x23f13b24      0x294 build/lcdc_rgba8888_mxt_9x60_wvga/debug/_ext/1881678756/legato_imagedecoder_raw.o
 .text._resize  0x23f13db8      0x238 build/lcdc_rgba8888_mxt_9x60_wvga/debug/_ext/1881678756/legato_imagedecoder_raw.o
 .text._copy    0x23f13ff0      0x1b8 build/lcdc_rgba8888_mxt_9x60_wvga/debug/_ext/1881678756/legato_imagedecoder_raw.o
 .text._initLookupStage
                0x23f141a8       0x4c build/lcdc_rgba8888_mxt_9x60_wvga/debug/_ext/1881678756/legato_imagedecoder_raw.o
 .text._render  0x23f141f4      0x260 build/lcdc_rgba8888_mxt_9x60_wvga/debug/_ext/1881678756/legato_imagedecoder_raw.o
 .text._draw    0x23f14454      0x2f4 build/lcdc_rgba8888_mxt_9x60_wvga/debug/_ext/1881678756/legato_imagedecoder_raw.o
 .text._leRawImageDecoder_Init
                0x23f14748       0xa8 build/lcdc_rgba8888_mxt_9x60_wvga/debug/_ext/1881678756/legato_imagedecoder_raw.o
                0x23f14748                _leRawImageDecoder_Init
 .text._leRawImageDecoder_InjectStage
                0x23f147f0       0x38 build/lcdc_rgba8888_mxt_9x60_wvga/debug/_ext/1881678756/legato_imagedecoder_raw.o
                0x23f147f0                _leRawImageDecoder_InjectStage
 .text.stage_rejectMaskedColor
                0x23f14828       0x24 build/lcdc_rgba8888_mxt_9x60_wvga/debug/_ext/1881678756/legato_imagedecoder_raw_mask.o
 .text._leRawImageDecoder_MaskStage_Internal
                0x23f1484c       0x2c build/lcdc_rgba8888_mxt_9x60_wvga/debug/_ext/1881678756/legato_imagedecoder_raw_mask.o
                0x23f1484c                _leRawImageDecoder_MaskStage_Internal
 .text.stage_BlendRGBA5551
                0x23f14878       0x1c build/lcdc_rgba8888_mxt_9x60_wvga/debug/_ext/1881678756/legato_imagedecoder_raw_blend.o
 .text.stage_BlendARGB8888
                0x23f14894       0x70 build/lcdc_rgba8888_mxt_9x60_wvga/debug/_ext/1881678756/legato_imagedecoder_raw_blend.o
 .text.stage_BlendRGBA8888
                0x23f14904       0x70 build/lcdc_rgba8888_mxt_9x60_wvga/debug/_ext/1881678756/legato_imagedecoder_raw_blend.o
 .text._leRawImageDecoder_BlendStage_Internal
                0x23f14974       0xa0 build/lcdc_rgba8888_mxt_9x60_wvga/debug/_ext/1881678756/legato_imagedecoder_raw_blend.o
                0x23f14974                _leRawImageDecoder_BlendStage_Internal
 .text.stage_decode
                0x23f14a14       0x74 build/lcdc_rgba8888_mxt_9x60_wvga/debug/_ext/1881678756/legato_imagedecoder_raw_read_internal.o
 .text.rleRandomDecode
                0x23f14a88       0x54 build/lcdc_rgba8888_mxt_9x60_wvga/debug/_ext/1881678756/legato_imagedecoder_raw_read_internal.o
 .text.rleSequentialDecode
                0x23f14adc       0x48 build/lcdc_rgba8888_mxt_9x60_wvga/debug/_ext/1881678756/legato_imagedecoder_raw_read_internal.o
 .text.colorDecode
                0x23f14b24       0x34 build/lcdc_rgba8888_mxt_9x60_wvga/debug/_ext/1881678756/legato_imagedecoder_raw_read_internal.o
 .text.indexRLERandomDecode
                0x23f14b58       0x80 build/lcdc_rgba8888_mxt_9x60_wvga/debug/_ext/1881678756/legato_imagedecoder_raw_read_internal.o
 .text.indexRLESequentialDecode
                0x23f14bd8       0x74 build/lcdc_rgba8888_mxt_9x60_wvga/debug/_ext/1881678756/legato_imagedecoder_raw_read_internal.o
 .text.indexDecode
                0x23f14c4c       0x30 build/lcdc_rgba8888_mxt_9x60_wvga/debug/_ext/1881678756/legato_imagedecoder_raw_read_internal.o
 .text._leRawImageDecoder_ReadStage_Internal
                0x23f14c7c      0x100 build/lcdc_rgba8888_mxt_9x60_wvga/debug/_ext/1881678756/legato_imagedecoder_raw_read_internal.o
                0x23f14c7c                _leRawImageDecoder_ReadStage_Internal
 .text.leImage_InitDecoders
                0x23f14d7c       0x30 build/lcdc_rgba8888_mxt_9x60_wvga/debug/_ext/927452043/legato_image.o
                0x23f14d7c                leImage_InitDecoders
 .text.leImage_Create
                0x23f14dac       0x94 build/lcdc_rgba8888_mxt_9x60_wvga/debug/_ext/927452043/legato_image.o
                0x23f14dac                leImage_Create
 .text.leImage_Allocate
                0x23f14e40       0xb4 build/lcdc_rgba8888_mxt_9x60_wvga/debug/_ext/927452043/legato_image.o
                0x23f14e40                leImage_Allocate
 .text.leImage_Draw
                0x23f14ef4       0xd4 build/lcdc_rgba8888_mxt_9x60_wvga/debug/_ext/927452043/legato_image.o
                0x23f14ef4                leImage_Draw
 .text.getDiscreteValueAtIndex1
                0x23f14fc8       0x18 build/lcdc_rgba8888_mxt_9x60_wvga/debug/_ext/927452043/legato_image_utils.o
 .text.getDiscreteValueAtIndex4
                0x23f14fe0       0x10 build/lcdc_rgba8888_mxt_9x60_wvga/debug/_ext/927452043/legato_image_utils.o
 .text.getDiscreteValueAtIndex8
                0x23f14ff0        0x8 build/lcdc_rgba8888_mxt_9x60_wvga/debug/_ext/927452043/legato_image_utils.o
 .text.calcOffset1bpp
                0x23f14ff8        0x8 build/lcdc_rgba8888_mxt_9x60_wvga/debug/_ext/927452043/legato_image_utils.o
 .text.calcOffset4bpp
                0x23f15000        0x8 build/lcdc_rgba8888_mxt_9x60_wvga/debug/_ext/927452043/legato_image_utils.o
 .text.calcOffset8bpp
                0x23f15008        0x4 build/lcdc_rgba8888_mxt_9x60_wvga/debug/_ext/927452043/legato_image_utils.o
 .text.calcOffset16bpp
                0x23f1500c        0x8 build/lcdc_rgba8888_mxt_9x60_wvga/debug/_ext/927452043/legato_image_utils.o
 .text.calcOffset24bpp
                0x23f15014        0x8 build/lcdc_rgba8888_mxt_9x60_wvga/debug/_ext/927452043/legato_image_utils.o
 .text.calcOffset32bpp
                0x23f1501c        0x8 build/lcdc_rgba8888_mxt_9x60_wvga/debug/_ext/927452043/legato_image_utils.o
 .text.leGetRLEDataAtIndex
                0x23f15024       0xd8 build/lcdc_rgba8888_mxt_9x60_wvga/debug/_ext/927452043/legato_image_utils.o
                0x23f15024                leGetRLEDataAtIndex
 .text.leGetDiscreteValueAtIndex
                0x23f150fc       0x18 build/lcdc_rgba8888_mxt_9x60_wvga/debug/_ext/927452043/legato_image_utils.o
                0x23f150fc                leGetDiscreteValueAtIndex
 .text.leGetOffsetFromIndexAndBPP
                0x23f15114       0x18 build/lcdc_rgba8888_mxt_9x60_wvga/debug/_ext/927452043/legato_image_utils.o
                0x23f15114                leGetOffsetFromIndexAndBPP
 .text._fixedHeapAlloc
                0x23f1512c       0x60 build/lcdc_rgba8888_mxt_9x60_wvga/debug/_ext/1206263599/legato_memory.o
 .text._findFixedHeapForPointer
                0x23f1518c       0x5c build/lcdc_rgba8888_mxt_9x60_wvga/debug/_ext/1206263599/legato_memory.o
 .text.leMemory_Init
                0x23f151e8       0xb0 build/lcdc_rgba8888_mxt_9x60_wvga/debug/_ext/1206263599/legato_memory.o
                0x23f151e8                leMemory_Init
 .text.leMalloc
                0x23f15298       0x28 build/lcdc_rgba8888_mxt_9x60_wvga/debug/_ext/1206263599/legato_memory.o
                0x23f15298                leMalloc
 .text.leFree   0x23f152c0       0x6c build/lcdc_rgba8888_mxt_9x60_wvga/debug/_ext/1206263599/legato_memory.o
                0x23f152c0                leFree
 .text.leRealloc
                0x23f1532c      0x25c build/lcdc_rgba8888_mxt_9x60_wvga/debug/_ext/1206263599/legato_memory.o
                0x23f1532c                leRealloc
 .text._insertIntoList
                0x23f15588       0x84 build/lcdc_rgba8888_mxt_9x60_wvga/debug/_ext/1206263599/legato_variableheap.o
 .text._removeFromList
                0x23f1560c       0x38 build/lcdc_rgba8888_mxt_9x60_wvga/debug/_ext/1206263599/legato_variableheap.o
 .text._findPreviousBlock
                0x23f15644       0xa0 build/lcdc_rgba8888_mxt_9x60_wvga/debug/_ext/1206263599/legato_variableheap.o
 .text._findNextBlock
                0x23f156e4       0x74 build/lcdc_rgba8888_mxt_9x60_wvga/debug/_ext/1206263599/legato_variableheap.o
 .text._canSplit
                0x23f15758       0x3c build/lcdc_rgba8888_mxt_9x60_wvga/debug/_ext/1206263599/legato_variableheap.o
 .text._combineFreeBlockNext
                0x23f15794       0x7c build/lcdc_rgba8888_mxt_9x60_wvga/debug/_ext/1206263599/legato_variableheap.o
 .text._growAllocBlock
                0x23f15810      0x104 build/lcdc_rgba8888_mxt_9x60_wvga/debug/_ext/1206263599/legato_variableheap.o
 .text.leVariableHeap_Init
                0x23f15914       0x58 build/lcdc_rgba8888_mxt_9x60_wvga/debug/_ext/1206263599/legato_variableheap.o
                0x23f15914                leVariableHeap_Init
 .text.leVariableHeap_Alloc
                0x23f1596c      0x130 build/lcdc_rgba8888_mxt_9x60_wvga/debug/_ext/1206263599/legato_variableheap.o
                0x23f1596c                leVariableHeap_Alloc
 .text.leVariableHeap_Free
                0x23f15a9c       0xd8 build/lcdc_rgba8888_mxt_9x60_wvga/debug/_ext/1206263599/legato_variableheap.o
                0x23f15a9c                leVariableHeap_Free
 .text.leVariableHeap_Realloc
                0x23f15b74      0x2a0 build/lcdc_rgba8888_mxt_9x60_wvga/debug/_ext/1206263599/legato_variableheap.o
                0x23f15b74                leVariableHeap_Realloc
 .text.leVariableHeap_Contains
                0x23f15e14       0x20 build/lcdc_rgba8888_mxt_9x60_wvga/debug/_ext/1206263599/legato_variableheap.o
                0x23f15e14                leVariableHeap_Contains
 .text.leVariableHeap_SizeOf
                0x23f15e34        0x8 build/lcdc_rgba8888_mxt_9x60_wvga/debug/_ext/1206263599/legato_variableheap.o
                0x23f15e34                leVariableHeap_SizeOf
 .text.leVariableHeap_Validate
                0x23f15e3c        0x8 build/lcdc_rgba8888_mxt_9x60_wvga/debug/_ext/1206263599/legato_variableheap.o
                0x23f15e3c                leVariableHeap_Validate
 .text.leFixedHeap_Init
                0x23f15e44       0xb0 build/lcdc_rgba8888_mxt_9x60_wvga/debug/_ext/1206263599/legato_fixedheap.o
                0x23f15e44                leFixedHeap_Init
 .text.leFixedHeap_Alloc
                0x23f15ef4       0x48 build/lcdc_rgba8888_mxt_9x60_wvga/debug/_ext/1206263599/legato_fixedheap.o
                0x23f15ef4                leFixedHeap_Alloc
 .text.leFixedHeap_Free
                0x23f15f3c       0x1c build/lcdc_rgba8888_mxt_9x60_wvga/debug/_ext/1206263599/legato_fixedheap.o
                0x23f15f3c                leFixedHeap_Free
 .text.leFixedHeap_Contains
                0x23f15f58       0x60 build/lcdc_rgba8888_mxt_9x60_wvga/debug/_ext/1206263599/legato_fixedheap.o
                0x23f15f58                leFixedHeap_Contains
 .text._convertColorMode
                0x23f15fb8        0xc build/lcdc_rgba8888_mxt_9x60_wvga/debug/_ext/564048019/legato_gpu.o
 .text.leGPU_DrawLine
                0x23f15fc4      0x1e4 build/lcdc_rgba8888_mxt_9x60_wvga/debug/_ext/564048019/legato_gpu.o
                0x23f15fc4                leGPU_DrawLine
 .text.leGPU_ClearBuffer
                0x23f161a8       0xa4 build/lcdc_rgba8888_mxt_9x60_wvga/debug/_ext/564048019/legato_gpu.o
                0x23f161a8                leGPU_ClearBuffer
 .text.leGPU_FillRect
                0x23f1624c      0x178 build/lcdc_rgba8888_mxt_9x60_wvga/debug/_ext/564048019/legato_gpu.o
                0x23f1624c                leGPU_FillRect
 .text.leGPU_BlitBuffer
                0x23f163c4      0x224 build/lcdc_rgba8888_mxt_9x60_wvga/debug/_ext/564048019/legato_gpu.o
                0x23f163c4                leGPU_BlitBuffer