Archive member included to satisfy reference by file (symbol)

c:/program files/microchip/xc32/v4.10/bin/bin/../../lib/gcc/pic32c/8.3.1/arm/v5te/nofp\libgcc.a(_udivsi3.o)
                              build/lcdc_rgba8888_mxt_9x60_wvga/debug/_ext/51791817/gfx_canvas.o (__aeabi_uidiv)
c:/program files/microchip/xc32/v4.10/bin/bin/../../lib/gcc/pic32c/8.3.1/arm/v5te/nofp\libgcc.a(_divsi3.o)
                              build/lcdc_rgba8888_mxt_9x60_wvga/debug/_ext/1483321925/legato_math.o (__aeabi_idiv)
c:/program files/microchip/xc32/v4.10/bin/bin/../../lib/gcc/pic32c/8.3.1/arm/v5te/nofp\libgcc.a(_dvmd_tls.o)
                              c:/program files/microchip/xc32/v4.10/bin/bin/../../lib/gcc/pic32c/8.3.1/arm/v5te/nofp\libgcc.a(_udivsi3.o) (__aeabi_idiv0)
c:/program files/microchip/xc32/v4.10/bin/bin/../../lib/gcc/pic32c/8.3.1/arm/v5te/nofp\libgcc.a(_arm_addsubdf3.o)
                              build/lcdc_rgba8888_mxt_9x60_wvga/debug/_ext/1360937237/app_screen0.o (__aeabi_i2d)
c:/program files/microchip/xc32/v4.10/bin/bin/../../lib/gcc/pic32c/8.3.1/arm/v5te/nofp\libgcc.a(_arm_muldivdf3.o)
                              build/lcdc_rgba8888_mxt_9x60_wvga/debug/_ext/1360937237/app_screen0.o (__aeabi_dmul)
c:/program files/microchip/xc32/v4.10/bin/bin/../../lib/gcc/pic32c/8.3.1/arm/v5te/nofp\libgcc.a(_arm_fixunsdfsi.o)
                              build/lcdc_rgba8888_mxt_9x60_wvga/debug/_ext/1360937237/app_screen0.o (__aeabi_d2uiz)
c:/program files/microchip/xc32/v4.10/bin/bin/../../lib/gcc/pic32c/8.3.1/arm/v5te/nofp\libgcc.a(_arm_addsubsf3.o)
                              build/lcdc_rgba8888_mxt_9x60_wvga/debug/_ext/1483321925/legato_math.o (__aeabi_fsub)
c:/program files/microchip/xc32/v4.10/bin/bin/../../lib/gcc/pic32c/8.3.1/arm/v5te/nofp\libgcc.a(_arm_muldivsf3.o)
                              build/lcdc_rgba8888_mxt_9x60_wvga/debug/_ext/95971993/gfx_driver.o (__aeabi_fmul)
c:/program files/microchip/xc32/v4.10/bin/bin/../../lib/gcc/pic32c/8.3.1/arm/v5te/nofp\libgcc.a(_arm_cmpsf2.o)
                              build/lcdc_rgba8888_mxt_9x60_wvga/debug/_ext/1483321925/legato_math.o (__aeabi_fcmplt)
c:/program files/microchip/xc32/v4.10/bin/bin/../../lib/gcc/pic32c/8.3.1/arm/v5te/nofp\libgcc.a(_arm_fixsfsi.o)
                              build/lcdc_rgba8888_mxt_9x60_wvga/debug/_ext/95971993/gfx_driver.o (__aeabi_f2iz)
c:/program files/microchip/xc32/v4.10/bin/bin/../../lib/gcc/pic32c/8.3.1/arm/v5te/nofp\libgcc.a(_arm_fixunssfsi.o)
                              build/lcdc_rgba8888_mxt_9x60_wvga/debug/_ext/95971993/gfx_driver.o (__aeabi_f2uiz)
c:/program files/microchip/xc32/v4.10/bin/bin/../../lib/gcc/pic32c/8.3.1/arm/v5te/nofp\libgcc.a(_aeabi_uldivmod.o)
                              build/lcdc_rgba8888_mxt_9x60_wvga/debug/_ext/1359593799/sys_time.o (__aeabi_uldivmod)
c:/program files/microchip/xc32/v4.10/bin/bin/../../lib/gcc/pic32c/8.3.1/arm/v5te/nofp\libgcc.a(_udivmoddi4.o)
                              c:/program files/microchip/xc32/v4.10/bin/bin/../../lib/gcc/pic32c/8.3.1/arm/v5te/nofp\libgcc.a(_aeabi_uldivmod.o) (__udivmoddi4)
c:/program files/microchip/xc32/v4.10/bin/bin/../../lib/gcc/pic32c/8.3.1/../../../../pic32c/lib/arm/v5te/nofp\libm-musl.a(atan.o)
                              build/lcdc_rgba8888_mxt_9x60_wvga/debug/_ext/1483321925/legato_math.o (atan)
c:/program files/microchip/xc32/v4.10/bin/bin/../../lib/gcc/pic32c/8.3.1/../../../../pic32c/lib/arm/v5te/nofp\libm-musl.a(fabs.o)
                              c:/program files/microchip/xc32/v4.10/bin/bin/../../lib/gcc/pic32c/8.3.1/../../../../pic32c/lib/arm/v5te/nofp\libm-musl.a(atan.o) (fabs)
c:/program files/microchip/xc32/v4.10/bin/bin/../../lib/gcc/pic32c/8.3.1/../../../../pic32c/lib/arm/v5te/nofp\libg-musl.a(__libc_start_main.o)
                              build/lcdc_rgba8888_mxt_9x60_wvga/debug/_ext/1455094228/cstartup.o (__libc_init_array)
c:/program files/microchip/xc32/v4.10/bin/bin/../../lib/gcc/pic32c/8.3.1/../../../../pic32c/lib/arm/v5te/nofp\libg-musl.a(libc.o)
                              c:/program files/microchip/xc32/v4.10/bin/bin/../../lib/gcc/pic32c/8.3.1/../../../../pic32c/lib/arm/v5te/nofp\libg-musl.a(__libc_start_main.o) (__progname_full)
c:/program files/microchip/xc32/v4.10/bin/bin/../../lib/gcc/pic32c/8.3.1/../../../../pic32c/lib/arm/v5te/nofp\libg-musl.a(__sio_printf_doux.o)
                              (_printf_cdnopuxX)
c:/program files/microchip/xc32/v4.10/bin/bin/../../lib/gcc/pic32c/8.3.1/../../../../pic32c/lib/arm/v5te/nofp\libg-musl.a(__sio_sprintf_doux.o)
                              (_sprintf_cdnopuxX)
c:/program files/microchip/xc32/v4.10/bin/bin/../../lib/gcc/pic32c/8.3.1/../../../../pic32c/lib/arm/v5te/nofp\libg-musl.a(__sio_sscanf_dosux.o)
                              (_sscanf_cdnopsuxX)
c:/program files/microchip/xc32/v4.10/bin/bin/../../lib/gcc/pic32c/8.3.1/../../../../pic32c/lib/arm/v5te/nofp\libg-musl.a(__fmt_d.o)
[...]
Memory Configuration

Name             Origin             Length             Attributes
sram             0x00300000         0x00010000         xw
ram              0x21000000         0x06f00000         xwl !r
ram_nocache      0x20000000         0x01000000         !xrw
rom              0x00000000         0x00000000         xrl
*default*        0x00000000         0xffffffff

Linker script and memory map

LOAD c:/program files/microchip/xc32/v4.10/bin/bin/../../lib/gcc/pic32c/8.3.1/arm/v5te/nofp/crti.o
LOAD c:/program files/microchip/xc32/v4.10/bin/bin/../../lib/gcc/pic32c/8.3.1/arm/v5te/nofp/crtbegin.o
LOAD build/lcdc_rgba8888_mxt_9x60_wvga/debug/_ext/710462340/bsp.o
LOAD build/lcdc_rgba8888_mxt_9x60_wvga/debug/_ext/205529507/drv_i2c.o
LOAD build/lcdc_rgba8888_mxt_9x60_wvga/debug/_ext/802015102/drv_maxtouch.o
LOAD build/lcdc_rgba8888_mxt_9x60_wvga/debug/_ext/51791817/gfx_canvas_api.o
LOAD build/lcdc_rgba8888_mxt_9x60_wvga/debug/_ext/51791817/gfx_canvas.o
LOAD build/lcdc_rgba8888_mxt_9x60_wvga/debug/_ext/95971993/gfx_driver.o
LOAD build/lcdc_rgba8888_mxt_9x60_wvga/debug/_ext/1886796627/drv_gfx_lcdc.o
LOAD build/lcdc_rgba8888_mxt_9x60_wvga/debug/_ext/1483321925/legato_color_blend.o
LOAD build/lcdc_rgba8888_mxt_9x60_wvga/debug/_ext/1483321925/legato_color_convert.o
LOAD build/lcdc_rgba8888_mxt_9x60_wvga/debug/_ext/1483321925/legato_color.o
LOAD build/lcdc_rgba8888_mxt_9x60_wvga/debug/_ext/1483321925/legato_color_lerp.o
LOAD build/lcdc_rgba8888_mxt_9x60_wvga/debug/_ext/1483321925/legato_error.o
LOAD build/lcdc_rgba8888_mxt_9x60_wvga/debug/_ext/1483321925/legato_math.o
LOAD build/lcdc_rgba8888_mxt_9x60_wvga/debug/_ext/1483321925/legato_rect.o
LOAD build/lcdc_rgba8888_mxt_9x60_wvga/debug/_ext/1483321925/legato_utils.o
LOAD build/lcdc_rgba8888_mxt_9x60_wvga/debug/_ext/1483321925/legato_pixelbuffer.o
LOAD build/lcdc_rgba8888_mxt_9x60_wvga/debug/_ext/1483321925/legato_color_value.o
LOAD build/lcdc_rgba8888_mxt_9x60_wvga/debug/_ext/1553762159/legato_stream.o
LOAD build/lcdc_rgba8888_mxt_9x60_wvga/debug/_ext/1553762159/legato_scheme.o
LOAD build/lcdc_rgba8888_mxt_9x60_wvga/debug/_ext/1553762159/legato_input.o
LOAD build/lcdc_rgba8888_mxt_9x60_wvga/debug/_ext/1553762159/legato_event.o
LOAD build/lcdc_rgba8888_mxt_9x60_wvga/debug/_ext/1553762159/legato_state.o
LOAD build/lcdc_rgba8888_mxt_9x60_wvga/debug/_ext/1653592263/legato_array.o
LOAD build/lcdc_rgba8888_mxt_9x60_wvga/debug/_ext/1653592263/legato_list.o
LOAD build/lcdc_rgba8888_mxt_9x60_wvga/debug/_ext/1653592263/legato_rectarray.o
LOAD build/lcdc_rgba8888_mxt_9x60_wvga/debug/_ext/1553851423/legato_rasterfont_liberationmono8.o
LOAD build/lcdc_rgba8888_mxt_9x60_wvga/debug/_ext/1553851423/legato_font.o
LOAD build/lcdc_rgba8888_mxt_9x60_wvga/debug/_ext/1553851423/legato_rasterfont_stream.o
LOAD build/lcdc_rgba8888_mxt_9x60_wvga/debug/_ext/1553851423/legato_rasterfont_liberationmono1.o
LOAD build/lcdc_rgba8888_mxt_9x60_wvga/debug/_ext/528922783/le_gen_fonts.o
LOAD build/lcdc_rgba8888_mxt_9x60_wvga/debug/_ext/780564725/le_gen_images.o
LOAD build/lcdc_rgba8888_mxt_9x60_wvga/debug/_ext/1849858236/le_gen_screen_Screen0.o
LOAD build/lcdc_rgba8888_mxt_9x60_wvga/debug/_ext/1849858236/le_gen_screen_Screen1.o
LOAD build/lcdc_rgba8888_mxt_9x60_wvga/debug/_ext/1247075393/le_gen_harmony.o
LOAD build/lcdc_rgba8888_mxt_9x60_wvga/debug/_ext/1247075393/le_gen_scheme.o
LOAD build/lcdc_rgba8888_mxt_9x60_wvga/debug/_ext/1247075393/le_gen_stringtable.o
LOAD build/lcdc_rgba8888_mxt_9x60_wvga/debug/_ext/1247075393/le_gen_init.o
LOAD build/lcdc_rgba8888_mxt_9x60_wvga/debug/_ext/1247075393/le_gen_globalpalette.o
LOAD build/lcdc_rgba8888_mxt_9x60_wvga/debug/_ext/1797725076/jidctint.o
LOAD build/lcdc_rgba8888_mxt_9x60_wvga/debug/_ext/1797725076/legato_imagedecoder_jpeg_common.o
LOAD build/lcdc_rgba8888_mxt_9x60_wvga/debug/_ext/1797725076/legato_imagedecoder_jpeg.o
LOAD build/lcdc_rgba8888_mxt_9x60_wvga/debug/_ext/1797636377/legato_imagedecoder_mono_read_internal.o
LOAD build/lcdc_rgba8888_mxt_9x60_wvga/debug/_ext/1797636377/legato_imagedecoder_mono.o
LOAD build/lcdc_rgba8888_mxt_9x60_wvga/debug/_ext/1797636377/legato_imagedecoder_mono_read_stream.o
LOAD build/lcdc_rgba8888_mxt_9x60_wvga/debug/_ext/1881677221/legato_imagedecoder_png.o
LOAD build/lcdc_rgba8888_mxt_9x60_wvga/debug/_ext/1881677221/lodepng.o
LOAD build/lcdc_rgba8888_mxt_9x60_wvga/debug/_ext/1881678756/legato_imagedecoder_raw_setup.o
LOAD build/lcdc_rgba8888_mxt_9x60_wvga/debug/_ext/1881678756/legato_imagedecoder_raw_scale.o
LOAD build/lcdc_rgba8888_mxt_9x60_wvga/debug/_ext/1881678756/legato_imagedecoder_raw_rotate.o
LOAD build/lcdc_rgba8888_mxt_9x60_wvga/debug/_ext/1881678756/legato_imagedecoder_raw_write.o
LOAD build/lcdc_rgba8888_mxt_9x60_wvga/debug/_ext/1881678756/legato_imagedecoder_raw_palette_internal.o
LOAD build/lcdc_rgba8888_mxt_9x60_wvga/debug/_ext/1881678756/legato_imagedecoder_raw_convert.o
LOAD build/lcdc_rgba8888_mxt_9x60_wvga/debug/_ext/1881678756/legato_imagedecoder_raw_read_stream_color.o
LOAD build/lcdc_rgba8888_mxt_9x60_wvga/debug/_ext/1881678756/legato_imagedecoder_raw_read_stream_rleindex.o
LOAD build/lcdc_rgba8888_mxt_9x60_wvga/debug/_ext/1881678756/legato_imagedecoder_raw_read_stream_index.o
LOAD build/lcdc_rgba8888_mxt_9x60_wvga/debug/_ext/1881678756/legato_imagedecoder_raw_read_stream_rlecolor.o
LOAD build/lcdc_rgba8888_mxt_9x60_wvga/debug/_ext/1881678756/legato_imagedecoder_raw.o
LOAD build/lcdc_rgba8888_mxt_9x60_wvga/debug/_ext/1881678756/legato_imagedecoder_raw_mask.o
LOAD build/lcdc_rgba8888_mxt_9x60_wvga/debug/_ext/1881678756/legato_imagedecoder_raw_blend.o
LOAD build/lcdc_rgba8888_mxt_9x60_wvga/debug/_ext/1881678756/legato_imagedecoder_raw_palette_stream.o
LOAD build/lcdc_rgba8888_mxt_9x60_wvga/debug/_ext/1881678756/legato_imagedecoder_raw_read_internal.o
LOAD build/lcdc_rgba8888_mxt_9x60_wvga/debug/_ext/927452043/legato_image.o
LOAD build/lcdc_rgba8888_mxt_9x60_wvga/debug/_ext/927452043/legato_image_utils.o
LOAD build/lcdc_rgba8888_mxt_9x60_wvga/debug/_ext/927452043/legato_palette.o
LOAD build/lcdc_rgba8888_mxt_9x60_wvga/debug/_ext/1206263599/legato_memory.o
LOAD build/lcdc_rgba8888_mxt_9x60_wvga/debug/_ext/1206263599/legato_variableheap.o
LOAD build/lcdc_rgba8888_mxt_9x60_wvga/debug/_ext/1206263599/legato_fixedheap.o
LOAD build/lcdc_rgba8888_mxt_9x60_wvga/debug/_ext/564048019/legato_gpu.o
LOAD build/lcdc_rgba8888_mxt_9x60_wvga/debug/_ext/564048019/legato_draw_arc.o
LOAD build/lcdc_rgba8888_mxt_9x60_wvga/debug/_ext/564048019/legato_draw.o
LOAD build/lcdc_rgba8888_mxt_9x60_wvga/debug/_ext/564048019/legato_renderer.o
LOAD build/lcdc_rgba8888_mxt_9x60_wvga/debug/_ext/564048019/legato_draw_rect.o
LOAD build/lcdc_rgba8888_mxt_9x60_wvga/debug/_ext/564048019/legato_draw_line.o
LOAD build/lcdc_rgba8888_mxt_9x60_wvga/debug/_ext/1020492831/legato_stringtable.o
LOAD build/lcdc_rgba8888_mxt_9x60_wvga/debug/_ext/1020492831/legato_fixedstring.o
LOAD build/lcdc_rgba8888_mxt_9x60_wvga/debug/_ext/1020492831/legato_string_renderer.o
LOAD build/lcdc_rgba8888_mxt_9x60_wvga/debug/_ext/1020492831/legato_dynamicstring.o
LOAD build/lcdc_rgba8888_mxt_9x60_wvga/debug/_ext/1020492831/legato_tablestring.o
LOAD build/lcdc_rgba8888_mxt_9x60_wvga/debug/_ext/1020492831/legato_stringutils.o
LOAD build/lcdc_rgba8888_mxt_9x60_wvga/debug/_ext/1020492831/legato_string.o
LOAD build/lcdc_rgba8888_mxt_9x60_wvga/debug/_ext/1020492831/legato_string_renderer_stream.o
LOAD build/lcdc_rgba8888_mxt_9x60_wvga/debug/_ext/618648617/legato_widget_arc_skin_classic.o
LOAD build/lcdc_rgba8888_mxt_9x60_wvga/debug/_ext/618648617/legato_widget_arc.o
LOAD build/lcdc_rgba8888_mxt_9x60_wvga/debug/_ext/332049738/legato_widget_bar_graph.o
LOAD build/lcdc_rgba8888_mxt_9x60_wvga/debug/_ext/332049738/legato_widget_bar_graph_skin_classic.o
LOAD build/lcdc_rgba8888_mxt_9x60_wvga/debug/_ext/424260723/legato_widget_button_skin_classic.o
LOAD build/lcdc_rgba8888_mxt_9x60_wvga/debug/_ext/424260723/legato_widget_button.o
LOAD build/lcdc_rgba8888_mxt_9x60_wvga/debug/_ext/1342728866/legato_widget_checkbox_skin_classic.o
LOAD build/lcdc_rgba8888_mxt_9x60_wvga/debug/_ext/1342728866/legato_widget_checkbox.o
LOAD build/lcdc_rgba8888_mxt_9x60_wvga/debug/_ext/406789845/legato_widget_circle_skin_classic.o
LOAD build/lcdc_rgba8888_mxt_9x60_wvga/debug/_ext/406789845/legato_widget_circle.o
LOAD build/lcdc_rgba8888_mxt_9x60_wvga/debug/_ext/481355007/legato_widget_circular_gauge_skin_classic.o
LOAD build/lcdc_rgba8888_mxt_9x60_wvga/debug/_ext/481355007/legato_widget_circular_gauge.o
LOAD build/lcdc_rgba8888_mxt_9x60_wvga/debug/_ext/1904515685/legato_widget_circular_slider.o
LOAD build/lcdc_rgba8888_mxt_9x60_wvga/debug/_ext/1904515685/legato_widget_circular_slider_skin_classic.o
LOAD build/lcdc_rgba8888_mxt_9x60_wvga/debug/_ext/815359854/legato_widget_drawsurface_skin_classic.o
LOAD build/lcdc_rgba8888_mxt_9x60_wvga/debug/_ext/815359854/legato_widget_drawsurface.o
LOAD build/lcdc_rgba8888_mxt_9x60_wvga/debug/_ext/1504997579/legato_widget_gradient.o
LOAD build/lcdc_rgba8888_mxt_9x60_wvga/debug/_ext/1504997579/legato_widget_gradient_skin_classic.o
LOAD build/lcdc_rgba8888_mxt_9x60_wvga/debug/_ext/1921711239/legato_widget_groupbox_skin_classic.o
LOAD build/lcdc_rgba8888_mxt_9x60_wvga/debug/_ext/1921711239/legato_widget_groupbox.o
LOAD build/lcdc_rgba8888_mxt_9x60_wvga/debug/_ext/1808593504/legato_widget_image.o
LOAD build/lcdc_rgba8888_mxt_9x60_wvga/debug/_ext/1808593504/legato_widget_image_skin_classic.o
LOAD build/lcdc_rgba8888_mxt_9x60_wvga/debug/_ext/340446469/legato_widget_imagerotate_skin_classic.o
LOAD build/lcdc_rgba8888_mxt_9x60_wvga/debug/_ext/340446469/legato_widget_imagerotate.o
LOAD build/lcdc_rgba8888_mxt_9x60_wvga/debug/_ext/1513586602/legato_widget_imagescale.o
LOAD build/lcdc_rgba8888_mxt_9x60_wvga/debug/_ext/1513586602/legato_widget_imagescale_skin_classic.o
LOAD build/lcdc_rgba8888_mxt_9x60_wvga/debug/_ext/638313825/legato_widget_imagesequence_skin_classic.o
LOAD build/lcdc_rgba8888_mxt_9x60_wvga/debug/_ext/638313825/legato_widget_imagesequence.o
LOAD build/lcdc_rgba8888_mxt_9x60_wvga/debug/_ext/181230033/legato_widget_keypad.o
LOAD build/lcdc_rgba8888_mxt_9x60_wvga/debug/_ext/181230033/legato_widget_keypad_skin_classic.o
LOAD build/lcdc_rgba8888_mxt_9x60_wvga/debug/_ext/1806179527/legato_widget_label_skin_classic.o
LOAD build/lcdc_rgba8888_mxt_9x60_wvga/debug/_ext/1806179527/legato_widget_label.o
LOAD build/lcdc_rgba8888_mxt_9x60_wvga/debug/_ext/1997918449/legato_widget_line_skin_classic.o
LOAD build/lcdc_rgba8888_mxt_9x60_wvga/debug/_ext/1997918449/legato_widget_line.o
LOAD build/lcdc_rgba8888_mxt_9x60_wvga/debug/_ext/862674017/legato_widget_line_graph.o
LOAD build/lcdc_rgba8888_mxt_9x60_wvga/debug/_ext/862674017/legato_widget_line_graph_skin_classic.o
LOAD build/lcdc_rgba8888_mxt_9x60_wvga/debug/_ext/1997918279/legato_widget_list_skin_classic.o
LOAD build/lcdc_rgba8888_mxt_9x60_wvga/debug/_ext/1997918279/legato_widget_list.o
LOAD build/lcdc_rgba8888_mxt_9x60_wvga/debug/_ext/276203710/legato_widget_listwheel.o
LOAD build/lcdc_rgba8888_mxt_9x60_wvga/debug/_ext/276203710/legato_widget_listwheel_skin_classic.o
LOAD build/lcdc_rgba8888_mxt_9x60_wvga/debug/_ext/726382445/legato_widget_pie_chart_skin_classic.o
LOAD build/lcdc_rgba8888_mxt_9x60_wvga/debug/_ext/726382445/legato_widget_pie_chart.o
LOAD build/lcdc_rgba8888_mxt_9x60_wvga/debug/_ext/2027768651/legato_widget_progressbar.o
LOAD build/lcdc_rgba8888_mxt_9x60_wvga/debug/_ext/2027768651/legato_widget_progressbar_skin_classic.o
LOAD build/lcdc_rgba8888_mxt_9x60_wvga/debug/_ext/1747593511/legato_widget_radial_menu_skin_classic.o
LOAD build/lcdc_rgba8888_mxt_9x60_wvga/debug/_ext/1747593511/legato_widget_radial_menu.o
LOAD build/lcdc_rgba8888_mxt_9x60_wvga/debug/_ext/1747593511/legato_widget_radial_menu_state.o
LOAD build/lcdc_rgba8888_mxt_9x60_wvga/debug/_ext/920874866/legato_radiobutton_group.o
LOAD build/lcdc_rgba8888_mxt_9x60_wvga/debug/_ext/920874866/legato_widget_radiobutton.o
LOAD build/lcdc_rgba8888_mxt_9x60_wvga/debug/_ext/920874866/legato_widget_radiobutton_skin_classic.o
LOAD build/lcdc_rgba8888_mxt_9x60_wvga/debug/_ext/2047371060/legato_widget_rectangle_skin_classic.o
LOAD build/lcdc_rgba8888_mxt_9x60_wvga/debug/_ext/2047371060/legato_widget_rectangle.o
LOAD build/lcdc_rgba8888_mxt_9x60_wvga/debug/_ext/1343864811/legato_widget_scrollbar_skin_classic.o
LOAD build/lcdc_rgba8888_mxt_9x60_wvga/debug/_ext/1343864811/legato_widget_scrollbar.o
LOAD build/lcdc_rgba8888_mxt_9x60_wvga/debug/_ext/53779772/legato_widget_slider_skin_classic.o
LOAD build/lcdc_rgba8888_mxt_9x60_wvga/debug/_ext/53779772/legato_widget_slider.o
LOAD build/lcdc_rgba8888_mxt_9x60_wvga/debug/_ext/105363022/legato_widget_textfield_skin_classic.o
LOAD build/lcdc_rgba8888_mxt_9x60_wvga/debug/_ext/105363022/legato_widget_textfield.o
LOAD build/lcdc_rgba8888_mxt_9x60_wvga/debug/_ext/1290806806/legato_widget_touchtest.o
LOAD build/lcdc_rgba8888_mxt_9x60_wvga/debug/_ext/1290806806/legato_widget_touchtest_skin_classic.o
LOAD build/lcdc_rgba8888_mxt_9x60_wvga/debug/_ext/165675083/legato_widget_window_skin_classic.o
LOAD build/lcdc_rgba8888_mxt_9x60_wvga/debug/_ext/165675083/legato_widget_window.o
LOAD build/lcdc_rgba8888_mxt_9x60_wvga/debug/_ext/916554220/legato_widget.o
LOAD build/lcdc_rgba8888_mxt_9x60_wvga/debug/_ext/916554220/legato_editwidget.o
LOAD build/lcdc_rgba8888_mxt_9x60_wvga/debug/_ext/916554220/legato_widget_skin_classic.o
LOAD build/lcdc_rgba8888_mxt_9x60_wvga/debug/_ext/916554220/legato_widget_skin_classic_common.o
LOAD build/lcdc_rgba8888_mxt_9x60_wvga/debug/_ext/107307971/plib_aic.o
LOAD build/lcdc_rgba8888_mxt_9x60_wvga/debug/_ext/107309994/plib_clk.o
LOAD build/lcdc_rgba8888_mxt_9x60_wvga/debug/_ext/1221451702/plib_flexcom6_twi_master.o
LOAD build/lcdc_rgba8888_mxt_9x60_wvga/debug/_ext/968098130/plib_lcdc.o
LOAD build/lcdc_rgba8888_mxt_9x60_wvga/debug/_ext/107319645/plib_mmu.o
LOAD build/lcdc_rgba8888_mxt_9x60_wvga/debug/_ext/107322398/plib_pio.o
LOAD build/lcdc_rgba8888_mxt_9x60_wvga/debug/_ext/107324649/plib_rtc.o
LOAD build/lcdc_rgba8888_mxt_9x60_wvga/debug/_ext/273632537/plib_tc0.o
LOAD build/lcdc_rgba8888_mxt_9x60_wvga/debug/_ext/273632537/plib_tc1.o
LOAD build/lcdc_rgba8888_mxt_9x60_wvga/debug/_ext/129769842/xc32_monitor.o
LOAD build/lcdc_rgba8888_mxt_9x60_wvga/debug/_ext/250812413/sys_cache.o
LOAD build/lcdc_rgba8888_mxt_9x60_wvga/debug/_ext/256753733/sys_input_listener.o
LOAD build/lcdc_rgba8888_mxt_9x60_wvga/debug/_ext/256753733/sys_input.o
LOAD build/lcdc_rgba8888_mxt_9x60_wvga/debug/_ext/1928812927/sys_int.o
LOAD build/lcdc_rgba8888_mxt_9x60_wvga/debug/_ext/1359593799/sys_time.o
LOAD build/lcdc_rgba8888_mxt_9x60_wvga/debug/_ext/1455094228/cstartup.o
LOAD build/lcdc_rgba8888_mxt_9x60_wvga/debug/_ext/1455094228/fault_handlers.o
LOAD build/lcdc_rgba8888_mxt_9x60_wvga/debug/_ext/1455094228/interrupts.o
LOAD build/lcdc_rgba8888_mxt_9x60_wvga/debug/_ext/1455094228/tasks.o
LOAD build/lcdc_rgba8888_mxt_9x60_wvga/debug/_ext/1455094228/initialization.o
LOAD build/lcdc_rgba8888_mxt_9x60_wvga/debug/_ext/1360937237/main.o
LOAD build/lcdc_rgba8888_mxt_9x60_wvga/debug/_ext/1360937237/app.o
LOAD build/lcdc_rgba8888_mxt_9x60_wvga/debug/_ext/1360937237/app_screen0.o
LOAD build/lcdc_rgba8888_mxt_9x60_wvga/debug/_ext/1360937237/app_screen1.o
                0x00000001                __MPLAB_BUILD = 0x1
                0x00001000                C_STACK_SIZE = 0x1000
                0x00000060                IRQ_STACK_SIZE = 0x60
                0x00000060                FIQ_STACK_SIZE = 0x60
                0x00001000                SVC_STACK_SIZE = 0x1000
                0x00000040                ABT_STACK_SIZE = 0x40
                0x00000040                UND_STACK_SIZE = 0x40

.text           0x23f00000   0x481b78
                0x23f00000                . = ALIGN (0x4)
                [!provide]                PROVIDE (_sfixed = .)
 *(.textEntry)
 .textEntry     0x23f00000      0x10c build/lcdc_rgba8888_mxt_9x60_wvga/debug/_ext/1455094228/cstartup.o
                0x23f00000                entry
 *(.text .text.* .gnu.linkonce.t.*)
 .text          0x23f0010c       0x70 c:/program files/microchip/xc32/v4.10/bin/bin/../../lib/gcc/pic32c/8.3.1/arm/v5te/nofp/crtbegin.o
 .text.BSP_Initialize
                0x23f0017c       0x20 build/lcdc_rgba8888_mxt_9x60_wvga/debug/_ext/710462340/bsp.o
                0x23f0017c                BSP_Initialize
 .text._DRV_I2C_DriverHandleValidate
                0x23f0019c       0x6c build/lcdc_rgba8888_mxt_9x60_wvga/debug/_ext/205529507/drv_i2c.o
 .text._DRV_I2C_RemoveTransferObjFromList
                0x23f00208       0x28 build/lcdc_rgba8888_mxt_9x60_wvga/debug/_ext/205529507/drv_i2c.o
 .text._DRV_I2C_RemoveClientTransfersFromList
                0x23f00230       0x5c build/lcdc_rgba8888_mxt_9x60_wvga/debug/_ext/205529507/drv_i2c.o
 .text._DRV_I2C_ClientCallback
                0x23f0028c       0x80 build/lcdc_rgba8888_mxt_9x60_wvga/debug/_ext/205529507/drv_i2c.o
 .text._DRV_I2C_NextTransferInitiate
                0x23f0030c      0x12c build/lcdc_rgba8888_mxt_9x60_wvga/debug/_ext/205529507/drv_i2c.o
 .text._DRV_I2C_ResourceLock
                0x23f00438       0xdc build/lcdc_rgba8888_mxt_9x60_wvga/debug/_ext/205529507/drv_i2c.o
 .text._DRV_I2C_ResourceUnlock
                0x23f00514       0xbc build/lcdc_rgba8888_mxt_9x60_wvga/debug/_ext/205529507/drv_i2c.o
 .text._DRV_I2C_WriteReadTransferAdd
                0x23f005d0      0x360 build/lcdc_rgba8888_mxt_9x60_wvga/debug/_ext/205529507/drv_i2c.o
 .text._DRV_I2C_PLibCallbackHandler
                0x23f00930       0x84 build/lcdc_rgba8888_mxt_9x60_wvga/debug/_ext/205529507/drv_i2c.o
 .text.DRV_I2C_Initialize
                0x23f009b4       0xbc build/lcdc_rgba8888_mxt_9x60_wvga/debug/_ext/205529507/drv_i2c.o
                0x23f009b4                DRV_I2C_Initialize
 .text.DRV_I2C_Open
                0x23f00a70      0x1ac build/lcdc_rgba8888_mxt_9x60_wvga/debug/_ext/205529507/drv_i2c.o
                0x23f00a70                DRV_I2C_Open
 .text.DRV_I2C_Close
                0x23f00c1c       0x98 build/lcdc_rgba8888_mxt_9x60_wvga/debug/_ext/205529507/drv_i2c.o
                0x23f00c1c                DRV_I2C_Close
 .text.DRV_I2C_TransferEventHandlerSet
                0x23f00cb4       0x50 build/lcdc_rgba8888_mxt_9x60_wvga/debug/_ext/205529507/drv_i2c.o
                0x23f00cb4                DRV_I2C_TransferEventHandlerSet
 .text.DRV_I2C_ReadTransferAdd
                0x23f00d04       0x34 build/lcdc_rgba8888_mxt_9x60_wvga/debug/_ext/205529507/drv_i2c.o
                0x23f00d04                DRV_I2C_ReadTransferAdd
 .text.DRV_I2C_WriteTransferAdd
                0x23f00d38       0x30 build/lcdc_rgba8888_mxt_9x60_wvga/debug/_ext/205529507/drv_i2c.o
                0x23f00d38                DRV_I2C_WriteTransferAdd
 .text.DRV_MAXTOUCH_I2CEventHandler
                0x23f00d68      0x23c build/lcdc_rgba8888_mxt_9x60_wvga/debug/_ext/802015102/drv_maxtouch.o
                0x23f00d68                DRV_MAXTOUCH_I2CEventHandler
 .text._RegWrite16
                0x23f00fa4       0x60 build/lcdc_rgba8888_mxt_9x60_wvga/debug/_ext/802015102/drv_maxtouch.o
 .text.resetTimer_Callback
                0x23f01004       0x70 build/lcdc_rgba8888_mxt_9x60_wvga/debug/_ext/802015102/drv_maxtouch.o
 .text._MessageObjectRead
                0x23f01074       0x94 build/lcdc_rgba8888_mxt_9x60_wvga/debug/_ext/802015102/drv_maxtouch.o
 .text.mxt_proc_t100_message
                0x23f01108       0xd4 build/lcdc_rgba8888_mxt_9x60_wvga/debug/_ext/802015102/drv_maxtouch.o
 .text._mxt_DelayMS
                0x23f011dc       0x38 build/lcdc_rgba8888_mxt_9x60_wvga/debug/_ext/802015102/drv_maxtouch.o
 .text.mxt_calculate_crc
                0x23f01214       0xac build/lcdc_rgba8888_mxt_9x60_wvga/debug/_ext/802015102/drv_maxtouch.o
 .text.MXT_INTERRUPT_PIN_VALUE_GET
                0x23f012c0       0x14 build/lcdc_rgba8888_mxt_9x60_wvga/debug/_ext/802015102/drv_maxtouch.o
                0x23f012c0                MXT_INTERRUPT_PIN_VALUE_GET
 .text.DRV_MAXTOUCH_Initialize
                0x23f012d4       0xd4 build/lcdc_rgba8888_mxt_9x60_wvga/debug/_ext/802015102/drv_maxtouch.o
                0x23f012d4                DRV_MAXTOUCH_Initialize
 .text.DRV_MAXTOUCH_Open
                0x23f013a8      0x12c build/lcdc_rgba8888_mxt_9x60_wvga/debug/_ext/802015102/drv_maxtouch.o
                0x23f013a8                DRV_MAXTOUCH_Open
 .text.DRV_MAXTOUCH_Tasks
                0x23f014d4      0xadc build/lcdc_rgba8888_mxt_9x60_wvga/debug/_ext/802015102/drv_maxtouch.o
                0x23f014d4                DRV_MAXTOUCH_Tasks
 .text.gfxcCreate
                0x23f01fb0       0x98 build/lcdc_rgba8888_mxt_9x60_wvga/debug/_ext/51791817/gfx_canvas_api.o
                0x23f01fb0                gfxcCreate
 .text.gfxcSetPixelBuffer
                0x23f02048       0x78 build/lcdc_rgba8888_mxt_9x60_wvga/debug/_ext/51791817/gfx_canvas_api.o
                0x23f02048                gfxcSetPixelBuffer
 .text.gfxcSetLayer
                0x23f020c0       0x50 build/lcdc_rgba8888_mxt_9x60_wvga/debug/_ext/51791817/gfx_canvas_api.o
                0x23f020c0                gfxcSetLayer
 .text.gfxcSetWindowPosition
                0x23f02110       0x3c build/lcdc_rgba8888_mxt_9x60_wvga/debug/_ext/51791817/gfx_canvas_api.o
                0x23f02110                gfxcSetWindowPosition
 .text.gfxcSetWindowSize
                0x23f0214c       0x3c build/lcdc_rgba8888_mxt_9x60_wvga/debug/_ext/51791817/gfx_canvas_api.o
                0x23f0214c                gfxcSetWindowSize
 .text.gfxcShowCanvas
                0x23f02188       0x2c build/lcdc_rgba8888_mxt_9x60_wvga/debug/_ext/51791817/gfx_canvas_api.o
                0x23f02188                gfxcShowCanvas
 .text.gfxcCanvasUpdate
                0x23f021b4       0x20 build/lcdc_rgba8888_mxt_9x60_wvga/debug/_ext/51791817/gfx_canvas_api.o
                0x23f021b4                gfxcCanvasUpdate
 .text.effectsTimerCallback
                0x23f021d4       0x18 build/lcdc_rgba8888_mxt_9x60_wvga/debug/_ext/51791817/gfx_canvas.o
 .text.GFXC_Update
                0x23f021ec        0x4 build/lcdc_rgba8888_mxt_9x60_wvga/debug/_ext/51791817/gfx_canvas.o
 .text.GFX_CANVAS_IOCTL
                0x23f021f0      0x2b4 build/lcdc_rgba8888_mxt_9x60_wvga/debug/_ext/51791817/gfx_canvas.o
 .text.GFXC_BlitBuffer
                0x23f024a4       0xf0 build/lcdc_rgba8888_mxt_9x60_wvga/debug/_ext/51791817/gfx_canvas.o
 .text.GFX_CANVAS_Initialize
                0x23f02594      0x130 build/lcdc_rgba8888_mxt_9x60_wvga/debug/_ext/51791817/gfx_canvas.o
                0x23f02594                GFX_CANVAS_Initialize
 .text._gfxcCanvasUpdate
                0x23f026c4      0x2f8 build/lcdc_rgba8888_mxt_9x60_wvga/debug/_ext/51791817/gfx_canvas.o
                0x23f026c4                _gfxcCanvasUpdate
 .text.GFX_CANVAS_Task
                0x23f029bc      0x3d8 build/lcdc_rgba8888_mxt_9x60_wvga/debug/_ext/51791817/gfx_canvas.o
                0x23f029bc                GFX_CANVAS_Task
 .text.gfxPixelBufferCreate
                0x23f02d94       0xd8 build/lcdc_rgba8888_mxt_9x60_wvga/debug/_ext/95971993/gfx_driver.o
                0x23f02d94                gfxPixelBufferCreate
 .text.gfxPixelBufferOffsetGet
                0x23f02e6c       0x4c build/lcdc_rgba8888_mxt_9x60_wvga/debug/_ext/95971993/gfx_driver.o
                0x23f02e6c                gfxPixelBufferOffsetGet
 .text.gfxPixelBuffer_IsLocked
                0x23f02eb8       0x14 build/lcdc_rgba8888_mxt_9x60_wvga/debug/_ext/95971993/gfx_driver.o
                0x23f02eb8                gfxPixelBuffer_IsLocked
 .text.getLCDCStrideFromColorMode
                0x23f02ecc       0x30 build/lcdc_rgba8888_mxt_9x60_wvga/debug/_ext/1886796627/drv_gfx_lcdc.o
 .text._IntHandlerLayerReadComplete
                0x23f02efc       0xb4 build/lcdc_rgba8888_mxt_9x60_wvga/debug/_ext/1886796627/drv_gfx_lcdc.o
                0x23f02efc                _IntHandlerLayerReadComplete
 .text.DRV_LCDC_Update
                0x23f02fb0       0x50 build/lcdc_rgba8888_mxt_9x60_wvga/debug/_ext/1886796627/drv_gfx_lcdc.o
                0x23f02fb0                DRV_LCDC_Update
 .text.LCDC_BrightnessSet
                0x23f03000       0x24 build/lcdc_rgba8888_mxt_9x60_wvga/debug/_ext/1886796627/drv_gfx_lcdc.o
                0x23f03000                LCDC_BrightnessSet
 .text.DRV_LCDC_Initialize
                0x23f03024      0x370 build/lcdc_rgba8888_mxt_9x60_wvga/debug/_ext/1886796627/drv_gfx_lcdc.o
                0x23f03024                DRV_LCDC_Initialize
 .text.DRV_LCDC_BlitBuffer
                0x23f03394       0xf0 build/lcdc_rgba8888_mxt_9x60_wvga/debug/_ext/1886796627/drv_gfx_lcdc.o
                0x23f03394                DRV_LCDC_BlitBuffer
 .text.DRV_LCDC_IOCTL
                0x23f03484      0x70c build/lcdc_rgba8888_mxt_9x60_wvga/debug/_ext/1886796627/drv_gfx_lcdc.o
                0x23f03484                DRV_LCDC_IOCTL
 .text.leColorBlend_RGBA_8888
                0x23f03b90      0x168 build/lcdc_rgba8888_mxt_9x60_wvga/debug/_ext/1483321925/legato_color_blend.o
                0x23f03b90                leColorBlend_RGBA_8888
 .text.leColorBlend_ARGB_8888
                0x23f03cf8      0x14c build/lcdc_rgba8888_mxt_9x60_wvga/debug/_ext/1483321925/legato_color_blend.o
                0x23f03cf8                leColorBlend_ARGB_8888
 .text.no_conv  0x23f03e44        0x4 build/lcdc_rgba8888_mxt_9x60_wvga/debug/_ext/1483321925/legato_color_convert.o
 .text.gs8_rgb332
                0x23f03e48       0x10 build/lcdc_rgba8888_mxt_9x60_wvga/debug/_ext/1483321925/legato_color_convert.o
 .text.gs8_rgb565
                0x23f03e58       0x20 build/lcdc_rgba8888_mxt_9x60_wvga/debug/_ext/1483321925/legato_color_convert.o
 .text.gs8_rgba5551
                0x23f03e78       0x28 build/lcdc_rgba8888_mxt_9x60_wvga/debug/_ext/1483321925/legato_color_convert.o
 .text.gs8_rgb888
                0x23f03ea0       0x10 build/lcdc_rgba8888_mxt_9x60_wvga/debug/_ext/1483321925/legato_color_convert.o
 .text.gs8_rgba8888
                0x23f03eb0       0x14 build/lcdc_rgba8888_mxt_9x60_wvga/debug/_ext/1483321925/legato_color_convert.o
 .text.gs8_argb8888
                0x23f03ec4       0x14 build/lcdc_rgba8888_mxt_9x60_wvga/debug/_ext/1483321925/legato_color_convert.o
 .text.gs8_mono
                0x23f03ed8       0x10 build/lcdc_rgba8888_mxt_9x60_wvga/debug/_ext/1483321925/legato_color_convert.o
 .text.rgb332_rgb565
                0x23f03ee8       0x2c build/lcdc_rgba8888_mxt_9x60_wvga/debug/_ext/1483321925/legato_color_convert.o
 .text.rgb332_rgba5551
                0x23f03f14       0x2c build/lcdc_rgba8888_mxt_9x60_wvga/debug/_ext/1483321925/legato_color_convert.o
 .text.rgb332_rgb888
                0x23f03f40       0x30 build/lcdc_rgba8888_mxt_9x60_wvga/debug/_ext/1483321925/legato_color_convert.o
 .text.rgb332_rgba8888
                0x23f03f70       0x2c build/lcdc_rgba8888_mxt_9x60_wvga/debug/_ext/1483321925/legato_color_convert.o
 .text.rgb332_argb8888
                0x23f03f9c       0x30 build/lcdc_rgba8888_mxt_9x60_wvga/debug/_ext/1483321925/legato_color_convert.o
 .text.rgb565_rgb332
                0x23f03fcc       0x20 build/lcdc_rgba8888_mxt_9x60_wvga/debug/_ext/1483321925/legato_color_convert.o
 .text.rgb565_rgba5551
                0x23f03fec       0x20 build/lcdc_rgba8888_mxt_9x60_wvga/debug/_ext/1483321925/legato_color_convert.o
 .text.rgb565_rgb888
                0x23f0400c       0x24 build/lcdc_rgba8888_mxt_9x60_wvga/debug/_ext/1483321925/legato_color_convert.o
 .text.rgb565_rgba8888
                0x23f04030       0x24 build/lcdc_rgba8888_mxt_9x60_wvga/debug/_ext/1483321925/legato_color_convert.o
 .text.rgb565_argb8888
                0x23f04054       0x28 build/lcdc_rgba8888_mxt_9x60_wvga/debug/_ext/1483321925/legato_color_convert.o
 .text.rgba5551_gs8
                0x23f0407c        0x4 build/lcdc_rgba8888_mxt_9x60_wvga/debug/_ext/1483321925/legato_color_convert.o
 .text.rgba5551_rgb332
                0x23f04080       0x20 build/lcdc_rgba8888_mxt_9x60_wvga/debug/_ext/1483321925/legato_color_convert.o
 .text.rgba5551_rgb565
                0x23f040a0       0x1c build/lcdc_rgba8888_mxt_9x60_wvga/debug/_ext/1483321925/legato_color_convert.o
 .text.rgba5551_rgb888
                0x23f040bc       0x30 build/lcdc_rgba8888_mxt_9x60_wvga/debug/_ext/1483321925/legato_color_convert.o
 .text.rgba5551_rgba8888
                0x23f040ec       0x40 build/lcdc_rgba8888_mxt_9x60_wvga/debug/_ext/1483321925/legato_color_convert.o
 .text.rgba5551_argb8888
                0x23f0412c       0x40 build/lcdc_rgba8888_mxt_9x60_wvga/debug/_ext/1483321925/legato_color_convert.o
 .text.rgb888_gs8
                0x23f0416c        0x4 build/lcdc_rgba8888_mxt_9x60_wvga/debug/_ext/1483321925/legato_color_convert.o
 .text.rgb888_rgb332
                0x23f04170       0x24 build/lcdc_rgba8888_mxt_9x60_wvga/debug/_ext/1483321925/legato_color_convert.o
 .text.rgb888_rgb565
                0x23f04194       0x20 build/lcdc_rgba8888_mxt_9x60_wvga/debug/_ext/1483321925/legato_color_convert.o
 .text.rgb888_rgba5551
                0x23f041b4       0x28 build/lcdc_rgba8888_mxt_9x60_wvga/debug/_ext/1483321925/legato_color_convert.o
 .text.rgb888_rgba8888
                0x23f041dc        0xc build/lcdc_rgba8888_mxt_9x60_wvga/debug/_ext/1483321925/legato_color_convert.o
 .text.rgb888_argb8888
                0x23f041e8        0x8 build/lcdc_rgba8888_mxt_9x60_wvga/debug/_ext/1483321925/legato_color_convert.o
 .text.rgba8888_gs8
                0x23f041f0        0x4 build/lcdc_rgba8888_mxt_9x60_wvga/debug/_ext/1483321925/legato_color_convert.o
 .text.rgba8888_rgb332
                0x23f041f4       0x20 build/lcdc_rgba8888_mxt_9x60_wvga/debug/_ext/1483321925/legato_color_convert.o
 .text.rgba8888_rgb565
                0x23f04214       0x20 build/lcdc_rgba8888_mxt_9x60_wvga/debug/_ext/1483321925/legato_color_convert.o
 .text.rgba8888_rgba5551
                0x23f04234       0x34 build/lcdc_rgba8888_mxt_9x60_wvga/debug/_ext/1483321925/legato_color_convert.o
 .text.rgba8888_rgb888
                0x23f04268        0x8 build/lcdc_rgba8888_mxt_9x60_wvga/debug/_ext/1483321925/legato_color_convert.o
 .text.rgba8888_argb8888
                0x23f04270        0x8 build/lcdc_rgba8888_mxt_9x60_wvga/debug/_ext/1483321925/legato_color_convert.o
 .text.argb8888_rgba5551
                0x23f04278       0x34 build/lcdc_rgba8888_mxt_9x60_wvga/debug/_ext/1483321925/legato_color_convert.o
 .text.argb8888_rgb888
                0x23f042ac        0x8 build/lcdc_rgba8888_mxt_9x60_wvga/debug/_ext/1483321925/legato_color_convert.o
 .text.argb8888_rgba8888
                0x23f042b4        0x8 build/lcdc_rgba8888_mxt_9x60_wvga/debug/_ext/1483321925/legato_color_convert.o
 .text.rgb565_gs8
                0x23f042bc       0x54 build/lcdc_rgba8888_mxt_9x60_wvga/debug/_ext/1483321925/legato_color_convert.o
 .text.rgb332_gs8
                0x23f04310       0x54 build/lcdc_rgba8888_mxt_9x60_wvga/debug/_ext/1483321925/legato_color_convert.o
 .text.leColorConvert
                0x23f04364       0x28 build/lcdc_rgba8888_mxt_9x60_wvga/debug/_ext/1483321925/legato_color_convert.o
                0x23f04364                leColorConvert
 .text.leColorSwap
                0x23f0438c       0xa8 build/lcdc_rgba8888_mxt_9x60_wvga/debug/_ext/1483321925/legato_color.o
                0x23f0438c                leColorSwap
 .text.lerp_argb8888
                0x23f04434       0x78 build/lcdc_rgba8888_mxt_9x60_wvga/debug/_ext/1483321925/legato_color_lerp.o
 .text.lerp_rgba8888
                0x23f044ac       0x78 build/lcdc_rgba8888_mxt_9x60_wvga/debug/_ext/1483321925/legato_color_lerp.o
 .text.lerp_rgb888
                0x23f04524       0x60 build/lcdc_rgba8888_mxt_9x60_wvga/debug/_ext/1483321925/legato_color_lerp.o
 .text.lerp_rgba5551
                0x23f04584       0x74 build/lcdc_rgba8888_mxt_9x60_wvga/debug/_ext/1483321925/legato_color_lerp.o
 .text.lerp_rgb565
                0x23f045f8       0x60 build/lcdc_rgba8888_mxt_9x60_wvga/debug/_ext/1483321925/legato_color_lerp.o
 .text.lerp_rgb332
                0x23f04658       0x60 build/lcdc_rgba8888_mxt_9x60_wvga/debug/_ext/1483321925/legato_color_lerp.o
 .text.lerp_gs8
                0x23f046b8        0xc build/lcdc_rgba8888_mxt_9x60_wvga/debug/_ext/1483321925/legato_color_lerp.o
 .text.leColorLerp
                0x23f046c4       0x40 build/lcdc_rgba8888_mxt_9x60_wvga/debug/_ext/1483321925/legato_color_lerp.o
                0x23f046c4                leColorLerp
 .text.leColorBilerp
                0x23f04704       0x5c build/lcdc_rgba8888_mxt_9x60_wvga/debug/_ext/1483321925/legato_color_lerp.o
                0x23f04704                leColorBilerp
 .text.leQueryArcQuadrants
                0x23f04760      0x124 build/lcdc_rgba8888_mxt_9x60_wvga/debug/_ext/1483321925/legato_math.o
 .text.leNormalizeAngle
                0x23f04884       0x30 build/lcdc_rgba8888_mxt_9x60_wvga/debug/_ext/1483321925/legato_math.o
                0x23f04884                leNormalizeAngle
 .text.leSin    0x23f048b4       0x80 build/lcdc_rgba8888_mxt_9x60_wvga/debug/_ext/1483321925/legato_math.o
                0x23f048b4                leSin
 .text.leCos    0x23f04934       0x78 build/lcdc_rgba8888_mxt_9x60_wvga/debug/_ext/1483321925/legato_math.o
                0x23f04934                leCos
 .text.lePolarToXY
                0x23f049ac       0x60 build/lcdc_rgba8888_mxt_9x60_wvga/debug/_ext/1483321925/legato_math.o
                0x23f049ac                lePolarToXY
 .text.leMini   0x23f04a0c        0xc build/lcdc_rgba8888_mxt_9x60_wvga/debug/_ext/1483321925/legato_math.o
                0x23f04a0c                leMini
 .text.leMaxi   0x23f04a18        0xc build/lcdc_rgba8888_mxt_9x60_wvga/debug/_ext/1483321925/legato_math.o
                0x23f04a18                leMaxi
 .text.leClampi
                0x23f04a24       0x18 build/lcdc_rgba8888_mxt_9x60_wvga/debug/_ext/1483321925/legato_math.o
                0x23f04a24                leClampi
 .text.lePercent
                0x23f04a3c       0x1c build/lcdc_rgba8888_mxt_9x60_wvga/debug/_ext/1483321925/legato_math.o
                0x23f04a3c                lePercent
 .text.lePercentWholeRounded
                0x23f04a58       0x3c build/lcdc_rgba8888_mxt_9x60_wvga/debug/_ext/1483321925/legato_math.o
                0x23f04a58                lePercentWholeRounded
 .text.lePercentOf
                0x23f04a94       0x58 build/lcdc_rgba8888_mxt_9x60_wvga/debug/_ext/1483321925/legato_math.o
                0x23f04a94                lePercentOf
 .text.leScaleInteger
                0x23f04aec       0x44 build/lcdc_rgba8888_mxt_9x60_wvga/debug/_ext/1483321925/legato_math.o
                0x23f04aec                leScaleInteger
 .text.leLerp   0x23f04b30       0x58 build/lcdc_rgba8888_mxt_9x60_wvga/debug/_ext/1483321925/legato_math.o
                0x23f04b30                leLerp
 .text.lePointOnLineSide
                0x23f04b88       0x60 build/lcdc_rgba8888_mxt_9x60_wvga/debug/_ext/1483321925/legato_math.o
                0x23f04b88                lePointOnLineSide
 .text.leRotatePoint
                0x23f04be8       0xbc build/lcdc_rgba8888_mxt_9x60_wvga/debug/_ext/1483321925/legato_math.o
                0x23f04be8                leRotatePoint
 .text.leRotatedRectBounds
                0x23f04ca4      0x14c build/lcdc_rgba8888_mxt_9x60_wvga/debug/_ext/1483321925/legato_math.o
                0x23f04ca4                leRotatedRectBounds
 .text.leSqrt   0x23f04df0       0x58 build/lcdc_rgba8888_mxt_9x60_wvga/debug/_ext/1483321925/legato_math.o
                0x23f04df0                leSqrt
 .text.lePointOnCircle
                0x23f04e48       0x30 build/lcdc_rgba8888_mxt_9x60_wvga/debug/_ext/1483321925/legato_math.o
                0x23f04e48                lePointOnCircle
 .text.leResolveAngles
                0x23f04e78      0x268 build/lcdc_rgba8888_mxt_9x60_wvga/debug/_ext/1483321925/legato_math.o
                0x23f04e78                leResolveAngles
 .text.leRound  0x23f050e0       0xa0 build/lcdc_rgba8888_mxt_9x60_wvga/debug/_ext/1483321925/legato_math.o
                0x23f050e0                leRound
 .text.leRectContainsPoint
                0x23f05180       0x60 build/lcdc_rgba8888_mxt_9x60_wvga/debug/_ext/1483321925/legato_rect.o
                0x23f05180                leRectContainsPoint
 .text.leRectContainsRect
                0x23f051e0       0x70 build/lcdc_rgba8888_mxt_9x60_wvga/debug/_ext/1483321925/legato_rect.o
                0x23f051e0                leRectContainsRect
 .text.leRectIntersects
                0x23f05250       0x70 build/lcdc_rgba8888_mxt_9x60_wvga/debug/_ext/1483321925/legato_rect.o
                0x23f05250                leRectIntersects
 .text.leRectCombine
                0x23f052c0       0x88 build/lcdc_rgba8888_mxt_9x60_wvga/debug/_ext/1483321925/legato_rect.o
                0x23f052c0                leRectCombine
 .text.leRectClipAdj
                0x23f05348      0x180 build/lcdc_rgba8888_mxt_9x60_wvga/debug/_ext/1483321925/legato_rect.o
                0x23f05348                leRectClipAdj
 .text.leRectClip
                0x23f054c8       0xa0 build/lcdc_rgba8888_mxt_9x60_wvga/debug/_ext/1483321925/legato_rect.o
                0x23f054c8                leRectClip
 .text.leRectCompare
                0x23f05568       0x60 build/lcdc_rgba8888_mxt_9x60_wvga/debug/_ext/1483321925/legato_rect.o
                0x23f05568                leRectCompare
 .text.leRectsAreSimilar
                0x23f055c8       0xcc build/lcdc_rgba8888_mxt_9x60_wvga/debug/_ext/1483321925/legato_rect.o
                0x23f055c8                leRectsAreSimilar
 .text.leUtils_PickFromWidget
                0x23f05694       0xe4 build/lcdc_rgba8888_mxt_9x60_wvga/debug/_ext/1483321925/legato_utils.o
                0x23f05694                leUtils_PickFromWidget
 .text.leUtils_ClipRectToParent
                0x23f05778       0x84 build/lcdc_rgba8888_mxt_9x60_wvga/debug/_ext/1483321925/legato_utils.o
                0x23f05778                leUtils_ClipRectToParent
 .text.leUtils_RectToScreenSpace
                0x23f057fc       0x44 build/lcdc_rgba8888_mxt_9x60_wvga/debug/_ext/1483321925/legato_utils.o
                0x23f057fc                leUtils_RectToScreenSpace
 .text.leUtils_ClipRectToAncestors
                0x23f05840       0x94 build/lcdc_rgba8888_mxt_9x60_wvga/debug/_ext/1483321925/legato_utils.o
                0x23f05840                leUtils_ClipRectToAncestors
 .text.leUtils_ArrangeRectangle
                0x23f058d4      0x280 build/lcdc_rgba8888_mxt_9x60_wvga/debug/_ext/1483321925/legato_utils.o
                0x23f058d4                leUtils_ArrangeRectangle
 .text.leUtils_ArrangeRectangleRelative
                0x23f05b54      0x2b0 build/lcdc_rgba8888_mxt_9x60_wvga/debug/_ext/1483321925/legato_utils.o
                0x23f05b54                leUtils_ArrangeRectangleRelative
 .text.leUtils_GetSchemeLookupTable
                0x23f05e04       0x64 build/lcdc_rgba8888_mxt_9x60_wvga/debug/_ext/1483321925/legato_utils.o
                0x23f05e04                leUtils_GetSchemeLookupTable
 .text.indexGet1bpp
                0x23f05e68       0x20 build/lcdc_rgba8888_mxt_9x60_wvga/debug/_ext/1483321925/legato_pixelbuffer.o
 .text.indexGet4bpp
                0x23f05e88       0x18 build/lcdc_rgba8888_mxt_9x60_wvga/debug/_ext/1483321925/legato_pixelbuffer.o
 .text.indexGet
                0x23f05ea0       0x64 build/lcdc_rgba8888_mxt_9x60_wvga/debug/_ext/1483321925/legato_pixelbuffer.o
 .text.get1byte
                0x23f05f04        0x8 build/lcdc_rgba8888_mxt_9x60_wvga/debug/_ext/1483321925/legato_pixelbuffer.o
 .text.get2byte
                0x23f05f0c        0x8 build/lcdc_rgba8888_mxt_9x60_wvga/debug/_ext/1483321925/legato_pixelbuffer.o
 .text.get3byte
                0x23f05f14       0x1c build/lcdc_rgba8888_mxt_9x60_wvga/debug/_ext/1483321925/legato_pixelbuffer.o
 .text.get4byte
                0x23f05f30        0x8 build/lcdc_rgba8888_mxt_9x60_wvga/debug/_ext/1483321925/legato_pixelbuffer.o
 .text.set1byte
                0x23f05f38        0xc build/lcdc_rgba8888_mxt_9x60_wvga/debug/_ext/1483321925/legato_pixelbuffer.o
 .text.set2byte
                0x23f05f44        0xc build/lcdc_rgba8888_mxt_9x60_wvga/debug/_ext/1483321925/legato_pixelbuffer.o
 .text.set3byte
                0x23f05f50       0x1c build/lcdc_rgba8888_mxt_9x60_wvga/debug/_ext/1483321925/legato_pixelbuffer.o
 .text.set4byte
                0x23f05f6c        0xc build/lcdc_rgba8888_mxt_9x60_wvga/debug/_ext/1483321925/legato_pixelbuffer.o
 .text.lePixelBufferCreate
                0x23f05f78       0xd0 build/lcdc_rgba8888_mxt_9x60_wvga/debug/_ext/1483321925/legato_pixelbuffer.o
                0x23f05f78                lePixelBufferCreate
 .text.lePixelBufferOffsetGet
                0x23f06048       0x5c build/lcdc_rgba8888_mxt_9x60_wvga/debug/_ext/1483321925/legato_pixelbuffer.o
                0x23f06048                lePixelBufferOffsetGet
 .text.lePixelBufferOffsetGet_Unsafe
                0x23f060a4       0x44 build/lcdc_rgba8888_mxt_9x60_wvga/debug/_ext/1483321925/legato_pixelbuffer.o
                0x23f060a4                lePixelBufferOffsetGet_Unsafe
 .text.lePixelBufferGet_Unsafe
                0x23f060e8       0x64 build/lcdc_rgba8888_mxt_9x60_wvga/debug/_ext/1483321925/legato_pixelbuffer.o
                0x23f060e8                lePixelBufferGet_Unsafe
 .text.lePixelBufferGet
                0x23f0614c       0x34 build/lcdc_rgba8888_mxt_9x60_wvga/debug/_ext/1483321925/legato_pixelbuffer.o
                0x23f0614c                lePixelBufferGet
 .text.lePixelBufferClipRect
                0x23f06180       0x84 build/lcdc_rgba8888_mxt_9x60_wvga/debug/_ext/1483321925/legato_pixelbuffer.o
                0x23f06180                lePixelBufferClipRect
 .text.lePixelBufferGetIndex_Unsafe
                0x23f06204       0x2c build/lcdc_rgba8888_mxt_9x60_wvga/debug/_ext/1483321925/legato_pixelbuffer.o
                0x23f06204                lePixelBufferGetIndex_Unsafe
 .text.lePixelBufferSet_Unsafe
                0x23f06230       0x7c build/lcdc_rgba8888_mxt_9x60_wvga/debug/_ext/1483321925/legato_pixelbuffer.o
                0x23f06230                lePixelBufferSet_Unsafe
 .text.lePixelBufferSet
                0x23f062ac       0x28 build/lcdc_rgba8888_mxt_9x60_wvga/debug/_ext/1483321925/legato_pixelbuffer.o
                0x23f062ac                lePixelBufferSet
 .text.lePixelBufferAreaFill_Unsafe
                0x23f062d4      0x110 build/lcdc_rgba8888_mxt_9x60_wvga/debug/_ext/1483321925/legato_pixelbuffer.o
                0x23f062d4                lePixelBufferAreaFill_Unsafe
 .text.lePixelBufferAreaFill
                0x23f063e4       0x70 build/lcdc_rgba8888_mxt_9x60_wvga/debug/_ext/1483321925/legato_pixelbuffer.o
                0x23f063e4                lePixelBufferAreaFill
 .text.lePixelBufferCopy
                0x23f06454       0xd8 build/lcdc_rgba8888_mxt_9x60_wvga/debug/_ext/1483321925/legato_pixelbuffer.o
                0x23f06454                lePixelBufferCopy
 .text.leScheme_GetRenderColor
                0x23f0652c       0x38 build/lcdc_rgba8888_mxt_9x60_wvga/debug/_ext/1553762159/legato_scheme.o
                0x23f0652c                leScheme_GetRenderColor
 .text.leInput_Init
                0x23f06564       0x2c build/lcdc_rgba8888_mxt_9x60_wvga/debug/_ext/1553762159/legato_input.o
                0x23f06564                leInput_Init
 .text.leInput_InjectTouchDown
                0x23f06590       0xd8 build/lcdc_rgba8888_mxt_9x60_wvga/debug/_ext/1553762159/legato_input.o
                0x23f06590                leInput_InjectTouchDown
 .text.leInput_InjectTouchUp
                0x23f06668       0xb4 build/lcdc_rgba8888_mxt_9x60_wvga/debug/_ext/1553762159/legato_input.o
                0x23f06668                leInput_InjectTouchUp
 .text.leInput_InjectTouchMoved
                0x23f0671c      0x12c build/lcdc_rgba8888_mxt_9x60_wvga/debug/_ext/1553762159/legato_input.o
                0x23f0671c                leInput_InjectTouchMoved
 .text.handleTouchDown
                0x23f06848      0x118 build/lcdc_rgba8888_mxt_9x60_wvga/debug/_ext/1553762159/legato_input.o
                0x23f06848                handleTouchDown
 .text.handleTouchUp
                0x23f06960       0x70 build/lcdc_rgba8888_mxt_9x60_wvga/debug/_ext/1553762159/legato_input.o
                0x23f06960                handleTouchUp
 .text.handleTouchMoved
                0x23f069d0       0x70 build/lcdc_rgba8888_mxt_9x60_wvga/debug/_ext/1553762159/legato_input.o
                0x23f069d0                handleTouchMoved
 .text._leInput_HandleInputEvent
                0x23f06a40       0x40 build/lcdc_rgba8888_mxt_9x60_wvga/debug/_ext/1553762159/legato_input.o
                0x23f06a40                _leInput_HandleInputEvent
 .text._leGetEventState
                0x23f06a80        0xc build/lcdc_rgba8888_mxt_9x60_wvga/debug/_ext/1553762159/legato_event.o
                0x23f06a80                _leGetEventState
 .text.leEvent_Init
                0x23f06a8c       0x20 build/lcdc_rgba8888_mxt_9x60_wvga/debug/_ext/1553762159/legato_event.o
                0x23f06a8c                leEvent_Init
 .text.leEvent_AddEvent
                0x23f06aac       0x28 build/lcdc_rgba8888_mxt_9x60_wvga/debug/_ext/1553762159/legato_event.o
                0x23f06aac                leEvent_AddEvent
 .text.leEvent_ProcessEvents
                0x23f06ad4       0xb4 build/lcdc_rgba8888_mxt_9x60_wvga/debug/_ext/1553762159/legato_event.o
                0x23f06ad4                leEvent_ProcessEvents
 .text.leWidgetEvent_Accept
                0x23f06b88       0x14 build/lcdc_rgba8888_mxt_9x60_wvga/debug/_ext/1553762159/legato_event.o
                0x23f06b88                leWidgetEvent_Accept
 .text.updateWidget
                0x23f06b9c       0x4c build/lcdc_rgba8888_mxt_9x60_wvga/debug/_ext/1553762159/legato_state.o
 .text.leGetState
                0x23f06be8        0xc build/lcdc_rgba8888_mxt_9x60_wvga/debug/_ext/1553762159/legato_state.o
                0x23f06be8                leGetState
 .text.leAddLayer
                0x23f06bf4       0xb8 build/lcdc_rgba8888_mxt_9x60_wvga/debug/_ext/1553762159/legato_state.o
                0x23f06bf4                leAddLayer
 .text.leInitialize
                0x23f06cac       0xa4 build/lcdc_rgba8888_mxt_9x60_wvga/debug/_ext/1553762159/legato_state.o
                0x23f06cac                leInitialize
 .text.leGetLayerState
                0x23f06d50       0x50 build/lcdc_rgba8888_mxt_9x60_wvga/debug/_ext/1553762159/legato_state.o
                0x23f06d50                leGetLayerState
 .text.leGetLayerColorMode
                0x23f06da0       0x54 build/lcdc_rgba8888_mxt_9x60_wvga/debug/_ext/1553762159/legato_state.o
                0x23f06da0                leGetLayerColorMode
 .text.leGetLayerRenderHorizontal
                0x23f06df4       0x54 build/lcdc_rgba8888_mxt_9x60_wvga/debug/_ext/1553762159/legato_state.o
                0x23f06df4                leGetLayerRenderHorizontal
 .text.leGetFocusWidget
                0x23f06e48       0x10 build/lcdc_rgba8888_mxt_9x60_wvga/debug/_ext/1553762159/legato_state.o
                0x23f06e48                leGetFocusWidget
 .text.leSetFocusWidget
                0x23f06e58       0x84 build/lcdc_rgba8888_mxt_9x60_wvga/debug/_ext/1553762159/legato_state.o
                0x23f06e58                leSetFocusWidget
 .text.leGetEditWidget
                0x23f06edc       0x10 build/lcdc_rgba8888_mxt_9x60_wvga/debug/_ext/1553762159/legato_state.o
                0x23f06edc                leGetEditWidget
 .text.leSetEditWidget
                0x23f06eec       0x84 build/lcdc_rgba8888_mxt_9x60_wvga/debug/_ext/1553762159/legato_state.o
                0x23f06eec                leSetEditWidget
 .text.leRedrawAll
                0x23f06f70       0x50 build/lcdc_rgba8888_mxt_9x60_wvga/debug/_ext/1553762159/legato_state.o
                0x23f06f70                leRedrawAll
 .text.leSetLayerColorMode
                0x23f06fc0       0x74 build/lcdc_rgba8888_mxt_9x60_wvga/debug/_ext/1553762159/legato_state.o
                0x23f06fc0                leSetLayerColorMode
 .text.leSetStringTable
                0x23f07034       0x18 build/lcdc_rgba8888_mxt_9x60_wvga/debug/_ext/1553762159/legato_state.o
                0x23f07034                leSetStringTable
 .text.leIsDrawing
                0x23f0704c       0x14 build/lcdc_rgba8888_mxt_9x60_wvga/debug/_ext/1553762159/legato_state.o
                0x23f0704c                leIsDrawing
 .text.leUpdate
                0x23f07060      0x114 build/lcdc_rgba8888_mxt_9x60_wvga/debug/_ext/1553762159/legato_state.o
                0x23f07060                leUpdate
 .text.leAddRootWidget
                0x23f07174       0x68 build/lcdc_rgba8888_mxt_9x60_wvga/debug/_ext/1553762159/legato_state.o
                0x23f07174                leAddRootWidget
 .text.leRemoveRootWidget
                0x23f071dc       0x74 build/lcdc_rgba8888_mxt_9x60_wvga/debug/_ext/1553762159/legato_state.o
                0x23f071dc                leRemoveRootWidget
 .text.leGetWidgetLayer
                0x23f07250       0x8c build/lcdc_rgba8888_mxt_9x60_wvga/debug/_ext/1553762159/legato_state.o
                0x23f07250                leGetWidgetLayer
 .text.leWidgetIsInScene
                0x23f072dc       0x14 build/lcdc_rgba8888_mxt_9x60_wvga/debug/_ext/1553762159/legato_state.o
                0x23f072dc                leWidgetIsInScene
 .text._shuffleRight
                0x23f072f0       0x78 build/lcdc_rgba8888_mxt_9x60_wvga/debug/_ext/1653592263/legato_array.o
 .text._shuffleLeft
                0x23f07368       0x5c build/lcdc_rgba8888_mxt_9x60_wvga/debug/_ext/1653592263/legato_array.o
 .text.leArray_Create
                0x23f073c4       0x1c build/lcdc_rgba8888_mxt_9x60_wvga/debug/_ext/1653592263/legato_array.o
                0x23f073c4                leArray_Create
 .text.leArray_Resize
                0x23f073e0       0x70 build/lcdc_rgba8888_mxt_9x60_wvga/debug/_ext/1653592263/legato_array.o
                0x23f073e0                leArray_Resize
 .text.leArray_PushBack
                0x23f07450       0x60 build/lcdc_rgba8888_mxt_9x60_wvga/debug/_ext/1653592263/legato_array.o
                0x23f07450                leArray_PushBack
 .text.leArray_InsertAt
                0x23f074b0       0x9c build/lcdc_rgba8888_mxt_9x60_wvga/debug/_ext/1653592263/legato_array.o
                0x23f074b0                leArray_InsertAt
 .text.leArray_RemoveAt
                0x23f0754c       0x38 build/lcdc_rgba8888_mxt_9x60_wvga/debug/_ext/1653592263/legato_array.o
                0x23f0754c                leArray_RemoveAt
 .text.leArray_Get
                0x23f07584       0x18 build/lcdc_rgba8888_mxt_9x60_wvga/debug/_ext/1653592263/legato_array.o
                0x23f07584                leArray_Get
 .text.leArray_Find
                0x23f0759c       0x68 build/lcdc_rgba8888_mxt_9x60_wvga/debug/_ext/1653592263/legato_array.o
                0x23f0759c                leArray_Find
 .text.leArray_Remove
                0x23f07604       0x58 build/lcdc_rgba8888_mxt_9x60_wvga/debug/_ext/1653592263/legato_array.o
                0x23f07604                leArray_Remove
 .text.leArray_Clear
                0x23f0765c       0x38 build/lcdc_rgba8888_mxt_9x60_wvga/debug/_ext/1653592263/legato_array.o
                0x23f0765c                leArray_Clear
 .text.leList_Create
                0x23f07694       0x1c build/lcdc_rgba8888_mxt_9x60_wvga/debug/_ext/1653592263/legato_list.o
                0x23f07694                leList_Create
 .text.leList_PushBack
                0x23f076b0       0x68 build/lcdc_rgba8888_mxt_9x60_wvga/debug/_ext/1653592263/legato_list.o
                0x23f076b0                leList_PushBack
 .text.leList_Get
                0x23f07718       0x44 build/lcdc_rgba8888_mxt_9x60_wvga/debug/_ext/1653592263/legato_list.o
                0x23f07718                leList_Get
 .text.leList_Remove
                0x23f0775c       0xbc build/lcdc_rgba8888_mxt_9x60_wvga/debug/_ext/1653592263/legato_list.o
                0x23f0775c                leList_Remove
 .text.leList_Destroy
                0x23f07818       0x4c build/lcdc_rgba8888_mxt_9x60_wvga/debug/_ext/1653592263/legato_list.o
                0x23f07818                leList_Destroy
 .text._shuffleLeft
                0x23f07864       0xac build/lcdc_rgba8888_mxt_9x60_wvga/debug/_ext/1653592263/legato_rectarray.o
 .text.leRectArray_Create
                0x23f07910       0x1c build/lcdc_rgba8888_mxt_9x60_wvga/debug/_ext/1653592263/legato_rectarray.o
                0x23f07910                leRectArray_Create
 .text.leRectArray_Resize
                0x23f0792c       0x7c build/lcdc_rgba8888_mxt_9x60_wvga/debug/_ext/1653592263/legato_rectarray.o
                0x23f0792c                leRectArray_Resize
 .text.leRectArray_PushBack
                0x23f079a8       0x70 build/lcdc_rgba8888_mxt_9x60_wvga/debug/_ext/1653592263/legato_rectarray.o
                0x23f079a8                leRectArray_PushBack
 .text.leRectArray_RemoveAt
                0x23f07a18       0x38 build/lcdc_rgba8888_mxt_9x60_wvga/debug/_ext/1653592263/legato_rectarray.o
                0x23f07a18                leRectArray_RemoveAt
 .text.leRectArray_Copy
                0x23f07a50       0x74 build/lcdc_rgba8888_mxt_9x60_wvga/debug/_ext/1653592263/legato_rectarray.o
                0x23f07a50                leRectArray_Copy
 .text.leRectArray_Clear
                0x23f07ac4       0x14 build/lcdc_rgba8888_mxt_9x60_wvga/debug/_ext/1653592263/legato_rectarray.o
                0x23f07ac4                leRectArray_Clear
 .text.leRectArray_Destroy
                0x23f07ad8       0x3c build/lcdc_rgba8888_mxt_9x60_wvga/debug/_ext/1653592263/legato_rectarray.o
                0x23f07ad8                leRectArray_Destroy
 .text.leRectArray_RemoveDuplicates
                0x23f07b14       0x90 build/lcdc_rgba8888_mxt_9x60_wvga/debug/_ext/1653592263/legato_rectarray.o
                0x23f07b14                leRectArray_RemoveDuplicates
 .text.leRectArray_SortBySize
                0x23f07ba4       0xdc build/lcdc_rgba8888_mxt_9x60_wvga/debug/_ext/1653592263/legato_rectarray.o
                0x23f07ba4                leRectArray_SortBySize
 .text.leRectArray_SortByX
                0x23f07c80       0xfc build/lcdc_rgba8888_mxt_9x60_wvga/debug/_ext/1653592263/legato_rectarray.o
                0x23f07c80                leRectArray_SortByX
 .text.leRectArray_SortByY
                0x23f07d7c       0xf4 build/lcdc_rgba8888_mxt_9x60_wvga/debug/_ext/1653592263/legato_rectarray.o
                0x23f07d7c                leRectArray_SortByY
 .text.leRectArray_MergeSimilar
                0x23f07e70       0x98 build/lcdc_rgba8888_mxt_9x60_wvga/debug/_ext/1653592263/legato_rectarray.o
                0x23f07e70                leRectArray_MergeSimilar
 .text.leRectArray_RemoveOverlapping
                0x23f07f08       0x84 build/lcdc_rgba8888_mxt_9x60_wvga/debug/_ext/1653592263/legato_rectarray.o
                0x23f07f08                leRectArray_RemoveOverlapping
 .text.leRectArray_PadRectangleWidth
                0x23f07f8c      0x120 build/lcdc_rgba8888_mxt_9x60_wvga/debug/_ext/1653592263/legato_rectarray.o
                0x23f07f8c                leRectArray_PadRectangleWidth
 .text.leRectArray_CropToSizeY
                0x23f080ac      0x134 build/lcdc_rgba8888_mxt_9x60_wvga/debug/_ext/1653592263/legato_rectarray.o
                0x23f080ac                leRectArray_CropToSizeY
 .text.leRectArray_CropToSizeX
                0x23f081e0      0x134 build/lcdc_rgba8888_mxt_9x60_wvga/debug/_ext/1653592263/legato_rectarray.o
                0x23f081e0                leRectArray_CropToSizeX
 .text.drawGlyphRow8bpp
                0x23f08314       0xf8 build/lcdc_rgba8888_mxt_9x60_wvga/debug/_ext/1553851423/legato_font.o
 .text.drawGlyphRow1bpp
                0x23f0840c       0xd0 build/lcdc_rgba8888_mxt_9x60_wvga/debug/_ext/1553851423/legato_font.o
 .text.drawGlyphRow8bppMono
                0x23f084dc       0x5c build/lcdc_rgba8888_mxt_9x60_wvga/debug/_ext/1553851423/legato_font.o
 .text.drawGlyphRow1bppMono
                0x23f08538       0x64 build/lcdc_rgba8888_mxt_9x60_wvga/debug/_ext/1553851423/legato_font.o
 .text._drawUnknownGlyph
                0x23f0859c       0xf4 build/lcdc_rgba8888_mxt_9x60_wvga/debug/_ext/1553851423/legato_font.o
 .text.leFont_GetGlyphInfo
                0x23f08690       0xe0 build/lcdc_rgba8888_mxt_9x60_wvga/debug/_ext/1553851423/legato_font.o
                0x23f08690                leFont_GetGlyphInfo
 .text.leFont_DrawGlyphData
                0x23f08770      0x12c build/lcdc_rgba8888_mxt_9x60_wvga/debug/_ext/1553851423/legato_font.o
                0x23f08770                leFont_DrawGlyphData
 .text.leFont_DrawGlyphData_Lookup
                0x23f0889c      0x300 build/lcdc_rgba8888_mxt_9x60_wvga/debug/_ext/1553851423/legato_font.o
                0x23f0889c                leFont_DrawGlyphData_Lookup
 .text.leFont_DrawGlyph
                0x23f08b9c       0xa4 build/lcdc_rgba8888_mxt_9x60_wvga/debug/_ext/1553851423/legato_font.o
                0x23f08b9c                leFont_DrawGlyph
 .text.leFont_DrawGlyph_Lookup
                0x23f08c40       0xb4 build/lcdc_rgba8888_mxt_9x60_wvga/debug/_ext/1553851423/legato_font.o
                0x23f08c40                leFont_DrawGlyph_Lookup
 .text.screenInit_Screen0
                0x23f08cf4       0x28 build/lcdc_rgba8888_mxt_9x60_wvga/debug/_ext/1849858236/le_gen_screen_Screen0.o
                0x23f08cf4                screenInit_Screen0
 .text.screenShow_Screen0
                0x23f08d1c      0x6dc build/lcdc_rgba8888_mxt_9x60_wvga/debug/_ext/1849858236/le_gen_screen_Screen0.o
                0x23f08d1c                screenShow_Screen0
 .text.screenUpdate_Screen0
                0x23f093f8       0x68 build/lcdc_rgba8888_mxt_9x60_wvga/debug/_ext/1849858236/le_gen_screen_Screen0.o
                0x23f093f8                screenUpdate_Screen0
 .text.screenHide_Screen0
                0x23f09460       0xe8 build/lcdc_rgba8888_mxt_9x60_wvga/debug/_ext/1849858236/le_gen_screen_Screen0.o
                0x23f09460                screenHide_Screen0
 .text.screenInit_Screen1
                0x23f09548       0x28 build/lcdc_rgba8888_mxt_9x60_wvga/debug/_ext/1849858236/le_gen_screen_Screen1.o
                0x23f09548                screenInit_Screen1
 .text.screenShow_Screen1
                0x23f09570     0x11d8 build/lcdc_rgba8888_mxt_9x60_wvga/debug/_ext/1849858236/le_gen_screen_Screen1.o
                0x23f09570                screenShow_Screen1
 .text.screenUpdate_Screen1
                0x23f0a748       0x48 build/lcdc_rgba8888_mxt_9x60_wvga/debug/_ext/1849858236/le_gen_screen_Screen1.o
                0x23f0a748                screenUpdate_Screen1
 .text.screenHide_Screen1
                0x23f0a790      0x1ac build/lcdc_rgba8888_mxt_9x60_wvga/debug/_ext/1849858236/le_gen_screen_Screen1.o
                0x23f0a790                screenHide_Screen1
 .text.touchMoveHandler
                0x23f0a93c       0x18 build/lcdc_rgba8888_mxt_9x60_wvga/debug/_ext/1247075393/le_gen_harmony.o
 .text.touchUpHandler
                0x23f0a954       0x18 build/lcdc_rgba8888_mxt_9x60_wvga/debug/_ext/1247075393/le_gen_harmony.o
 .text.touchDownHandler
                0x23f0a96c       0x18 build/lcdc_rgba8888_mxt_9x60_wvga/debug/_ext/1247075393/le_gen_harmony.o
 .text.Legato_Initialize
                0x23f0a984       0x98 build/lcdc_rgba8888_mxt_9x60_wvga/debug/_ext/1247075393/le_gen_harmony.o
                0x23f0a984                Legato_Initialize
 .text.Legato_Tasks
                0x23f0aa1c       0x4c build/lcdc_rgba8888_mxt_9x60_wvga/debug/_ext/1247075393/le_gen_harmony.o
                0x23f0aa1c                Legato_Tasks
 .text.initializeStrings
                0x23f0aa68      0x158 build/lcdc_rgba8888_mxt_9x60_wvga/debug/_ext/1247075393/le_gen_stringtable.o
                0x23f0aa68                initializeStrings
 .text.legato_getCurrentScreen
                0x23f0abc0       0x10 build/lcdc_rgba8888_mxt_9x60_wvga/debug/_ext/1247075393/le_gen_init.o
                0x23f0abc0                legato_getCurrentScreen
 .text.legato_showScreen
                0x23f0abd0       0x1c build/lcdc_rgba8888_mxt_9x60_wvga/debug/_ext/1247075393/le_gen_init.o
                0x23f0abd0                legato_showScreen
 .text.legato_initializeScreenState
                0x23f0abec       0x44 build/lcdc_rgba8888_mxt_9x60_wvga/debug/_ext/1247075393/le_gen_init.o
                0x23f0abec                legato_initializeScreenState
 .text.legato_updateScreenState
                0x23f0ac30       0xc8 build/lcdc_rgba8888_mxt_9x60_wvga/debug/_ext/1247075393/le_gen_init.o
                0x23f0ac30                legato_updateScreenState
 .text.jpeg_idct_islow_leg
                0x23f0acf8      0x514 build/lcdc_rgba8888_mxt_9x60_wvga/debug/_ext/1797725076/jidctint.o
                0x23f0acf8                jpeg_idct_islow_leg
 .text.JPEG_wReadWord
                0x23f0b20c       0x50 build/lcdc_rgba8888_mxt_9x60_wvga/debug/_ext/1797725076/legato_imagedecoder_jpeg_common.o
 .text.JPEG_bReadByte
                0x23f0b25c       0x2c build/lcdc_rgba8888_mxt_9x60_wvga/debug/_ext/1797725076/legato_imagedecoder_jpeg_common.o
 .text.JPEG_bGet1Bit
                0x23f0b288      0x154 build/lcdc_rgba8888_mxt_9x60_wvga/debug/_ext/1797725076/legato_imagedecoder_jpeg_common.o
 .text.JPEG_wGetBits
                0x23f0b3dc       0x4c build/lcdc_rgba8888_mxt_9x60_wvga/debug/_ext/1797725076/legato_imagedecoder_jpeg_common.o
 .text.JPEG_sGetBitsValue
                0x23f0b428       0x50 build/lcdc_rgba8888_mxt_9x60_wvga/debug/_ext/1797725076/legato_imagedecoder_jpeg_common.o
 .text.JPEG_bGetNextHuffByte
                0x23f0b478       0x98 build/lcdc_rgba8888_mxt_9x60_wvga/debug/_ext/1797725076/legato_imagedecoder_jpeg_common.o
 .text.JPEG_vResetDecoder
                0x23f0b510       0x20 build/lcdc_rgba8888_mxt_9x60_wvga/debug/_ext/1797725076/legato_imagedecoder_jpeg_common.o
                0x23f0b510                JPEG_vResetDecoder
 .text.JPEG_bReadHeader
                0x23f0b530      0x7c8 build/lcdc_rgba8888_mxt_9x60_wvga/debug/_ext/1797725076/legato_imagedecoder_jpeg_common.o
                0x23f0b530                JPEG_bReadHeader
 .text.JPEG_bGenerateHuffmanTables
                0x23f0bcf8       0x90 build/lcdc_rgba8888_mxt_9x60_wvga/debug/_ext/1797725076/legato_imagedecoder_jpeg_common.o
                0x23f0bcf8                JPEG_bGenerateHuffmanTables
 .text.JPEG_bDecodeOneBlock
                0x23f0bd88      0x270 build/lcdc_rgba8888_mxt_9x60_wvga/debug/_ext/1797725076/legato_imagedecoder_jpeg_common.o
                0x23f0bd88                JPEG_bDecodeOneBlock
 .text.JPEG_vInitDisplay
                0x23f0bff8       0x10 build/lcdc_rgba8888_mxt_9x60_wvga/debug/_ext/1797725076/legato_imagedecoder_jpeg_common.o
                0x23f0bff8                JPEG_vInitDisplay
 .text.JPEG_bPaintOneBlock
                0x23f0c008      0x9c4 build/lcdc_rgba8888_mxt_9x60_wvga/debug/_ext/1797725076/legato_imagedecoder_jpeg_common.o
                0x23f0c008                JPEG_bPaintOneBlock
 .text._supportsImage
                0x23f0c9cc       0x28 build/lcdc_rgba8888_mxt_9x60_wvga/debug/_ext/1797725076/legato_imagedecoder_jpeg.o
 .text.internalMemoryRead
                0x23f0c9f4       0x48 build/lcdc_rgba8888_mxt_9x60_wvga/debug/_ext/1797725076/legato_imagedecoder_jpeg.o
 .text.exec     0x23f0ca3c        0x8 build/lcdc_rgba8888_mxt_9x60_wvga/debug/_ext/1797725076/legato_imagedecoder_jpeg.o
 .text._render  0x23f0ca44      0x1fc build/lcdc_rgba8888_mxt_9x60_wvga/debug/_ext/1797725076/legato_imagedecoder_jpeg.o
 .text._draw    0x23f0cc40      0x20c build/lcdc_rgba8888_mxt_9x60_wvga/debug/_ext/1797725076/legato_imagedecoder_jpeg.o
 .text.blitToImage
                0x23f0ce4c       0xa4 build/lcdc_rgba8888_mxt_9x60_wvga/debug/_ext/1797725076/legato_imagedecoder_jpeg.o
 .text.blitToFrameBuffer
                0x23f0cef0       0x98 build/lcdc_rgba8888_mxt_9x60_wvga/debug/_ext/1797725076/legato_imagedecoder_jpeg.o
 .text._leJPEGImageDecoder_Init
                0x23f0cf88       0x5c build/lcdc_rgba8888_mxt_9x60_wvga/debug/_ext/1797725076/legato_imagedecoder_jpeg.o
                0x23f0cf88                _leJPEGImageDecoder_Init
 .text.stage_decode
                0x23f0cfe4       0x3c build/lcdc_rgba8888_mxt_9x60_wvga/debug/_ext/1797636377/legato_imagedecoder_mono_read_internal.o
 .text._leMonoImageDecoder_ReadStage_Internal
                0x23f0d020       0x30 build/lcdc_rgba8888_mxt_9x60_wvga/debug/_ext/1797636377/legato_imagedecoder_mono_read_internal.o
                0x23f0d020                _leMonoImageDecoder_ReadStage_Internal
 .text._supportsImage
                0x23f0d050       0x14 build/lcdc_rgba8888_mxt_9x60_wvga/debug/_ext/1797636377/legato_imagedecoder_mono.o
 .text._decoderCleanup
                0x23f0d064       0x64 build/lcdc_rgba8888_mxt_9x60_wvga/debug/_ext/1797636377/legato_imagedecoder_mono.o
 .text._decoderExec
                0x23f0d0c8       0x84 build/lcdc_rgba8888_mxt_9x60_wvga/debug/_ext/1797636377/legato_imagedecoder_mono.o
 .text._decoderIsDone
                0x23f0d14c       0x10 build/lcdc_rgba8888_mxt_9x60_wvga/debug/_ext/1797636377/legato_imagedecoder_mono.o
 .text.stage_sourceIterateSetup
                0x23f0d15c       0xb4 build/lcdc_rgba8888_mxt_9x60_wvga/debug/_ext/1797636377/legato_imagedecoder_mono.o
 .text.stage_FrameBufferWrite
                0x23f0d210       0x20 build/lcdc_rgba8888_mxt_9x60_wvga/debug/_ext/1797636377/legato_imagedecoder_mono.o
 .text.stage_ImageWrite
                0x23f0d230       0x28 build/lcdc_rgba8888_mxt_9x60_wvga/debug/_ext/1797636377/legato_imagedecoder_mono.o
 .text._leMonoImageDecoder_Init
                0x23f0d258       0x84 build/lcdc_rgba8888_mxt_9x60_wvga/debug/_ext/1797636377/legato_imagedecoder_mono.o
                0x23f0d258                _leMonoImageDecoder_Init
 .text._leMonoImageDecoder_InjectStage
                0x23f0d2dc       0x38 build/lcdc_rgba8888_mxt_9x60_wvga/debug/_ext/1797636377/legato_imagedecoder_mono.o
                0x23f0d2dc                _leMonoImageDecoder_InjectStage
 .text._leMonoImageDecoder_SourceIterateSetupStage
                0x23f0d314       0x38 build/lcdc_rgba8888_mxt_9x60_wvga/debug/_ext/1797636377/legato_imagedecoder_mono.o
                0x23f0d314                _leMonoImageDecoder_SourceIterateSetupStage
 .text._leMonoImageDecoder_FrameBufferWriteStage
                0x23f0d34c       0x30 build/lcdc_rgba8888_mxt_9x60_wvga/debug/_ext/1797636377/legato_imagedecoder_mono.o
                0x23f0d34c                _leMonoImageDecoder_FrameBufferWriteStage
 .text._draw    0x23f0d37c      0x154 build/lcdc_rgba8888_mxt_9x60_wvga/debug/_ext/1797636377/legato_imagedecoder_mono.o
 .text._leMonoImageDecoder_ImageWriteStage
                0x23f0d4d0       0x30 build/lcdc_rgba8888_mxt_9x60_wvga/debug/_ext/1797636377/legato_imagedecoder_mono.o
                0x23f0d4d0                _leMonoImageDecoder_ImageWriteStage
 .text._copy    0x23f0d500      0x190 build/lcdc_rgba8888_mxt_9x60_wvga/debug/_ext/1797636377/legato_imagedecoder_mono.o
 .text._supportsImage
                0x23f0d690       0x28 build/lcdc_rgba8888_mxt_9x60_wvga/debug/_ext/1881677221/legato_imagedecoder_png.o
 .text._decoderCleanup
                0x23f0d6b8        0x4 build/lcdc_rgba8888_mxt_9x60_wvga/debug/_ext/1881677221/legato_imagedecoder_png.o
 .text._decoderExec
                0x23f0d6bc        0x8 build/lcdc_rgba8888_mxt_9x60_wvga/debug/_ext/1881677221/legato_imagedecoder_png.o
 .text._decoderIsDone
                0x23f0d6c4        0x8 build/lcdc_rgba8888_mxt_9x60_wvga/debug/_ext/1881677221/legato_imagedecoder_png.o
 .text._render  0x23f0d6cc       0xf4 build/lcdc_rgba8888_mxt_9x60_wvga/debug/_ext/1881677221/legato_imagedecoder_png.o
 .text._draw    0x23f0d7c0      0x1f0 build/lcdc_rgba8888_mxt_9x60_wvga/debug/_ext/1881677221/legato_imagedecoder_png.o
 .text._lePNGImageDecoder_Init
                0x23f0d9b0       0x6c build/lcdc_rgba8888_mxt_9x60_wvga/debug/_ext/1881677221/legato_imagedecoder_png.o
                0x23f0d9b0                _lePNGImageDecoder_Init
 .text.readBitsFromStream
                0x23f0da1c       0x50 build/lcdc_rgba8888_mxt_9x60_wvga/debug/_ext/1881677221/lodepng.o
 .text.huffmanDecodeSymbol
                0x23f0da6c       0x64 build/lcdc_rgba8888_mxt_9x60_wvga/debug/_ext/1881677221/lodepng.o
 .text.readBitFromReversedStream
                0x23f0dad0       0x24 build/lcdc_rgba8888_mxt_9x60_wvga/debug/_ext/1881677221/lodepng.o
 .text.readBitsFromReversedStream
                0x23f0daf4       0x48 build/lcdc_rgba8888_mxt_9x60_wvga/debug/_ext/1881677221/lodepng.o
 .text.getNumColorChannels
                0x23f0db3c       0x50 build/lcdc_rgba8888_mxt_9x60_wvga/debug/_ext/1881677221/lodepng.o
 .text.lodepng_color_mode_equal
                0x23f0db8c      0x120 build/lcdc_rgba8888_mxt_9x60_wvga/debug/_ext/1881677221/lodepng.o
 .text.addColorBits
                0x23f0dcac       0x50 build/lcdc_rgba8888_mxt_9x60_wvga/debug/_ext/1881677221/lodepng.o
 .text.getPixelColorsRGBA8
                0x23f0dcfc      0x51c build/lcdc_rgba8888_mxt_9x60_wvga/debug/_ext/1881677221/lodepng.o
 .text.Adam7_getpassvalues
                0x23f0e218      0x18c build/lcdc_rgba8888_mxt_9x60_wvga/debug/_ext/1881677221/lodepng.o
 .text.unfilter
                0x23f0e3a4      0x424 build/lcdc_rgba8888_mxt_9x60_wvga/debug/_ext/1881677221/lodepng.o
 .text.removePaddingBits
                0x23f0e7c8       0xa4 build/lcdc_rgba8888_mxt_9x60_wvga/debug/_ext/1881677221/lodepng.o
 .text.ucvector_reserve
                0x23f0e86c       0x58 build/lcdc_rgba8888_mxt_9x60_wvga/debug/_ext/1881677221/lodepng.o
 .text.ucvector_resize
                0x23f0e8c4       0x20 build/lcdc_rgba8888_mxt_9x60_wvga/debug/_ext/1881677221/lodepng.o
 .text.ucvector_push_back
                0x23f0e8e4       0x34 build/lcdc_rgba8888_mxt_9x60_wvga/debug/_ext/1881677221/lodepng.o
 .text.color_tree_cleanup
                0x23f0e918       0x34 build/lcdc_rgba8888_mxt_9x60_wvga/debug/_ext/1881677221/lodepng.o
 .text.LodePNGIText_cleanup
                0x23f0e94c       0x90 build/lcdc_rgba8888_mxt_9x60_wvga/debug/_ext/1881677221/lodepng.o
 .text.LodePNGText_cleanup
                0x23f0e9dc       0x60 build/lcdc_rgba8888_mxt_9x60_wvga/debug/_ext/1881677221/lodepng.o
 .text.HuffmanTree_cleanup
                0x23f0ea3c       0x24 build/lcdc_rgba8888_mxt_9x60_wvga/debug/_ext/1881677221/lodepng.o
 .text.string_set
                0x23f0ea60       0x68 build/lcdc_rgba8888_mxt_9x60_wvga/debug/_ext/1881677221/lodepng.o
 .text.string_init
                0x23f0eac8       0x2c build/lcdc_rgba8888_mxt_9x60_wvga/debug/_ext/1881677221/lodepng.o
 .text.uivector_reserve
                0x23f0eaf4       0x58 build/lcdc_rgba8888_mxt_9x60_wvga/debug/_ext/1881677221/lodepng.o
 .text.HuffmanTree_makeFromLengths
                0x23f0eb4c      0x424 build/lcdc_rgba8888_mxt_9x60_wvga/debug/_ext/1881677221/lodepng.o
 .text.lodepng_read32bitInt
                0x23f0ef70       0x24 build/lcdc_rgba8888_mxt_9x60_wvga/debug/_ext/1881677221/lodepng.o
                0x23f0ef70                lodepng_read32bitInt
 .text.lodepng_inflate
                0x23f0ef94      0x998 build/lcdc_rgba8888_mxt_9x60_wvga/debug/_ext/1881677221/lodepng.o
                0x23f0ef94                lodepng_inflate
 .text.lodepng_zlib_decompress
                0x23f0f92c      0x198 build/lcdc_rgba8888_mxt_9x60_wvga/debug/_ext/1881677221/lodepng.o
                0x23f0f92c                lodepng_zlib_decompress
 .text.zlib_decompress
                0x23f0fac4       0x34 build/lcdc_rgba8888_mxt_9x60_wvga/debug/_ext/1881677221/lodepng.o
 .text.lodepng_crc32
                0x23f0faf8       0x4c build/lcdc_rgba8888_mxt_9x60_wvga/debug/_ext/1881677221/lodepng.o
                0x23f0faf8                lodepng_crc32
 .text.lodepng_chunk_type_equals
                0x23f0fb44       0x80 build/lcdc_rgba8888_mxt_9x60_wvga/debug/_ext/1881677221/lodepng.o
                0x23f0fb44                lodepng_chunk_type_equals
 .text.lodepng_chunk_check_crc
                0x23f0fbc4       0x38 build/lcdc_rgba8888_mxt_9x60_wvga/debug/_ext/1881677221/lodepng.o
                0x23f0fbc4                lodepng_chunk_check_crc
 .text.lodepng_chunk_next_const
                0x23f0fbfc       0x18 build/lcdc_rgba8888_mxt_9x60_wvga/debug/_ext/1881677221/lodepng.o
                0x23f0fbfc                lodepng_chunk_next_const
 .text.lodepng_chunk_append
                0x23f0fc14       0xa4 build/lcdc_rgba8888_mxt_9x60_wvga/debug/_ext/1881677221/lodepng.o
                0x23f0fc14                lodepng_chunk_append
 .text.lodepng_color_mode_init
                0x23f0fcb8       0x30 build/lcdc_rgba8888_mxt_9x60_wvga/debug/_ext/1881677221/lodepng.o
                0x23f0fcb8                lodepng_color_mode_init
 .text.lodepng_palette_clear
                0x23f0fce8       0x28 build/lcdc_rgba8888_mxt_9x60_wvga/debug/_ext/1881677221/lodepng.o
                0x23f0fce8                lodepng_palette_clear
 .text.lodepng_color_mode_copy
                0x23f0fd10       0x98 build/lcdc_rgba8888_mxt_9x60_wvga/debug/_ext/1881677221/lodepng.o
                0x23f0fd10                lodepng_color_mode_copy
 .text.lodepng_get_bpp
                0x23f0fda8       0x1c build/lcdc_rgba8888_mxt_9x60_wvga/debug/_ext/1881677221/lodepng.o
                0x23f0fda8                lodepng_get_bpp
 .text.lodepng_get_raw_size_idat
                0x23f0fdc4       0x34 build/lcdc_rgba8888_mxt_9x60_wvga/debug/_ext/1881677221/lodepng.o
 .text.lodepng_get_raw_size
                0x23f0fdf8       0x38 build/lcdc_rgba8888_mxt_9x60_wvga/debug/_ext/1881677221/lodepng.o
                0x23f0fdf8                lodepng_get_raw_size
 .text.lodepng_add_text
                0x23f0fe30       0xcc build/lcdc_rgba8888_mxt_9x60_wvga/debug/_ext/1881677221/lodepng.o
                0x23f0fe30                lodepng_add_text
 .text.lodepng_add_itext
                0x23f0fefc      0x17c build/lcdc_rgba8888_mxt_9x60_wvga/debug/_ext/1881677221/lodepng.o
                0x23f0fefc                lodepng_add_itext
 .text.lodepng_info_init
                0x23f10078       0x74 build/lcdc_rgba8888_mxt_9x60_wvga/debug/_ext/1881677221/lodepng.o
                0x23f10078                lodepng_info_init
 .text.lodepng_info_cleanup
                0x23f100ec       0x3c build/lcdc_rgba8888_mxt_9x60_wvga/debug/_ext/1881677221/lodepng.o
                0x23f100ec                lodepng_info_cleanup
 .text.lodepng_convert
                0x23f10128      0xbb8 build/lcdc_rgba8888_mxt_9x60_wvga/debug/_ext/1881677221/lodepng.o
                0x23f10128                lodepng_convert
 .text.lodepng_inspect
                0x23f10ce0      0x290 build/lcdc_rgba8888_mxt_9x60_wvga/debug/_ext/1881677221/lodepng.o
                0x23f10ce0                lodepng_inspect
 .text.lodepng_decode
                0x23f10f70     0x1740 build/lcdc_rgba8888_mxt_9x60_wvga/debug/_ext/1881677221/lodepng.o
                0x23f10f70                lodepng_decode
 .text.lodepng_decoder_settings_init
                0x23f126b0       0x2c build/lcdc_rgba8888_mxt_9x60_wvga/debug/_ext/1881677221/lodepng.o
                0x23f126b0                lodepng_decoder_settings_init
 .text.lodepng_state_init
                0x23f126dc       0x28 build/lcdc_rgba8888_mxt_9x60_wvga/debug/_ext/1881677221/lodepng.o
                0x23f126dc                lodepng_state_init
 .text.lodepng_state_cleanup
                0x23f12704       0x1c build/lcdc_rgba8888_mxt_9x60_wvga/debug/_ext/1881677221/lodepng.o
                0x23f12704                lodepng_state_cleanup
 .text.lodepng_decode_memory
                0x23f12720       0x68 build/lcdc_rgba8888_mxt_9x60_wvga/debug/_ext/1881677221/lodepng.o
                0x23f12720                lodepng_decode_memory
 .text.stage_sourceIterateSetup
                0x23f12788       0xb4 build/lcdc_rgba8888_mxt_9x60_wvga/debug/_ext/1881678756/legato_imagedecoder_raw_setup.o
 .text.stage_targetIterateSetup
                0x23f1283c       0x94 build/lcdc_rgba8888_mxt_9x60_wvga/debug/_ext/1881678756/legato_imagedecoder_raw_setup.o
 .text._leRawImageDecoder_SourceIterateSetupStage
                0x23f128d0       0x38 build/lcdc_rgba8888_mxt_9x60_wvga/debug/_ext/1881678756/legato_imagedecoder_raw_setup.o
                0x23f128d0                _leRawImageDecoder_SourceIterateSetupStage
 .text._leRawImageDecoder_TargetIterateSetupStage
                0x23f12908       0x38 build/lcdc_rgba8888_mxt_9x60_wvga/debug/_ext/1881678756/legato_imagedecoder_raw_setup.o
                0x23f12908                _leRawImageDecoder_TargetIterateSetupStage
 .text.stage_postRead
                0x23f12940       0x14 build/lcdc_rgba8888_mxt_9x60_wvga/debug/_ext/1881678756/legato_imagedecoder_raw_scale.o
 .text.stage_scaledNearestNeighborPreRead
                0x23f12954       0xc4 build/lcdc_rgba8888_mxt_9x60_wvga/debug/_ext/1881678756/legato_imagedecoder_raw_scale.o
 .text.stage_bilinearPreRead
                0x23f12a18      0x164 build/lcdc_rgba8888_mxt_9x60_wvga/debug/_ext/1881678756/legato_imagedecoder_raw_scale.o
 .text.stage_scaledBilinearPostRead
                0x23f12b7c       0x8c build/lcdc_rgba8888_mxt_9x60_wvga/debug/_ext/1881678756/legato_imagedecoder_raw_scale.o
 .text._leRawImageDecoder_ScaleNearestNeighborPreReadStage
                0x23f12c08       0x6c build/lcdc_rgba8888_mxt_9x60_wvga/debug/_ext/1881678756/legato_imagedecoder_raw_scale.o
                0x23f12c08                _leRawImageDecoder_ScaleNearestNeighborPreReadStage
 .text._leRawImageDecoder_ScaleBilinearPreReadStage
                0x23f12c74       0x74 build/lcdc_rgba8888_mxt_9x60_wvga/debug/_ext/1881678756/legato_imagedecoder_raw_scale.o
                0x23f12c74                _leRawImageDecoder_ScaleBilinearPreReadStage
 .text._leRawImageDecoder_PostReadStage
                0x23f12ce8       0x30 build/lcdc_rgba8888_mxt_9x60_wvga/debug/_ext/1881678756/legato_imagedecoder_raw_scale.o
                0x23f12ce8                _leRawImageDecoder_PostReadStage
 .text._leRawImageDecoder_ScaleBilinearPostReadStage
                0x23f12d18       0x30 build/lcdc_rgba8888_mxt_9x60_wvga/debug/_ext/1881678756/legato_imagedecoder_raw_scale.o
                0x23f12d18                _leRawImageDecoder_ScaleBilinearPostReadStage
 .text.stage_rotateNearestNeighborPreRead
                0x23f12d48      0x120 build/lcdc_rgba8888_mxt_9x60_wvga/debug/_ext/1881678756/legato_imagedecoder_raw_rotate.o
 .text.stage_bilinearPreRead
                0x23f12e68      0x20c build/lcdc_rgba8888_mxt_9x60_wvga/debug/_ext/1881678756/legato_imagedecoder_raw_rotate.o
 .text.stage_rotateBilinearPostRead
                0x23f13074       0x60 build/lcdc_rgba8888_mxt_9x60_wvga/debug/_ext/1881678756/legato_imagedecoder_raw_rotate.o
 .text._leRawImageDecoder_RotateNearestNeighborPreReadStage
                0x23f130d4       0x30 build/lcdc_rgba8888_mxt_9x60_wvga/debug/_ext/1881678756/legato_imagedecoder_raw_rotate.o
                0x23f130d4                _leRawImageDecoder_RotateNearestNeighborPreReadStage
 .text._leRawImageDecoder_RotateBilinearPreReadStage
                0x23f13104       0x38 build/lcdc_rgba8888_mxt_9x60_wvga/debug/_ext/1881678756/legato_imagedecoder_raw_rotate.o
                0x23f13104                _leRawImageDecoder_RotateBilinearPreReadStage
 .text._leRawImageDecoder_RotateBilinearPostReadStage
                0x23f1313c       0x30 build/lcdc_rgba8888_mxt_9x60_wvga/debug/_ext/1881678756/legato_imagedecoder_raw_rotate.o
                0x23f1313c                _leRawImageDecoder_RotateBilinearPostReadStage
 .text.stage_FrameBufferWrite
                0x23f1316c       0x24 build/lcdc_rgba8888_mxt_9x60_wvga/debug/_ext/1881678756/legato_imagedecoder_raw_write.o
 .text.stage_ImageWrite
                0x23f13190       0x28 build/lcdc_rgba8888_mxt_9x60_wvga/debug/_ext/1881678756/legato_imagedecoder_raw_write.o
 .text._leRawImageDecoder_FrameBufferWriteStage
                0x23f131b8       0x30 build/lcdc_rgba8888_mxt_9x60_wvga/debug/_ext/1881678756/legato_imagedecoder_raw_write.o
                0x23f131b8                _leRawImageDecoder_FrameBufferWriteStage
 .text._leRawImageDecoder_ImageWriteStage
                0x23f131e8       0x30 build/lcdc_rgba8888_mxt_9x60_wvga/debug/_ext/1881678756/legato_imagedecoder_raw_write.o
                0x23f131e8                _leRawImageDecoder_ImageWriteStage
 .text.stage_imageRenderPostLookup
                0x23f13218       0x48 build/lcdc_rgba8888_mxt_9x60_wvga/debug/_ext/1881678756/legato_imagedecoder_raw_palette_internal.o
 .text.stage_lookup
                0x23f13260       0x40 build/lcdc_rgba8888_mxt_9x60_wvga/debug/_ext/1881678756/legato_imagedecoder_raw_palette_internal.o
 .text._leRawImageDecoder_LookupStage_Internal
                0x23f132a0       0x50 build/lcdc_rgba8888_mxt_9x60_wvga/debug/_ext/1881678756/legato_imagedecoder_raw_palette_internal.o
                0x23f132a0                _leRawImageDecoder_LookupStage_Internal
 .text._leRawImageDecoder_ImageRenderPostLookupStage
                0x23f132f0       0x38 build/lcdc_rgba8888_mxt_9x60_wvga/debug/_ext/1881678756/legato_imagedecoder_raw_palette_internal.o
                0x23f132f0                _leRawImageDecoder_ImageRenderPostLookupStage
 .text.stage_convertColor
                0x23f13328       0x2c build/lcdc_rgba8888_mxt_9x60_wvga/debug/_ext/1881678756/legato_imagedecoder_raw_convert.o
 .text._leRawImageDecoder_ConvertStage
                0x23f13354       0x90 build/lcdc_rgba8888_mxt_9x60_wvga/debug/_ext/1881678756/legato_imagedecoder_raw_convert.o
                0x23f13354                _leRawImageDecoder_ConvertStage
 .text._supportsImage
                0x23f133e4       0x14 build/lcdc_rgba8888_mxt_9x60_wvga/debug/_ext/1881678756/legato_imagedecoder_raw.o
 .text._decoderCleanup
                0x23f133f8       0x64 build/lcdc_rgba8888_mxt_9x60_wvga/debug/_ext/1881678756/legato_imagedecoder_raw.o
 .text._decoderExec
                0x23f1345c       0x84 build/lcdc_rgba8888_mxt_9x60_wvga/debug/_ext/1881678756/legato_imagedecoder_raw.o
 .text._decoderIsDone
                0x23f134e0       0x10 build/lcdc_rgba8888_mxt_9x60_wvga/debug/_ext/1881678756/legato_imagedecoder_raw.o
 .text._initReadStage
                0x23f134f0       0x1c build/lcdc_rgba8888_mxt_9x60_wvga/debug/_ext/1881678756/legato_imagedecoder_raw.o
 .text._initMaskStage
                0x23f1350c       0x24 build/lcdc_rgba8888_mxt_9x60_wvga/debug/_ext/1881678756/legato_imagedecoder_raw.o
 .text._initBlendStage
                0x23f13530       0x44 build/lcdc_rgba8888_mxt_9x60_wvga/debug/_ext/1881678756/legato_imagedecoder_raw.o
 .text._initConvertStage
                0x23f13574       0x4c build/lcdc_rgba8888_mxt_9x60_wvga/debug/_ext/1881678756/legato_imagedecoder_raw.o
 .text._rotateDraw
                0x23f135c0      0x2b0 build/lcdc_rgba8888_mxt_9x60_wvga/debug/_ext/1881678756/legato_imagedecoder_raw.o
 .text._rotate  0x23f13870      0x2f4 build/lcdc_rgba8888_mxt_9x60_wvga/debug/_ext/1881678756/legato_imagedecoder_raw.o
 .text._resizeDraw
                0x23f13b64      0x294 build/lcdc_rgba8888_mxt_9x60_wvga/debug/_ext/1881678756/legato_imagedecoder_raw.o
 .text._resize  0x23f13df8      0x238 build/lcdc_rgba8888_mxt_9x60_wvga/debug/_ext/1881678756/legato_imagedecoder_raw.o
 .text._copy    0x23f14030      0x1b8 build/lcdc_rgba8888_mxt_9x60_wvga/debug/_ext/1881678756/legato_imagedecoder_raw.o
 .text._initLookupStage
                0x23f141e8       0x4c build/lcdc_rgba8888_mxt_9x60_wvga/debug/_ext/1881678756/legato_imagedecoder_raw.o
 .text._render  0x23f14234      0x260 build/lcdc_rgba8888_mxt_9x60_wvga/debug/_ext/1881678756/legato_imagedecoder_raw.o
 .text._draw    0x23f14494      0x2f4 build/lcdc_rgba8888_mxt_9x60_wvga/debug/_ext/1881678756/legato_imagedecoder_raw.o
 .text._leRawImageDecoder_Init
                0x23f14788       0xa8 build/lcdc_rgba8888_mxt_9x60_wvga/debug/_ext/1881678756/legato_imagedecoder_raw.o
                0x23f14788                _leRawImageDecoder_Init
 .text._leRawImageDecoder_InjectStage
                0x23f14830       0x38 build/lcdc_rgba8888_mxt_9x60_wvga/debug/_ext/1881678756/legato_imagedecoder_raw.o
                0x23f14830                _leRawImageDecoder_InjectStage
 .text.stage_rejectMaskedColor
                0x23f14868       0x24 build/lcdc_rgba8888_mxt_9x60_wvga/debug/_ext/1881678756/legato_imagedecoder_raw_mask.o
 .text._leRawImageDecoder_MaskStage_Internal
                0x23f1488c       0x2c build/lcdc_rgba8888_mxt_9x60_wvga/debug/_ext/1881678756/legato_imagedecoder_raw_mask.o
                0x23f1488c                _leRawImageDecoder_MaskStage_Internal
 .text.stage_BlendRGBA5551
                0x23f148b8       0x1c build/lcdc_rgba8888_mxt_9x60_wvga/debug/_ext/1881678756/legato_imagedecoder_raw_blend.o
 .text.stage_BlendARGB8888
                0x23f148d4       0x70 build/lcdc_rgba8888_mxt_9x60_wvga/debug/_ext/1881678756/legato_imagedecoder_raw_blend.o
 .text.stage_BlendRGBA8888
                0x23f14944       0x70 build/lcdc_rgba8888_mxt_9x60_wvga/debug/_ext/1881678756/legato_imagedecoder_raw_blend.o
 .text._leRawImageDecoder_BlendStage_Internal
                0x23f149b4       0xa0 build/lcdc_rgba8888_mxt_9x60_wvga/debug/_ext/1881678756/legato_imagedecoder_raw_blend.o
                0x23f149b4                _leRawImageDecoder_BlendStage_Internal
 .text.stage_decode
                0x23f14a54       0x74 build/lcdc_rgba8888_mxt_9x60_wvga/debug/_ext/1881678756/legato_imagedecoder_raw_read_internal.o
 .text.rleRandomDecode
                0x23f14ac8       0x54 build/lcdc_rgba8888_mxt_9x60_wvga/debug/_ext/1881678756/legato_imagedecoder_raw_read_internal.o
 .text.rleSequentialDecode
                0x23f14b1c       0x48 build/lcdc_rgba8888_mxt_9x60_wvga/debug/_ext/1881678756/legato_imagedecoder_raw_read_internal.o
 .text.colorDecode
                0x23f14b64       0x34 build/lcdc_rgba8888_mxt_9x60_wvga/debug/_ext/1881678756/legato_imagedecoder_raw_read_internal.o
 .text.indexRLERandomDecode
                0x23f14b98       0x80 build/lcdc_rgba8888_mxt_9x60_wvga/debug/_ext/1881678756/legato_imagedecoder_raw_read_internal.o
 .text.indexRLESequentialDecode
                0x23f14c18       0x74 build/lcdc_rgba8888_mxt_9x60_wvga/debug/_ext/1881678756/legato_imagedecoder_raw_read_internal.o
 .text.indexDecode
                0x23f14c8c       0x30 build/lcdc_rgba8888_mxt_9x60_wvga/debug/_ext/1881678756/legato_imagedecoder_raw_read_internal.o
 .text._leRawImageDecoder_ReadStage_Internal
                0x23f14cbc      0x100 build/lcdc_rgba8888_mxt_9x60_wvga/debug/_ext/1881678756/legato_imagedecoder_raw_read_internal.o
                0x23f14cbc                _leRawImageDecoder_ReadStage_Internal
 .text.leImage_InitDecoders
                0x23f14dbc       0x30 build/lcdc_rgba8888_mxt_9x60_wvga/debug/_ext/927452043/legato_image.o
                0x23f14dbc                leImage_InitDecoders
 .text.leImage_Create
                0x23f14dec       0x94 build/lcdc_rgba8888_mxt_9x60_wvga/debug/_ext/927452043/legato_image.o
                0x23f14dec                leImage_Create
 .text.leImage_Allocate
                0x23f14e80       0xb4 build/lcdc_rgba8888_mxt_9x60_wvga/debug/_ext/927452043/legato_image.o
                0x23f14e80                leImage_Allocate
 .text.leImage_Draw
                0x23f14f34       0xd4 build/lcdc_rgba8888_mxt_9x60_wvga/debug/_ext/927452043/legato_image.o
                0x23f14f34                leImage_Draw
 .text.getDiscreteValueAtIndex1
                0x23f15008       0x18 build/lcdc_rgba8888_mxt_9x60_wvga/debug/_ext/927452043/legato_image_utils.o
 .text.getDiscreteValueAtIndex4
                0x23f15020       0x10 build/lcdc_rgba8888_mxt_9x60_wvga/debug/_ext/927452043/legato_image_utils.o
 .text.getDiscreteValueAtIndex8
                0x23f15030        0x8 build/lcdc_rgba8888_mxt_9x60_wvga/debug/_ext/927452043/legato_image_utils.o
 .text.calcOffset1bpp
                0x23f15038        0x8 build/lcdc_rgba8888_mxt_9x60_wvga/debug/_ext/927452043/legato_image_utils.o
 .text.calcOffset4bpp
                0x23f15040        0x8 build/lcdc_rgba8888_mxt_9x60_wvga/debug/_ext/927452043/legato_image_utils.o
 .text.calcOffset8bpp
                0x23f15048        0x4 build/lcdc_rgba8888_mxt_9x60_wvga/debug/_ext/927452043/legato_image_utils.o
 .text.calcOffset16bpp
                0x23f1504c        0x8 build/lcdc_rgba8888_mxt_9x60_wvga/debug/_ext/927452043/legato_image_utils.o
 .text.calcOffset24bpp
                0x23f15054        0x8 build/lcdc_rgba8888_mxt_9x60_wvga/debug/_ext/927452043/legato_image_utils.o
 .text.calcOffset32bpp
                0x23f1505c        0x8 build/lcdc_rgba8888_mxt_9x60_wvga/debug/_ext/927452043/legato_image_utils.o
 .text.leGetRLEDataAtIndex
                0x23f15064       0xd8 build/lcdc_rgba8888_mxt_9x60_wvga/debug/_ext/927452043/legato_image_utils.o
                0x23f15064                leGetRLEDataAtIndex
 .text.leGetDiscreteValueAtIndex
                0x23f1513c       0x18 build/lcdc_rgba8888_mxt_9x60_wvga/debug/_ext/927452043/legato_image_utils.o
                0x23f1513c                leGetDiscreteValueAtIndex
 .text.leGetOffsetFromIndexAndBPP
                0x23f15154       0x18 build/lcdc_rgba8888_mxt_9x60_wvga/debug/_ext/927452043/legato_image_utils.o
                0x23f15154                leGetOffsetFromIndexAndBPP
 .text._fixedHeapAlloc
                0x23f1516c       0x60 build/lcdc_rgba8888_mxt_9x60_wvga/debug/_ext/1206263599/legato_memory.o
 .text._findFixedHeapForPointer
                0x23f151cc       0x5c build/lcdc_rgba8888_mxt_9x60_wvga/debug/_ext/1206263599/legato_memory.o
 .text.leMemory_Init
                0x23f15228       0xb0 build/lcdc_rgba8888_mxt_9x60_wvga/debug/_ext/1206263599/legato_memory.o
                0x23f15228                leMemory_Init
 .text.leMalloc
                0x23f152d8       0x28 build/lcdc_rgba8888_mxt_9x60_wvga/debug/_ext/1206263599/legato_memory.o
                0x23f152d8                leMalloc
 .text.leFree   0x23f15300       0x6c build/lcdc_rgba8888_mxt_9x60_wvga/debug/_ext/1206263599/legato_memory.o
                0x23f15300                leFree
 .text.leRealloc
                0x23f1536c      0x25c build/lcdc_rgba8888_mxt_9x60_wvga/debug/_ext/1206263599/legato_memory.o
                0x23f1536c                leRealloc
 .text._insertIntoList
                0x23f155c8       0x84 build/lcdc_rgba8888_mxt_9x60_wvga/debug/_ext/1206263599/legato_variableheap.o
 .text._removeFromList
                0x23f1564c       0x38 build/lcdc_rgba8888_mxt_9x60_wvga/debug/_ext/1206263599/legato_variableheap.o
 .text._findPreviousBlock
                0x23f15684       0xa0 build/lcdc_rgba8888_mxt_9x60_wvga/debug/_ext/1206263599/legato_variableheap.o
 .text._findNextBlock
                0x23f15724       0x74 build/lcdc_rgba8888_mxt_9x60_wvga/debug/_ext/1206263599/legato_variableheap.o
 .text._canSplit
                0x23f15798       0x3c build/lcdc_rgba8888_mxt_9x60_wvga/debug/_ext/1206263599/legato_variableheap.o
 .text._combineFreeBlockNext
                0x23f157d4       0x7c build/lcdc_rgba8888_mxt_9x60_wvga/debug/_ext/1206263599/legato_variableheap.o
 .text._growAllocBlock
                0x23f15850      0x104 build/lcdc_rgba8888_mxt_9x60_wvga/debug/_ext/1206263599/legato_variableheap.o
 .text.leVariableHeap_Init
                0x23f15954       0x58 build/lcdc_rgba8888_mxt_9x60_wvga/debug/_ext/1206263599/legato_variableheap.o
                0x23f15954                leVariableHeap_Init
 .text.leVariableHeap_Alloc
                0x23f159ac      0x130 build/lcdc_rgba8888_mxt_9x60_wvga/debug/_ext/1206263599/legato_variableheap.o
                0x23f159ac                leVariableHeap_Alloc
 .text.leVariableHeap_Free
                0x23f15adc       0xd8 build/lcdc_rgba8888_mxt_9x60_wvga/debug/_ext/1206263599/legato_variableheap.o
                0x23f15adc                leVariableHeap_Free
 .text.leVariableHeap_Realloc
                0x23f15bb4      0x2a0 build/lcdc_rgba8888_mxt_9x60_wvga/debug/_ext/1206263599/legato_variableheap.o
                0x23f15bb4                leVariableHeap_Realloc
 .text.leVariableHeap_Contains
                0x23f15e54       0x20 build/lcdc_rgba8888_mxt_9x60_wvga/debug/_ext/1206263599/legato_variableheap.o
                0x23f15e54                leVariableHeap_Contains
 .text.leVariableHeap_SizeOf
                0x23f15e74        0x8 build/lcdc_rgba8888_mxt_9x60_wvga/debug/_ext/1206263599/legato_variableheap.o
                0x23f15e74                leVariableHeap_SizeOf
 .text.leVariableHeap_Validate
                0x23f15e7c        0x8 build/lcdc_rgba8888_mxt_9x60_wvga/debug/_ext/1206263599/legato_variableheap.o
                0x23f15e7c                leVariableHeap_Validate
 .text.leFixedHeap_Init
                0x23f15e84       0xb0 build/lcdc_rgba8888_mxt_9x60_wvga/debug/_ext/1206263599/legato_fixedheap.o
                0x23f15e84                leFixedHeap_Init
 .text.leFixedHeap_Alloc
                0x23f15f34       0x48 build/lcdc_rgba8888_mxt_9x60_wvga/debug/_ext/1206263599/legato_fixedheap.o
                0x23f15f34                leFixedHeap_Alloc
 .text.leFixedHeap_Free
                0x23f15f7c       0x1c build/lcdc_rgba8888_mxt_9x60_wvga/debug/_ext/1206263599/legato_fixedheap.o
                0x23f15f7c                leFixedHeap_Free
 .text.leFixedHeap_Contains
                0x23f15f98       0x60 build/lcdc_rgba8888_mxt_9x60_wvga/debug/_ext/1206263599/legato_fixedheap.o
                0x23f15f98                leFixedHeap_Contains
 .text._convertColorMode
                0x23f15ff8        0xc build/lcdc_rgba8888_mxt_9x60_wvga/debug/_ext/564048019/legato_gpu.o
 .text.leGPU_DrawLine
                0x23f16004      0x1e4 build/lcdc_rgba8888_mxt_9x60_wvga/debug/_ext/564048019/legato_gpu.o
                0x23f16004                leGPU_DrawLine
 .text.leGPU_ClearBuffer
                0x23f161e8       0xa4 build/lcdc_rgba8888_mxt_9x60_wvga/debug/_ext/564048019/legato_gpu.o
                0x23f161e8                leGPU_ClearBuffer
 .text.leGPU_FillRect
                0x23f1628c      0x178 build/lcdc_rgba8888_mxt_9x60_wvga/debug/_ext/564048019/legato_gpu.o
                0x23f1628c                leGPU_FillRect
 .text.leGPU_BlitBuffer